10-23 09:09:50.659 12682 12682 D ActivityThread: BDC-Calling finishReceiver: IIntentReceiver=ac990ef
10-23 09:09:50.670  1091  1163 V ActivityManager: Broadcast sticky: Intent { act=android.net.conn.DATA_ACTIVITY_CHANGE_CT flg=0x10 (has extras) } ordered=false userid=-1 callerApp=ProcessRecord{80e9be 1091:system/1000}
10-23 09:09:51.023  1091  1174 D DisplayPowerController: requestPowerState: policy=DIM, useProximitySensor=false, screenBrightness=102, screenAutoBrightnessAdjustment=0.0, brightnessSetByUser=true, useAutoBrightness=false, blockScreenOn=false, lowPowerMode=false, boostScreenBrightness=false, dozeScreenBrightness=-1, dozeScreenState=UNKNOWN, useTwilight=false,autoModeScreenBrightness=255,autoModeManualOp=false, waitForNegativeProximity=false, changed=true
10-23 09:09:51.023  1091  1174 D DisplayPowerController: updatePowerState: policy=DIM, useProximitySensor=false, screenBrightness=102, screenAutoBrightnessAdjustment=0.0, brightnessSetByUser=true, useAutoBrightness=false, blockScreenOn=false, lowPowerMode=false, boostScreenBrightness=false, dozeScreenBrightness=-1, dozeScreenState=UNKNOWN, useTwilight=false,autoModeScreenBrightness=255,autoModeManualOp=false, mWaitingForNegativeProximity=false, autoBrightnessAdjustmentChanged=false, mustNotify=true
10-23 09:09:51.023  1091  1174 D DisplayPowerController: ABC configure: enabledInDoze=false, lowDimmingProtectionEnabled=false, adjustment=0.0, state=2, brightness=-1
10-23 09:09:51.023  1091  1174 D DisplayPowerController: Animating brightness: target=10, rate=200
10-23 09:09:51.023  1091  1174 D DisplayPowerController: Unfinished business...
10-23 09:09:51.023  1091  1174 D DisplayPowerController: Display ready!
10-23 09:09:51.024  1091  1174 D DisplayPowerController: requestPowerState: policy=DIM, useProximitySensor=false, screenBrightness=102, screenAutoBrightnessAdjustment=0.0, brightnessSetByUser=true, useAutoBrightness=false, blockScreenOn=false, lowPowerMode=false, boostScreenBrightness=false, dozeScreenBrightness=-1, dozeScreenState=UNKNOWN, useTwilight=false,autoModeScreenBrightness=255,autoModeManualOp=false, waitForNegativeProximity=false, changed=false
10-23 09:09:51.029  1091  1527 D DisplayManagerService: Update global display state (ON, 101) for DisplayDeviceInfo{"Integrierter Bildschirm": uniqueId="local:0", 1080 x 1920, modeId 1, defaultModeId 1, supportedModes [{id=1, width=1080, height=1920, fps=62.370003}], colorTransformId 1, defaultColorTransformId 1, supportedColorTransforms [{id=1, colorTransform=0}], HdrCapabilities android.view.Display$HdrCapabilities@a034f01, density 480, 368.115 x 368.115 dpi, appVsyncOff 8300000, presDeadline 8733349, touch INTERNAL, rotation 0, type BUILT_IN, state ON, FLAG_DEFAULT_DISPLAY, FLAG_ROTATES_WITH_CONTENT, FLAG_SECURE, FLAG_SUPPORTS_PROTECTED_BUFFERS}
10-23 09:09:51.029  1091  1527 D LocalDisplayAdapter: setDisplayBrightness(id=0, brightness=101)
10-23 09:09:51.045  1091  1527 D DisplayManagerService: Update global display state (ON, 98) for DisplayDeviceInfo{"Integrierter Bildschirm": uniqueId="local:0", 1080 x 1920, modeId 1, defaultModeId 1, supportedModes [{id=1, width=1080, height=1920, fps=62.370003}], colorTransformId 1, defaultColorTransformId 1, supportedColorTransforms [{id=1, colorTransform=0}], HdrCapabilities android.view.Display$HdrCapabilities@a034f01, density 480, 368.115 x 368.115 dpi, appVsyncOff 8300000, presDeadline 8733349, touch INTERNAL, rotation 0, type BUILT_IN, state ON, FLAG_DEFAULT_DISPLAY, FLAG_ROTATES_WITH_CONTENT, FLAG_SECURE, FLAG_SUPPORTS_PROTECTED_BUFFERS}
10-23 09:09:51.045  1091  1527 D LocalDisplayAdapter: setDisplayBrightness(id=0, brightness=98)
10-23 09:09:51.061  1091  1527 D DisplayManagerService: Update global display state (ON, 95) for DisplayDeviceInfo{"Integrierter Bildschirm": uniqueId="local:0", 1080 x 1920, modeId 1, defaultModeId 1, supportedModes [{id=1, width=1080, height=1920, fps=62.370003}], colorTransformId 1, defaultColorTransformId 1, supportedColorTransforms [{id=1, colorTransform=0}], HdrCapabilities android.view.Display$HdrCapabilities@a034f01, density 480, 368.115 x 368.115 dpi, appVsyncOff 8300000, presDeadline 8733349, touch INTERNAL, rotation 0, type BUILT_IN, state ON, FLAG_DEFAULT_DISPLAY, FLAG_ROTATES_WITH_CONTENT, FLAG_SECURE, FLAG_SUPPORTS_PROTECTED_BUFFERS}
10-23 09:09:51.061  1091  1527 D LocalDisplayAdapter: setDisplayBrightness(id=0, brightness=95)
10-23 09:09:51.077  1091  1527 D DisplayManagerService: Update global display state (ON, 92) for DisplayDeviceInfo{"Integrierter Bildschirm": uniqueId="local:0", 1080 x 1920, modeId 1, defaultModeId 1, supportedModes [{id=1, width=1080, height=1920, fps=62.370003}], colorTransformId 1, defaultColorTransformId 1, supportedColorTransforms [{id=1, colorTransform=0}], HdrCapabilities android.view.Display$HdrCapabilities@a034f01, density 480, 368.115 x 368.115 dpi, appVsyncOff 8300000, presDeadline 8733349, touch INTERNAL, rotation 0, type BUILT_IN, state ON, FLAG_DEFAULT_DISPLAY, FLAG_ROTATES_WITH_CONTENT, FLAG_SECURE, FLAG_SUPPORTS_PROTECTED_BUFFERS}
10-23 09:09:51.077  1091  1527 D LocalDisplayAdapter: setDisplayBrightness(id=0, brightness=92)
10-23 09:09:51.093  1091  1527 D DisplayManagerService: Update global display state (ON, 89) for DisplayDeviceInfo{"Integrierter Bildschirm": uniqueId="local:0", 1080 x 1920, modeId 1, defaultModeId 1, supportedModes [{id=1, width=1080, height=1920, fps=62.370003}], colorTransformId 1, defaultColorTransformId 1, supportedColorTransforms [{id=1, colorTransform=0}], HdrCapabilities android.view.Display$HdrCapabilities@a034f01, density 480, 368.115 x 368.115 dpi, appVsyncOff 8300000, presDeadline 8733349, touch INTERNAL, rotation 0, type BUILT_IN, state ON, FLAG_DEFAULT_DISPLAY, FLAG_ROTATES_WITH_CONTENT, FLAG_SECURE, FLAG_SUPPORTS_PROTECTED_BUFFERS}
10-23 09:09:51.093  1091  1527 D LocalDisplayAdapter: setDisplayBrightness(id=0, brightness=89)
10-23 09:09:51.109  1091  1527 D DisplayManagerService: Update global display state (ON, 85) for DisplayDeviceInfo{"Integrierter Bildschirm": uniqueId="local:0", 1080 x 1920, modeId 1, defaultModeId 1, supportedModes [{id=1, width=1080, height=1920, fps=62.370003}], colorTransformId 1, defaultColorTransformId 1, supportedColorTransforms [{id=1, colorTransform=0}], HdrCapabilities android.view.Display$HdrCapabilities@a034f01, density 480, 368.115 x 368.115 dpi, appVsyncOff 8300000, presDeadline 8733349, touch INTERNAL, rotation 0, type BUILT_IN, state ON, FLAG_DEFAULT_DISPLAY, FLAG_ROTATES_WITH_CONTENT, FLAG_SECURE, FLAG_SUPPORTS_PROTECTED_BUFFERS}
10-23 09:09:51.110  1091  1527 D LocalDisplayAdapter: setDisplayBrightness(id=0, brightness=85)
10-23 09:09:51.126  1091  1527 D DisplayManagerService: Update global display state (ON, 82) for DisplayDeviceInfo{"Integrierter Bildschirm": uniqueId="local:0", 1080 x 1920, modeId 1, defaultModeId 1, supportedModes [{id=1, width=1080, height=1920, fps=62.370003}], colorTransformId 1, defaultColorTransformId 1, supportedColorTransforms [{id=1, colorTransform=0}], HdrCapabilities android.view.Display$HdrCapabilities@a034f01, density 480, 368.115 x 368.115 dpi, appVsyncOff 8300000, presDeadline 8733349, touch INTERNAL, rotation 0, type BUILT_IN, state ON, FLAG_DEFAULT_DISPLAY, FLAG_ROTATES_WITH_CONTENT, FLAG_SECURE, FLAG_SUPPORTS_PROTECTED_BUFFERS}
10-23 09:09:51.126  1091  1527 D LocalDisplayAdapter: setDisplayBrightness(id=0, brightness=82)
10-23 09:09:51.134 12253 12253 V ActivityThread: SVC-Destroying service com.google.android.apps.gsa.search.core.service.SearchService@1a167a9
10-23 09:09:51.142  1091  1527 D DisplayManagerService: Update global display state (ON, 79) for DisplayDeviceInfo{"Integrierter Bildschirm": uniqueId="local:0", 1080 x 1920, modeId 1, defaultModeId 1, supportedModes [{id=1, width=1080, height=1920, fps=62.370003}], colorTransformId 1, defaultColorTransformId 1, supportedColorTransforms [{id=1, colorTransform=0}], HdrCapabilities android.view.Display$HdrCapabilities@a034f01, density 480, 368.115 x 368.115 dpi, appVsyncOff 8300000, presDeadline 8733349, touch INTERNAL, rotation 0, type BUILT_IN, state ON, FLAG_DEFAULT_DISPLAY, FLAG_ROTATES_WITH_CONTENT, FLAG_SECURE, FLAG_SUPPORTS_PROTECTED_BUFFERS}
10-23 09:09:51.142  1091  1527 D LocalDisplayAdapter: setDisplayBrightness(id=0, brightness=79)
10-23 09:09:51.157  1091  1527 D DisplayManagerService: Update global display state (ON, 76) for DisplayDeviceInfo{"Integrierter Bildschirm": uniqueId="local:0", 1080 x 1920, modeId 1, defaultModeId 1, supportedModes [{id=1, width=1080, height=1920, fps=62.370003}], colorTransformId 1, defaultColorTransformId 1, supportedColorTransforms [{id=1, colorTransform=0}], HdrCapabilities android.view.Display$HdrCapabilities@a034f01, density 480, 368.115 x 368.115 dpi, appVsyncOff 8300000, presDeadline 8733349, touch INTERNAL, rotation 0, type BUILT_IN, state ON, FLAG_DEFAULT_DISPLAY, FLAG_ROTATES_WITH_CONTENT, FLAG_SECURE, FLAG_SUPPORTS_PROTECTED_BUFFERS}
10-23 09:09:51.157  1091  1527 D LocalDisplayAdapter: setDisplayBrightness(id=0, brightness=76)
10-23 09:09:51.172  1091  1527 D DisplayManagerService: Update global display state (ON, 72) for DisplayDeviceInfo{"Integrierter Bildschirm": uniqueId="local:0", 1080 x 1920, modeId 1, defaultModeId 1, supportedModes [{id=1, width=1080, height=1920, fps=62.370003}], colorTransformId 1, defaultColorTransformId 1, supportedColorTransforms [{id=1, colorTransform=0}], HdrCapabilities android.view.Display$HdrCapabilities@a034f01, density 480, 368.115 x 368.115 dpi, appVsyncOff 8300000, presDeadline 8733349, touch INTERNAL, rotation 0, type BUILT_IN, state ON, FLAG_DEFAULT_DISPLAY, FLAG_ROTATES_WITH_CONTENT, FLAG_SECURE, FLAG_SUPPORTS_PROTECTED_BUFFERS}
10-23 09:09:51.172  1091  1527 D LocalDisplayAdapter: setDisplayBrightness(id=0, brightness=72)
10-23 09:09:51.188  1091  1527 D DisplayManagerService: Update global display state (ON, 69) for DisplayDeviceInfo{"Integrierter Bildschirm": uniqueId="local:0", 1080 x 1920, modeId 1, defaultModeId 1, supportedModes [{id=1, width=1080, height=1920, fps=62.370003}], colorTransformId 1, defaultColorTransformId 1, supportedColorTransforms [{id=1, colorTransform=0}], HdrCapabilities android.view.Display$HdrCapabilities@a034f01, density 480, 368.115 x 368.115 dpi, appVsyncOff 8300000, presDeadline 8733349, touch INTERNAL, rotation 0, type BUILT_IN, state ON, FLAG_DEFAULT_DISPLAY, FLAG_ROTATES_WITH_CONTENT, FLAG_SECURE, FLAG_SUPPORTS_PROTECTED_BUFFERS}
10-23 09:09:51.188  1091  1527 D LocalDisplayAdapter: setDisplayBrightness(id=0, brightness=69)
10-23 09:09:51.206  1091  1527 D DisplayManagerService: Update global display state (ON, 66) for DisplayDeviceInfo{"Integrierter Bildschirm": uniqueId="local:0", 1080 x 1920, modeId 1, defaultModeId 1, supportedModes [{id=1, width=1080, height=1920, fps=62.370003}], colorTransformId 1, defaultColorTransformId 1, supportedColorTransforms [{id=1, colorTransform=0}], HdrCapabilities android.view.Display$HdrCapabilities@a034f01, density 480, 368.115 x 368.115 dpi, appVsyncOff 8300000, presDeadline 8733349, touch INTERNAL, rotation 0, type BUILT_IN, state ON, FLAG_DEFAULT_DISPLAY, FLAG_ROTATES_WITH_CONTENT, FLAG_SECURE, FLAG_SUPPORTS_PROTECTED_BUFFERS}
10-23 09:09:51.207  1091  1527 D LocalDisplayAdapter: setDisplayBrightness(id=0, brightness=66)
10-23 09:09:51.208  1091 15644 V ActivityManager: Broadcast sticky: Intent { act=android.intent.action.SIG_STR flg=0x20000010 (has extras) } ordered=false userid=-1 callerApp=ProcessRecord{80e9be 1091:system/1000}
10-23 09:09:51.220  1091  1527 D DisplayManagerService: Update global display state (ON, 63) for DisplayDeviceInfo{"Integrierter Bildschirm": uniqueId="local:0", 1080 x 1920, modeId 1, defaultModeId 1, supportedModes [{id=1, width=1080, height=1920, fps=62.370003}], colorTransformId 1, defaultColorTransformId 1, supportedColorTransforms [{id=1, colorTransform=0}], HdrCapabilities android.view.Display$HdrCapabilities@a034f01, density 480, 368.115 x 368.115 dpi, appVsyncOff 8300000, presDeadline 8733349, touch INTERNAL, rotation 0, type BUILT_IN, state ON, FLAG_DEFAULT_DISPLAY, FLAG_ROTATES_WITH_CONTENT, FLAG_SECURE, FLAG_SUPPORTS_PROTECTED_BUFFERS}
10-23 09:09:51.220  1091  1527 D LocalDisplayAdapter: setDisplayBrightness(id=0, brightness=63)
10-23 09:09:51.236  1091  1527 D DisplayManagerService: Update global display state (ON, 60) for DisplayDeviceInfo{"Integrierter Bildschirm": uniqueId="local:0", 1080 x 1920, modeId 1, defaultModeId 1, supportedModes [{id=1, width=1080, height=1920, fps=62.370003}], colorTransformId 1, defaultColorTransformId 1, supportedColorTransforms [{id=1, colorTransform=0}], HdrCapabilities android.view.Display$HdrCapabilities@a034f01, density 480, 368.115 x 368.115 dpi, appVsyncOff 8300000, presDeadline 8733349, touch INTERNAL, rotation 0, type BUILT_IN, state ON, FLAG_DEFAULT_DISPLAY, FLAG_ROTATES_WITH_CONTENT, FLAG_SECURE, FLAG_SUPPORTS_PROTECTED_BUFFERS}
10-23 09:09:51.236  1091  1527 D LocalDisplayAdapter: setDisplayBrightness(id=0, brightness=60)
10-23 09:09:51.253  1091  1527 D DisplayManagerService: Update global display state (ON, 56) for DisplayDeviceInfo{"Integrierter Bildschirm": uniqueId="local:0", 1080 x 1920, modeId 1, defaultModeId 1, supportedModes [{id=1, width=1080, height=1920, fps=62.370003}], colorTransformId 1, defaultColorTransformId 1, supportedColorTransforms [{id=1, colorTransform=0}], HdrCapabilities android.view.Display$HdrCapabilities@a034f01, density 480, 368.115 x 368.115 dpi, appVsyncOff 8300000, presDeadline 8733349, touch INTERNAL, rotation 0, type BUILT_IN, state ON, FLAG_DEFAULT_DISPLAY, FLAG_ROTATES_WITH_CONTENT, FLAG_SECURE, FLAG_SUPPORTS_PROTECTED_BUFFERS}
10-23 09:09:51.253  1091  1527 D LocalDisplayAdapter: setDisplayBrightness(id=0, brightness=56)
10-23 09:09:51.269  1091  1527 D DisplayManagerService: Update global display state (ON, 53) for DisplayDeviceInfo{"Integrierter Bildschirm": uniqueId="local:0", 1080 x 1920, modeId 1, defaultModeId 1, supportedModes [{id=1, width=1080, height=1920, fps=62.370003}], colorTransformId 1, defaultColorTransformId 1, supportedColorTransforms [{id=1, colorTransform=0}], HdrCapabilities android.view.Display$HdrCapabilities@a034f01, density 480, 368.115 x 368.115 dpi, appVsyncOff 8300000, presDeadline 8733349, touch INTERNAL, rotation 0, type BUILT_IN, state ON, FLAG_DEFAULT_DISPLAY, FLAG_ROTATES_WITH_CONTENT, FLAG_SECURE, FLAG_SUPPORTS_PROTECTED_BUFFERS}
10-23 09:09:51.269  1091  1527 D LocalDisplayAdapter: setDisplayBrightness(id=0, brightness=53)
10-23 09:09:51.285  1091  1527 D DisplayManagerService: Update global display state (ON, 50) for DisplayDeviceInfo{"Integrierter Bildschirm": uniqueId="local:0", 1080 x 1920, modeId 1, defaultModeId 1, supportedModes [{id=1, width=1080, height=1920, fps=62.370003}], colorTransformId 1, defaultColorTransformId 1, supportedColorTransforms [{id=1, colorTransform=0}], HdrCapabilities android.view.Display$HdrCapabilities@a034f01, density 480, 368.115 x 368.115 dpi, appVsyncOff 8300000, presDeadline 8733349, touch INTERNAL, rotation 0, type BUILT_IN, state ON, FLAG_DEFAULT_DISPLAY, FLAG_ROTATES_WITH_CONTENT, FLAG_SECURE, FLAG_SUPPORTS_PROTECTED_BUFFERS}
10-23 09:09:51.285  1091  1527 D LocalDisplayAdapter: setDisplayBrightness(id=0, brightness=50)
10-23 09:09:51.301  1091  1527 D DisplayManagerService: Update global display state (ON, 47) for DisplayDeviceInfo{"Integrierter Bildschirm": uniqueId="local:0", 1080 x 1920, modeId 1, defaultModeId 1, supportedModes [{id=1, width=1080, height=1920, fps=62.370003}], colorTransformId 1, defaultColorTransformId 1, supportedColorTransforms [{id=1, colorTransform=0}], HdrCapabilities android.view.Display$HdrCapabilities@a034f01, density 480, 368.115 x 368.115 dpi, appVsyncOff 8300000, presDeadline 8733349, touch INTERNAL, rotation 0, type BUILT_IN, state ON, FLAG_DEFAULT_DISPLAY, FLAG_ROTATES_WITH_CONTENT, FLAG_SECURE, FLAG_SUPPORTS_PROTECTED_BUFFERS}
10-23 09:09:51.301  1091  1527 D LocalDisplayAdapter: setDisplayBrightness(id=0, brightness=47)
10-23 09:09:51.317  1091  1527 D DisplayManagerService: Update global display state (ON, 44) for DisplayDeviceInfo{"Integrierter Bildschirm": uniqueId="local:0", 1080 x 1920, modeId 1, defaultModeId 1, supportedModes [{id=1, width=1080, height=1920, fps=62.370003}], colorTransformId 1, defaultColorTransformId 1, supportedColorTransforms [{id=1, colorTransform=0}], HdrCapabilities android.view.Display$HdrCapabilities@a034f01, density 480, 368.115 x 368.115 dpi, appVsyncOff 8300000, presDeadline 8733349, touch INTERNAL, rotation 0, type BUILT_IN, state ON, FLAG_DEFAULT_DISPLAY, FLAG_ROTATES_WITH_CONTENT, FLAG_SECURE, FLAG_SUPPORTS_PROTECTED_BUFFERS}
10-23 09:09:51.318  1091  1527 D LocalDisplayAdapter: setDisplayBrightness(id=0, brightness=44)
10-23 09:09:51.333  1091  1527 D DisplayManagerService: Update global display state (ON, 40) for DisplayDeviceInfo{"Integrierter Bildschirm": uniqueId="local:0", 1080 x 1920, modeId 1, defaultModeId 1, supportedModes [{id=1, width=1080, height=1920, fps=62.370003}], colorTransformId 1, defaultColorTransformId 1, supportedColorTransforms [{id=1, colorTransform=0}], HdrCapabilities android.view.Display$HdrCapabilities@a034f01, density 480, 368.115 x 368.115 dpi, appVsyncOff 8300000, presDeadline 8733349, touch INTERNAL, rotation 0, type BUILT_IN, state ON, FLAG_DEFAULT_DISPLAY, FLAG_ROTATES_WITH_CONTENT, FLAG_SECURE, FLAG_SUPPORTS_PROTECTED_BUFFERS}
10-23 09:09:51.333  1091  1527 D LocalDisplayAdapter: setDisplayBrightness(id=0, brightness=40)
10-23 09:09:51.350  1091  1527 D DisplayManagerService: Update global display state (ON, 37) for DisplayDeviceInfo{"Integrierter Bildschirm": uniqueId="local:0", 1080 x 1920, modeId 1, defaultModeId 1, supportedModes [{id=1, width=1080, height=1920, fps=62.370003}], colorTransformId 1, defaultColorTransformId 1, supportedColorTransforms [{id=1, colorTransform=0}], HdrCapabilities android.view.Display$HdrCapabilities@a034f01, density 480, 368.115 x 368.115 dpi, appVsyncOff 8300000, presDeadline 8733349, touch INTERNAL, rotation 0, type BUILT_IN, state ON, FLAG_DEFAULT_DISPLAY, FLAG_ROTATES_WITH_CONTENT, FLAG_SECURE, FLAG_SUPPORTS_PROTECTED_BUFFERS}
10-23 09:09:51.350  1091  1527 D LocalDisplayAdapter: setDisplayBrightness(id=0, brightness=37)
10-23 09:09:51.366  1091  1527 D DisplayManagerService: Update global display state (ON, 34) for DisplayDeviceInfo{"Integrierter Bildschirm": uniqueId="local:0", 1080 x 1920, modeId 1, defaultModeId 1, supportedModes [{id=1, width=1080, height=1920, fps=62.370003}], colorTransformId 1, defaultColorTransformId 1, supportedColorTransforms [{id=1, colorTransform=0}], HdrCapabilities android.view.Display$HdrCapabilities@a034f01, density 480, 368.115 x 368.115 dpi, appVsyncOff 8300000, presDeadline 8733349, touch INTERNAL, rotation 0, type BUILT_IN, state ON, FLAG_DEFAULT_DISPLAY, FLAG_ROTATES_WITH_CONTENT, FLAG_SECURE, FLAG_SUPPORTS_PROTECTED_BUFFERS}
10-23 09:09:51.366  1091  1527 D LocalDisplayAdapter: setDisplayBrightness(id=0, brightness=34)
10-23 09:09:51.382  1091  1527 D DisplayManagerService: Update global display state (ON, 31) for DisplayDeviceInfo{"Integrierter Bildschirm": uniqueId="local:0", 1080 x 1920, modeId 1, defaultModeId 1, supportedModes [{id=1, width=1080, height=1920, fps=62.370003}], colorTransformId 1, defaultColorTransformId 1, supportedColorTransforms [{id=1, colorTransform=0}], HdrCapabilities android.view.Display$HdrCapabilities@a034f01, density 480, 368.115 x 368.115 dpi, appVsyncOff 8300000, presDeadline 8733349, touch INTERNAL, rotation 0, type BUILT_IN, state ON, FLAG_DEFAULT_DISPLAY, FLAG_ROTATES_WITH_CONTENT, FLAG_SECURE, FLAG_SUPPORTS_PROTECTED_BUFFERS}
10-23 09:09:51.382  1091  1527 D LocalDisplayAdapter: setDisplayBrightness(id=0, brightness=31)
10-23 09:09:51.399  1091  1527 D DisplayManagerService: Update global display state (ON, 27) for DisplayDeviceInfo{"Integrierter Bildschirm": uniqueId="local:0", 1080 x 1920, modeId 1, defaultModeId 1, supportedModes [{id=1, width=1080, height=1920, fps=62.370003}], colorTransformId 1, defaultColorTransformId 1, supportedColorTransforms [{id=1, colorTransform=0}], HdrCapabilities android.view.Display$HdrCapabilities@a034f01, density 480, 368.115 x 368.115 dpi, appVsyncOff 8300000, presDeadline 8733349, touch INTERNAL, rotation 0, type BUILT_IN, state ON, FLAG_DEFAULT_DISPLAY, FLAG_ROTATES_WITH_CONTENT, FLAG_SECURE, FLAG_SUPPORTS_PROTECTED_BUFFERS}
10-23 09:09:51.400  1091  1527 D LocalDisplayAdapter: setDisplayBrightness(id=0, brightness=27)
10-23 09:09:51.414  1091  1527 D DisplayManagerService: Update global display state (ON, 24) for DisplayDeviceInfo{"Integrierter Bildschirm": uniqueId="local:0", 1080 x 1920, modeId 1, defaultModeId 1, supportedModes [{id=1, width=1080, height=1920, fps=62.370003}], colorTransformId 1, defaultColorTransformId 1, supportedColorTransforms [{id=1, colorTransform=0}], HdrCapabilities android.view.Display$HdrCapabilities@a034f01, density 480, 368.115 x 368.115 dpi, appVsyncOff 8300000, presDeadline 8733349, touch INTERNAL, rotation 0, type BUILT_IN, state ON, FLAG_DEFAULT_DISPLAY, FLAG_ROTATES_WITH_CONTENT, FLAG_SECURE, FLAG_SUPPORTS_PROTECTED_BUFFERS}
10-23 09:09:51.414  1091  1527 D LocalDisplayAdapter: setDisplayBrightness(id=0, brightness=24)
10-23 09:09:51.430  1091  1527 D DisplayManagerService: Update global display state (ON, 21) for DisplayDeviceInfo{"Integrierter Bildschirm": uniqueId="local:0", 1080 x 1920, modeId 1, defaultModeId 1, supportedModes [{id=1, width=1080, height=1920, fps=62.370003}], colorTransformId 1, defaultColorTransformId 1, supportedColorTransforms [{id=1, colorTransform=0}], HdrCapabilities android.view.Display$HdrCapabilities@a034f01, density 480, 368.115 x 368.115 dpi, appVsyncOff 8300000, presDeadline 8733349, touch INTERNAL, rotation 0, type BUILT_IN, state ON, FLAG_DEFAULT_DISPLAY, FLAG_ROTATES_WITH_CONTENT, FLAG_SECURE, FLAG_SUPPORTS_PROTECTED_BUFFERS}
10-23 09:09:51.430  1091  1527 D LocalDisplayAdapter: setDisplayBrightness(id=0, brightness=21)
10-23 09:09:51.446  1091  1527 D DisplayManagerService: Update global display state (ON, 18) for DisplayDeviceInfo{"Integrierter Bildschirm": uniqueId="local:0", 1080 x 1920, modeId 1, defaultModeId 1, supportedModes [{id=1, width=1080, height=1920, fps=62.370003}], colorTransformId 1, defaultColorTransformId 1, supportedColorTransforms [{id=1, colorTransform=0}], HdrCapabilities android.view.Display$HdrCapabilities@a034f01, density 480, 368.115 x 368.115 dpi, appVsyncOff 8300000, presDeadline 8733349, touch INTERNAL, rotation 0, type BUILT_IN, state ON, FLAG_DEFAULT_DISPLAY, FLAG_ROTATES_WITH_CONTENT, FLAG_SECURE, FLAG_SUPPORTS_PROTECTED_BUFFERS}
10-23 09:09:51.446  1091  1527 D LocalDisplayAdapter: setDisplayBrightness(id=0, brightness=18)
10-23 09:09:51.461  1091  1527 D DisplayManagerService: Update global display state (ON, 15) for DisplayDeviceInfo{"Integrierter Bildschirm": uniqueId="local:0", 1080 x 1920, modeId 1, defaultModeId 1, supportedModes [{id=1, width=1080, height=1920, fps=62.370003}], colorTransformId 1, defaultColorTransformId 1, supportedColorTransforms [{id=1, colorTransform=0}], HdrCapabilities android.view.Display$HdrCapabilities@a034f01, density 480, 368.115 x 368.115 dpi, appVsyncOff 8300000, presDeadline 8733349, touch INTERNAL, rotation 0, type BUILT_IN, state ON, FLAG_DEFAULT_DISPLAY, FLAG_ROTATES_WITH_CONTENT, FLAG_SECURE, FLAG_SUPPORTS_PROTECTED_BUFFERS}
10-23 09:09:51.461  1091  1527 D LocalDisplayAdapter: setDisplayBrightness(id=0, brightness=15)
10-23 09:09:51.477  1091  1527 D DisplayManagerService: Update global display state (ON, 11) for DisplayDeviceInfo{"Integrierter Bildschirm": uniqueId="local:0", 1080 x 1920, modeId 1, defaultModeId 1, supportedModes [{id=1, width=1080, height=1920, fps=62.370003}], colorTransformId 1, defaultColorTransformId 1, supportedColorTransforms [{id=1, colorTransform=0}], HdrCapabilities android.view.Display$HdrCapabilities@a034f01, density 480, 368.115 x 368.115 dpi, appVsyncOff 8300000, presDeadline 8733349, touch INTERNAL, rotation 0, type BUILT_IN, state ON, FLAG_DEFAULT_DISPLAY, FLAG_ROTATES_WITH_CONTENT, FLAG_SECURE, FLAG_SUPPORTS_PROTECTED_BUFFERS}
10-23 09:09:51.477  1091  1527 D LocalDisplayAdapter: setDisplayBrightness(id=0, brightness=11)
10-23 09:09:51.493  1091  1174 D DisplayPowerController: updatePowerState: policy=DIM, useProximitySensor=false, screenBrightness=102, screenAutoBrightnessAdjustment=0.0, brightnessSetByUser=true, useAutoBrightness=false, blockScreenOn=false, lowPowerMode=false, boostScreenBrightness=false, dozeScreenBrightness=-1, dozeScreenState=UNKNOWN, useTwilight=false,autoModeScreenBrightness=255,autoModeManualOp=false, mWaitingForNegativeProximity=false, autoBrightnessAdjustmentChanged=false, mustNotify=false
10-23 09:09:51.493  1091  1527 D DisplayManagerService: Update global display state (ON, 10) for DisplayDeviceInfo{"Integrierter Bildschirm": uniqueId="local:0", 1080 x 1920, modeId 1, defaultModeId 1, supportedModes [{id=1, width=1080, height=1920, fps=62.370003}], colorTransformId 1, defaultColorTransformId 1, supportedColorTransforms [{id=1, colorTransform=0}], HdrCapabilities android.view.Display$HdrCapabilities@a034f01, density 480, 368.115 x 368.115 dpi, appVsyncOff 8300000, presDeadline 8733349, touch INTERNAL, rotation 0, type BUILT_IN, state ON, FLAG_DEFAULT_DISPLAY, FLAG_ROTATES_WITH_CONTENT, FLAG_SECURE, FLAG_SUPPORTS_PROTECTED_BUFFERS}
10-23 09:09:51.493  1091  1174 D DisplayPowerController: ABC configure: enabledInDoze=false, lowDimmingProtectionEnabled=false, adjustment=0.0, state=2, brightness=-1
10-23 09:09:51.493  1091  1527 D LocalDisplayAdapter: setDisplayBrightness(id=0, brightness=10)
10-23 09:09:51.493  1091  1174 D DisplayPowerController: Animating brightness: target=10, rate=200
10-23 09:09:51.493  1091  1174 D DisplayPowerController: Finished business...
10-23 09:09:53.298  1091  1485 V ActivityManager: Broadcast sticky: Intent { act=android.net.wifi.RSSI_CHANGED flg=0x4000010 (has extras) } ordered=false userid=-1 callerApp=ProcessRecord{80e9be 1091:system/1000}
10-23 09:09:53.509  1091  1722 W Watchdog: **Get SF Time **1
10-23 09:09:53.510  1091  1722 W Watchdog: SWT Watchdog before synchronized:467998151
10-23 09:09:53.510  1091  1722 W Watchdog: SWT Watchdog after synchronized:467998151
10-23 09:09:56.321  1091  1485 V ActivityManager: Broadcast sticky: Intent { act=android.net.wifi.RSSI_CHANGED flg=0x4000010 (has extras) } ordered=false userid=-1 callerApp=ProcessRecord{80e9be 1091:system/1000}
10-23 09:09:56.337  1091 12635 V ActivityManager: Broadcast sticky: Intent { act=android.intent.action.SIG_STR flg=0x20000010 (has extras) } ordered=false userid=-1 callerApp=ProcessRecord{80e9be 1091:system/1000}
10-23 09:09:58.017  1091  1174 D PowerManagerService:  	|----com.android.server.power.PowerManagerService.goToSleepNoUpdateLocked(PowerManagerService.java:1452)
10-23 09:09:58.017  1091  1174 D PowerManagerService:  	|----com.android.server.power.PowerManagerService.updateWakefulnessLocked(PowerManagerService.java:2069)
10-23 09:09:58.017  1091  1174 D PowerManagerService:  	|----com.android.server.power.PowerManagerService.updatePowerStateLocked(PowerManagerService.java:1664)
10-23 09:09:58.017  1091  1174 D PowerManagerService:  	|----com.android.server.power.PowerManagerService.handleUserActivityTimeout(PowerManagerService.java:2008)
10-23 09:09:58.018  1091  1174 D PowerManagerService:  	|----com.android.server.power.PowerManagerService.-wrap18(PowerManagerService.java)
10-23 09:09:58.018  1091  1174 D PowerManagerService:  	|----com.android.server.power.PowerManagerService$PowerManagerHandler.handleMessage(PowerManagerService.java:3395)
10-23 09:09:58.018  1091  1174 D PowerManagerService:  	|----android.os.Handler.dispatchMessage(Handler.java:110)
10-23 09:09:58.018  1091  1174 D PowerManagerService:  	|----android.os.Looper.loop(Looper.java:203)
10-23 09:09:58.018  1091  1174 D PowerManagerService:  	|----android.os.HandlerThread.run(HandlerThread.java:61)
10-23 09:09:58.018  1091  1174 D PowerManagerService:  	|----com.android.server.ServiceThread.run(ServiceThread.java:46)
10-23 09:09:58.018  1091  1174 I PowerManagerService: Going to sleep due to screen timeout (uid 1000)...
10-23 09:09:58.018  1091  1174 D PowerManagerNotifier: onWakefulnessChangeStarted: wakefulness=3, reason=2, interactive=false
10-23 09:09:58.021  1091  1174 D DisplayPowerController: requestPowerState: policy=DIM, useProximitySensor=false, screenBrightness=102, screenAutoBrightnessAdjustment=0.0, brightnessSetByUser=true, useAutoBrightness=false, blockScreenOn=false, lowPowerMode=false, boostScreenBrightness=false, dozeScreenBrightness=-1, dozeScreenState=UNKNOWN, useTwilight=false,autoModeScreenBrightness=255,autoModeManualOp=false, waitForNegativeProximity=false, changed=false
10-23 09:09:58.024  1091  1091 D RunningBoosterService: [onWakefulnessChanged] wakefulness = 3
10-23 09:09:58.030  1091  1174 I PowerManagerService: Sleeping (uid 1000)...
10-23 09:09:58.030  1091  1174 D PowerManagerNotifier: onWakefulnessChangeStarted: wakefulness=0, reason=2, interactive=false
10-23 09:09:58.032  1091  1091 D RunningBoosterService: [onWakefulnessChanged] wakefulness = 0
10-23 09:09:58.032  1091  1091 D RunningBoosterService: [onWakefulnessChanged] SCREEN_OFF 
10-23 09:09:58.032  1091  1520 D RunningBoosterService: [handleScreenOffEvent] enter
10-23 09:09:58.032  1091  1520 D RunningBoosterService: [handleScreenOffEvent] mSuppressTagList is null
10-23 09:09:58.033  1091  1174 D DisplayPowerController: requestPowerState: policy=OFF, useProximitySensor=false, screenBrightness=102, screenAutoBrightnessAdjustment=0.0, brightnessSetByUser=true, useAutoBrightness=false, blockScreenOn=false, lowPowerMode=false, boostScreenBrightness=false, dozeScreenBrightness=-1, dozeScreenState=UNKNOWN, useTwilight=false,autoModeScreenBrightness=255,autoModeManualOp=false, waitForNegativeProximity=false, changed=true
10-23 09:09:58.033  1091  1091 D DisplayPowerController: requestPowerState: policy=OFF, useProximitySensor=false, screenBrightness=102, screenAutoBrightnessAdjustment=0.0, brightnessSetByUser=true, useAutoBrightness=false, blockScreenOn=false, lowPowerMode=false, boostScreenBrightness=false, dozeScreenBrightness=-1, dozeScreenState=UNKNOWN, useTwilight=false,autoModeScreenBrightness=255,autoModeManualOp=false, waitForNegativeProximity=false, changed=false
10-23 09:09:58.033  1091  1091 D PowerManagerNotifier: onWakeLockAcquired: flags=1, tag="ActivityManager-Sleep", packageName=android, ownerUid=1000, ownerPid=1091, workSource=null
10-23 09:09:58.039  1091  1174 D DisplayPowerController: updatePowerState: policy=OFF, useProximitySensor=false, screenBrightness=102, screenAutoBrightnessAdjustment=0.0, brightnessSetByUser=true, useAutoBrightness=false, blockScreenOn=false, lowPowerMode=false, boostScreenBrightness=false, dozeScreenBrightness=-1, dozeScreenState=UNKNOWN, useTwilight=false,autoModeScreenBrightness=255,autoModeManualOp=false, mWaitingForNegativeProximity=false, autoBrightnessAdjustmentChanged=false, mustNotify=true
10-23 09:09:58.044  1091  1174 D DisplayPowerController: ABC configure: enabledInDoze=false, lowDimmingProtectionEnabled=false, adjustment=0.0, state=2, brightness=-1
10-23 09:09:58.044  1091  1174 D DisplayPowerController: Unfinished business...
10-23 09:09:58.048  1091  1527 D DisplayManagerService: Update global display state (ON, 0) for DisplayDeviceInfo{"Integrierter Bildschirm": uniqueId="local:0", 1080 x 1920, modeId 1, defaultModeId 1, supportedModes [{id=1, width=1080, height=1920, fps=62.370003}], colorTransformId 1, defaultColorTransformId 1, supportedColorTransforms [{id=1, colorTransform=0}], HdrCapabilities android.view.Display$HdrCapabilities@a034f01, density 480, 368.115 x 368.115 dpi, appVsyncOff 8300000, presDeadline 8733349, touch INTERNAL, rotation 0, type BUILT_IN, state ON, FLAG_DEFAULT_DISPLAY, FLAG_ROTATES_WITH_CONTENT, FLAG_SECURE, FLAG_SUPPORTS_PROTECTED_BUFFERS}
10-23 09:09:58.048  1091  1527 D LocalDisplayAdapter: setDisplayBrightness(id=0, brightness=0)
10-23 09:09:58.051  1091  1174 D DisplayPowerController: updatePowerState: policy=OFF, useProximitySensor=false, screenBrightness=102, screenAutoBrightnessAdjustment=0.0, brightnessSetByUser=true, useAutoBrightness=false, blockScreenOn=false, lowPowerMode=false, boostScreenBrightness=false, dozeScreenBrightness=-1, dozeScreenState=UNKNOWN, useTwilight=false,autoModeScreenBrightness=255,autoModeManualOp=false, mWaitingForNegativeProximity=false, autoBrightnessAdjustmentChanged=false, mustNotify=true
10-23 09:09:58.084  1091  9757 V AlarmManager: APP set(PendingIntent{37f1837: PendingIntentRecord{80841a4 com.android.systemui broadcastIntent}}) : type=2 triggerAtTime=1954867729 win=0 tElapsed=1954867767 maxElapsed=1954867767 interval=0 flags=0x5
10-23 09:09:58.085  1091  1174 D DisplayPowerController: ABC configure: enabledInDoze=false, lowDimmingProtectionEnabled=false, adjustment=0.0, state=1, brightness=0
10-23 09:09:58.086  1091  1527 D DisplayManagerService: Update global display state (OFF, 0) for DisplayDeviceInfo{"Integrierter Bildschirm": uniqueId="local:0", 1080 x 1920, modeId 1, defaultModeId 1, supportedModes [{id=1, width=1080, height=1920, fps=62.370003}], colorTransformId 1, defaultColorTransformId 1, supportedColorTransforms [{id=1, colorTransform=0}], HdrCapabilities android.view.Display$HdrCapabilities@a034f01, density 480, 368.115 x 368.115 dpi, appVsyncOff 8300000, presDeadline 8733349, touch INTERNAL, rotation 0, type BUILT_IN, state ON, FLAG_DEFAULT_DISPLAY, FLAG_ROTATES_WITH_CONTENT, FLAG_SECURE, FLAG_SUPPORTS_PROTECTED_BUFFERS}
10-23 09:09:58.086  1091  1527 D LocalDisplayAdapter: setDisplayState(id=0, state=OFF)
10-23 09:09:58.086  1091  1110 W PackageManager: checkUidPermission(): android.permission.INTERNET of 10051 is denied.
10-23 09:09:58.086  1091  1110 D NetworkPolicy: no need to update restrict data rules for uid 10051
10-23 09:09:58.086  1091  1110 W PackageManager: checkUidPermission(): android.permission.INTERNET of 10051 is denied.
10-23 09:09:58.086  1091  1110 D NetworkPolicy: no need to update restrict power rules for uid 10051
10-23 09:09:58.086  1091  1110 W PackageManager: checkUidPermission(): android.permission.INTERNET of 10018 is denied.
10-23 09:09:58.086  1091  1110 D NetworkPolicy: no need to update restrict data rules for uid 10018
10-23 09:09:58.086  1091  1165 I DisplayManagerService: Display device changed state: "Integrierter Bildschirm", OFF
10-23 09:09:58.086  1091  1110 W PackageManager: checkUidPermission(): android.permission.INTERNET of 10018 is denied.
10-23 09:09:58.086  1091  1110 D NetworkPolicy: no need to update restrict power rules for uid 10018
10-23 09:09:58.086  1091  1110 V NetworkStats: setKernelCounterSet uid=10018 set=0
10-23 09:09:58.087  1091  1165 D DisplayManagerService: Delivering display event: displayId=0, event=2
10-23 09:09:58.094  1091  9757 D AlarmManager: set alarm to RTC 1954867767
10-23 09:09:58.126  1091  6944 D DisplayPowerController: requestPowerState: policy=OFF, useProximitySensor=false, screenBrightness=102, screenAutoBrightnessAdjustment=0.0, brightnessSetByUser=true, useAutoBrightness=false, blockScreenOn=false, lowPowerMode=false, boostScreenBrightness=false, dozeScreenBrightness=-1, dozeScreenState=UNKNOWN, useTwilight=false,autoModeScreenBrightness=255,autoModeManualOp=false, waitForNegativeProximity=false, changed=false
10-23 09:09:58.126  1091  6944 D PowerManagerNotifier: onWakeLockAcquired: flags=1, tag="RILJ", packageName=com.android.phone, ownerUid=1001, ownerPid=1752, workSource=null
10-23 09:09:58.135  1091 15646 D DisplayPowerController: requestPowerState: policy=OFF, useProximitySensor=false, screenBrightness=102, screenAutoBrightnessAdjustment=0.0, brightnessSetByUser=true, useAutoBrightness=false, blockScreenOn=false, lowPowerMode=false, boostScreenBrightness=false, dozeScreenBrightness=-1, dozeScreenState=UNKNOWN, useTwilight=false,autoModeScreenBrightness=255,autoModeManualOp=false, waitForNegativeProximity=false, changed=false
10-23 09:09:58.135  1091 15646 D PowerManagerNotifier: onWakeLockAcquired: flags=1, tag="RILJ", packageName=com.android.phone, ownerUid=1001, ownerPid=1752, workSource=null
10-23 09:09:58.137  1091 15646 D PowerManagerNotifier: onWakeLockReleased: flags=1, tag="ActivityManager-Sleep", packageName=android, ownerUid=1000, ownerPid=1091, workSource=null
10-23 09:09:58.138  1091 15646 D DisplayPowerController: requestPowerState: policy=OFF, useProximitySensor=false, screenBrightness=102, screenAutoBrightnessAdjustment=0.0, brightnessSetByUser=true, useAutoBrightness=false, blockScreenOn=false, lowPowerMode=false, boostScreenBrightness=false, dozeScreenBrightness=-1, dozeScreenState=UNKNOWN, useTwilight=false,autoModeScreenBrightness=255,autoModeManualOp=false, waitForNegativeProximity=false, changed=false
10-23 09:09:58.146  1091  1645 W PackageManager: checkUidPermission(): android.permission.MANAGE_FINGERPRINT of 10025 is denied.
10-23 09:09:58.165  1091  1091 V FingerprintService: startAuthentication(com.android.systemui)
10-23 09:09:58.165  1091 15647 D PowerManagerNotifier: onWakeLockReleased: flags=1, tag="RILJ", packageName=com.android.phone, ownerUid=1001, ownerPid=1752, workSource=null
10-23 09:09:58.165  1091  1091 V FingerprintService: starting client AuthenticationClient(com.android.systemui), initiatedByClient = true)
10-23 09:09:58.166  1091 15647 D DisplayPowerController: requestPowerState: policy=OFF, useProximitySensor=false, screenBrightness=102, screenAutoBrightnessAdjustment=0.0, brightnessSetByUser=true, useAutoBrightness=false, blockScreenOn=false, lowPowerMode=false, boostScreenBrightness=false, dozeScreenBrightness=-1, dozeScreenState=UNKNOWN, useTwilight=false,autoModeScreenBrightness=255,autoModeManualOp=false, waitForNegativeProximity=false, changed=false
10-23 09:09:58.166  1091  1565 D PowerManagerNotifier: onWakeLockReleased: flags=1, tag="RILJ", packageName=com.android.phone, ownerUid=1001, ownerPid=1752, workSource=null
10-23 09:09:58.166  1091  1565 D DisplayPowerController: requestPowerState: policy=OFF, useProximitySensor=false, screenBrightness=102, screenAutoBrightnessAdjustment=0.0, brightnessSetByUser=true, useAutoBrightness=false, blockScreenOn=false, lowPowerMode=false, boostScreenBrightness=false, dozeScreenBrightness=-1, dozeScreenState=UNKNOWN, useTwilight=false,autoModeScreenBrightness=255,autoModeManualOp=false, waitForNegativeProximity=false, changed=false
10-23 09:09:58.251  1091  1091 W FingerprintService: client com.android.systemui is authenticating...
10-23 09:09:58.278  1091  1527 D PowerManagerService: Setting HAL interactive mode to false
10-23 09:09:58.278  1091  1527 D PowerManagerService: Setting HAL auto-suspend mode to true
10-23 09:09:58.279  1091  1174 D DisplayPowerController: updatePowerState: policy=OFF, useProximitySensor=false, screenBrightness=102, screenAutoBrightnessAdjustment=0.0, brightnessSetByUser=true, useAutoBrightness=false, blockScreenOn=false, lowPowerMode=false, boostScreenBrightness=false, dozeScreenBrightness=-1, dozeScreenState=UNKNOWN, useTwilight=false,autoModeScreenBrightness=255,autoModeManualOp=false, mWaitingForNegativeProximity=false, autoBrightnessAdjustmentChanged=false, mustNotify=true
10-23 09:09:58.279  1091  1174 D DisplayPowerController: ABC configure: enabledInDoze=false, lowDimmingProtectionEnabled=false, adjustment=0.0, state=1, brightness=0
10-23 09:09:58.279  1091  1174 D DisplayPowerController: Display ready!
10-23 09:09:58.279  1091  1174 D DisplayPowerController: Finished business...
10-23 09:09:58.279  1091  1174 D DisplayPowerController: requestPowerState: policy=OFF, useProximitySensor=false, screenBrightness=102, screenAutoBrightnessAdjustment=0.0, brightnessSetByUser=true, useAutoBrightness=false, blockScreenOn=false, lowPowerMode=false, boostScreenBrightness=false, dozeScreenBrightness=-1, dozeScreenState=UNKNOWN, useTwilight=false,autoModeScreenBrightness=255,autoModeManualOp=false, waitForNegativeProximity=false, changed=false
10-23 09:09:58.279  1091  1174 D PowerManagerNotifier: onWakefulnessChangeFinished
10-23 09:09:58.279  1091  1174 D PowerManagerNotifier: updatePendingBroadcastLocked mBroadcastInProgress = false, mPendingInteractiveState = 2, mPendingGoToSleepBroadcast = true, mBroadcastedInteractiveState = 1
10-23 09:09:58.280  1091  1091 D PowerManagerNotifier: sendNextBroadcast mBroadcastedInteractiveState = 1, mPendingInteractiveState = 2, mPendingWakeUpBroadcast = false, mPendingGoToSleepBroadcast = true
10-23 09:09:58.280  1091  1091 D PowerManagerNotifier: sendGoToSleepBroadcast
10-23 09:09:58.280  1091  1091 D PowerManagerNotifier: sendGoToSleepBroadcast - sendOrderedBroadcastAsUser
10-23 09:09:58.281  1091  1091 V ActivityManager: Broadcast: Intent { act=android.intent.action.SCREEN_OFF flg=0x50000010 } ordered=true userid=-1 callerApp=ProcessRecord{80e9be 1091:system/1000}
10-23 09:09:58.283  1091  1091 D ActivityThread: BDC-Calling finishReceiver: IIntentReceiver=d771505
10-23 09:09:58.285  1091  1091 D ActivityThread: BDC-Calling finishReceiver: IIntentReceiver=2dd0896
10-23 09:09:58.287  1091  1091 D ActivityThread: BDC-Calling finishReceiver: IIntentReceiver=c635bd9
10-23 09:09:58.290  1091  1091 D ActivityThread: BDC-Calling finishReceiver: IIntentReceiver=a528938
10-23 09:09:58.292  1091  1091 D ActivityThread: BDC-Calling finishReceiver: IIntentReceiver=35ad76b
10-23 09:09:58.294  1091  1091 D ActivityThread: BDC-Calling finishReceiver: IIntentReceiver=b0422ff
10-23 09:09:58.297  1091  1091 D ActivityThread: BDC-Calling finishReceiver: IIntentReceiver=bd9d1a6
10-23 09:09:58.301  1091  1485 D DisplayPowerController: requestPowerState: policy=OFF, useProximitySensor=false, screenBrightness=102, screenAutoBrightnessAdjustment=0.0, brightnessSetByUser=true, useAutoBrightness=false, blockScreenOn=false, lowPowerMode=false, boostScreenBrightness=false, dozeScreenBrightness=-1, dozeScreenState=UNKNOWN, useTwilight=false,autoModeScreenBrightness=255,autoModeManualOp=false, waitForNegativeProximity=false, changed=false
10-23 09:09:58.301  1091  1485 D PowerManagerNotifier: onWakeLockAcquired: flags=1, tag="WifiSuspend", packageName=android, ownerUid=1000, ownerPid=1091, workSource=null
10-23 09:09:58.305  1091  1485 D AlarmManager: manual remove option = null
10-23 09:09:58.305  1091  1485 D AlarmManager: remove(operation) changed bounds; rebatching operation = null
10-23 09:09:58.309  1091  1485 D AlarmManager: set alarm to RTC 1954867729
10-23 09:09:58.332  1091  1485 D PowerManagerNotifier: onWakeLockReleased: flags=1, tag="WifiSuspend", packageName=android, ownerUid=1000, ownerPid=1091, workSource=null
10-23 09:09:58.332  1091  1485 D DisplayPowerController: requestPowerState: policy=OFF, useProximitySensor=false, screenBrightness=102, screenAutoBrightnessAdjustment=0.0, brightnessSetByUser=true, useAutoBrightness=false, blockScreenOn=false, lowPowerMode=false, boostScreenBrightness=false, dozeScreenBrightness=-1, dozeScreenState=UNKNOWN, useTwilight=false,autoModeScreenBrightness=255,autoModeManualOp=false, waitForNegativeProximity=false, changed=false
10-23 09:09:58.359  1091  1091 D ActivityThread: BDC-Calling finishReceiver: IIntentReceiver=84f402d
10-23 09:09:58.363  1091  1091 D ActivityThread: BDC-Calling finishReceiver: IIntentReceiver=f5c770e
10-23 09:09:58.366  1091  1091 V AlarmManager: APP set(PendingIntent{9be5d1b: PendingIntentRecord{44e0eb8 android broadcastIntent}}) : type=2 triggerAtTime=1959123048 win=300000 tElapsed=1959123048 maxElapsed=1959423048 interval=0 flags=0x8
10-23 09:09:58.366  1091  1091 D ActivityThread: BDC-Calling finishReceiver: IIntentReceiver=68c2260
10-23 09:09:58.369  1091  1091 D ActivityThread: BDC-Calling finishReceiver: IIntentReceiver=c2b742f
10-23 09:09:58.371  1091  1091 D WifiService: onReceive, action:android.intent.action.SCREEN_OFF
10-23 09:09:58.371  1091  1091 D ActivityThread: BDC-Calling finishReceiver: IIntentReceiver=85bcbb8
10-23 09:09:58.372  1091  1484 D WifiController: DeviceActiveState{ when=-1ms what=155651 target=com.android.internal.util.StateMachine$SmHandler }
10-23 09:09:58.372  1091  1484 D WifiController: StaEnabledState{ when=-1ms what=155651 target=com.android.internal.util.StateMachine$SmHandler }
10-23 09:09:58.372  1091  1484 D WifiController: DefaultState{ when=-1ms what=155651 target=com.android.internal.util.StateMachine$SmHandler }
10-23 09:09:58.372  1091  1484 D WifiController: wifiSleepPolicy:2, means: Never sleep
10-23 09:09:58.374  1091  1091 D DataShapingService: received broadcast, action is: android.intent.action.SCREEN_OFF
10-23 09:09:58.374  1091  1091 D ActivityThread: BDC-Calling finishReceiver: IIntentReceiver=b9df3eb
10-23 09:09:58.374  1091  1525 D DataShapingService: [handleMessage] msg_screen_state_changed
10-23 09:09:58.374  1091  1525 D DataShapingUtils: [isNetworkTypeLte] mCurrentNetworkType: 0
10-23 09:09:58.374  1091  1525 D DataShapingUtils: [isScreenOn] false
10-23 09:09:58.375  1537  1670 D ActivityThread: BDC-Calling finishReceiver: IIntentReceiver=5c001e6
10-23 09:09:58.386  1091  1525 D DataShapingUtils: [isSharedDefaultApnEstablished]: false
10-23 09:09:58.386  1091  1525 D UsbDeviceManager: getCurrentState - 1
10-23 09:09:58.386  1091  1525 D DataShapingUtils: [isUsbConnected] isUsbConneted: true
10-23 09:09:58.386  1091  1525 D UsbDeviceManager: getCurrentState - 1
10-23 09:09:58.386  1091  1525 D DataShapingUtils: [isWifiTetheringEnabled] isWifiApEnabled: false
10-23 09:09:58.386  1091  1525 D DataShapingUtils: [isAppIdleParoleOn] App Standby is enable
10-23 09:09:58.386  1091  1525 I NetworkIdentity: buildNetworkIdentity:
10-23 09:09:58.386  1091  1525 I NetworkIdentity: networkId = KabelBox-6C6C
10-23 09:09:58.387  1091  1525 D ConnectivityService: getActiveNetworkInfo networkInfo = [type: WIFI[], state: CONNECTED/CONNECTED, reason: (unspecified), extra: "KabelBox-6C6C", failover: false, available: true, roaming: false, metered: false]
10-23 09:09:58.387  1091  1525 D DataShapingUtils: [setLteAsReport] networkType = 1 networkSubType =  isMobile = false isLte = false isDataOn = true
10-23 09:09:58.387  1091  1525 D DataShapingUtils: [canTurnFromLockedToOpen] isNetworkTypeLte|false isScreenOn|false isSharedDefaultApnEstablised|false isUsbConnected|true isWifiTetheringEnabled|false isAppIdleParoleOn|false isDeviceIdleEnable|false isLteDataOn|false
10-23 09:09:58.387  1091  1525 D DataShapingUtils: [canTurnFromLockedToOpen]: false
10-23 09:09:58.387  1091  1525 D GateOpenLockedState: Still stay in Open Locked state!
10-23 09:09:58.388  1091  1465 D NetworkPolicy: no need to update restrict power rules for uid 1001
10-23 09:09:58.389  1091  1465 D NetworkPolicy: no need to update restrict data rules for uid 1001
10-23 09:09:58.389  1091  1465 D NetworkManagement: oldRule = 0, newRule=0 for uid=10012 on chain 2
10-23 09:09:58.389  1091  1465 D NetworkManagement: !!!!! Skipping change
10-23 09:09:58.390  1091  1465 W PackageManager: checkUidPermission(): android.permission.INTERNET of 10013 is denied.
10-23 09:09:58.390  1091  1465 W PackageManager: checkUidPermission(): android.permission.INTERNET of 10013 is denied.
10-23 09:09:58.390  1091  1465 D NetworkPolicy: no need to update restrict power rules for uid 10013
10-23 09:09:58.390  1091  1465 W PackageManager: checkUidPermission(): android.permission.INTERNET of 10013 is denied.
10-23 09:09:58.390  1091  1465 D NetworkPolicy: no need to update restrict data rules for uid 10013
10-23 09:09:58.390  1091  1465 W PackageManager: checkUidPermission(): android.permission.INTERNET of 10025 is denied.
10-23 09:09:58.390  1091  1465 W PackageManager: checkUidPermission(): android.permission.INTERNET of 10025 is denied.
10-23 09:09:58.390  1091  1465 D NetworkPolicy: no need to update restrict power rules for uid 10025
10-23 09:09:58.390  1091  1465 W PackageManager: checkUidPermission(): android.permission.INTERNET of 10025 is denied.
10-23 09:09:58.390  1091  1465 D NetworkPolicy: no need to update restrict data rules for uid 10025
10-23 09:09:58.390  1091  1465 D NetworkManagement: oldRule = 0, newRule=0 for uid=10026 on chain 2
10-23 09:09:58.390  1091  1465 D NetworkManagement: !!!!! Skipping change
10-23 09:09:58.392  1091  1091 D ActivityThread: BDC-Calling finishReceiver: IIntentReceiver=f248119
10-23 09:09:58.394  1537  1537 D ActivityThread: BDC-Calling finishReceiver: IIntentReceiver=aaaed4b
10-23 09:09:58.396  1091  1108 D ActivityThread: BDC-Calling finishReceiver: IIntentReceiver=b59c5d1
10-23 09:09:58.398  1770  1770 D ActivityThread: BDC-Calling finishReceiver: IIntentReceiver=63b95ab
10-23 09:09:58.404  1752  1752 D ActivityThread: BDC-Calling finishReceiver: IIntentReceiver=3f424d4
10-23 09:09:58.413  1752  1752 D ActivityThread: BDC-Calling finishReceiver: IIntentReceiver=224767d
10-23 09:09:58.422  1091  9758 D DisplayPowerController: requestPowerState: policy=OFF, useProximitySensor=false, screenBrightness=102, screenAutoBrightnessAdjustment=0.0, brightnessSetByUser=true, useAutoBrightness=false, blockScreenOn=false, lowPowerMode=false, boostScreenBrightness=false, dozeScreenBrightness=-1, dozeScreenState=UNKNOWN, useTwilight=false,autoModeScreenBrightness=255,autoModeManualOp=false, waitForNegativeProximity=false, changed=false
10-23 09:09:58.422  1091  9758 D PowerManagerNotifier: onWakeLockAcquired: flags=1, tag="RILJ", packageName=com.android.phone, ownerUid=1001, ownerPid=1752, workSource=null
10-23 09:09:58.423  1752  1752 D ActivityThread: BDC-Calling finishReceiver: IIntentReceiver=74eb972
10-23 09:09:58.425  1752  1752 D ActivityThread: BDC-Calling finishReceiver: IIntentReceiver=931e1c3
