10-23 09:09:58.430  1091  6943 D PowerManagerNotifier: onWakeLockReleased: flags=1, tag="RILJ", packageName=com.android.phone, ownerUid=1001, ownerPid=1752, workSource=null
10-23 09:09:58.431  1091  6943 D DisplayPowerController: requestPowerState: policy=OFF, useProximitySensor=false, screenBrightness=102, screenAutoBrightnessAdjustment=0.0, brightnessSetByUser=true, useAutoBrightness=false, blockScreenOn=false, lowPowerMode=false, boostScreenBrightness=false, dozeScreenBrightness=-1, dozeScreenState=UNKNOWN, useTwilight=false,autoModeScreenBrightness=255,autoModeManualOp=false, waitForNegativeProximity=false, changed=false
10-23 09:09:58.434  1752  1752 D ActivityThread: BDC-Calling finishReceiver: IIntentReceiver=cd8ba40
10-23 09:09:58.435  1752  1752 D ActivityThread: BDC-Calling finishReceiver: IIntentReceiver=e86fd79
10-23 09:09:58.438  1537  1537 D ActivityThread: BDC-Calling finishReceiver: IIntentReceiver=2161328
10-23 09:09:58.441  1752  1752 D ActivityThread: BDC-Calling finishReceiver: IIntentReceiver=54afabe
10-23 09:09:58.442  1752  1752 D ActivityThread: SVC-Calling onStartCommand: com.android.stk.StkAppService@ac7bf76, flags=0, startId=347
10-23 09:09:58.445  1537  1537 D ActivityThread: BDC-Calling finishReceiver: IIntentReceiver=1d5c0e3
10-23 09:09:58.446  1091  1091 D ActivityThread: BDC-Calling finishReceiver: IIntentReceiver=b872fa5
10-23 09:09:58.450 12682 12682 D ActivityThread: BDC-Calling finishReceiver: IIntentReceiver=e2152fd
10-23 09:09:58.454  1091  4313 D DisplayPowerController: requestPowerState: policy=OFF, useProximitySensor=false, screenBrightness=102, screenAutoBrightnessAdjustment=0.0, brightnessSetByUser=true, useAutoBrightness=false, blockScreenOn=false, lowPowerMode=false, boostScreenBrightness=false, dozeScreenBrightness=-1, dozeScreenState=UNKNOWN, useTwilight=false,autoModeScreenBrightness=255,autoModeManualOp=false, waitForNegativeProximity=false, changed=false
10-23 09:09:58.454  1091  4313 D PowerManagerNotifier: onWakeLockAcquired: flags=1, tag="Wakeful StateMachine: GeofencerStateMachine", packageName=com.google.android.gms, ownerUid=10012, ownerPid=12682, workSource=WorkSource{10012 com.google.android.gms}
10-23 09:09:58.454 12682 12682 D ActivityThread: BDC-Calling finishReceiver: IIntentReceiver=98d5243
10-23 09:09:58.456 12682 12887 D ActivityThread: BDC-Calling finishReceiver: IIntentReceiver=30ea0c0
10-23 09:09:58.458  1091 15645 D PowerManagerNotifier: onWakeLockReleased: flags=1, tag="Wakeful StateMachine: GeofencerStateMachine", packageName=com.google.android.gms, ownerUid=10012, ownerPid=12682, workSource=WorkSource{10012 com.google.android.gms}
10-23 09:09:58.458  1091 15645 D DisplayPowerController: requestPowerState: policy=OFF, useProximitySensor=false, screenBrightness=102, screenAutoBrightnessAdjustment=0.0, brightnessSetByUser=true, useAutoBrightness=false, blockScreenOn=false, lowPowerMode=false, boostScreenBrightness=false, dozeScreenBrightness=-1, dozeScreenState=UNKNOWN, useTwilight=false,autoModeScreenBrightness=255,autoModeManualOp=false, waitForNegativeProximity=false, changed=false
10-23 09:09:58.462 12682 12887 D ActivityThread: BDC-Calling finishReceiver: IIntentReceiver=6b521f9
10-23 09:09:58.465 12682 12887 D ActivityThread: BDC-Calling finishReceiver: IIntentReceiver=b0f853e
10-23 09:09:58.468  1091  1645 D DisplayPowerController: requestPowerState: policy=OFF, useProximitySensor=false, screenBrightness=102, screenAutoBrightnessAdjustment=0.0, brightnessSetByUser=true, useAutoBrightness=false, blockScreenOn=false, lowPowerMode=false, boostScreenBrightness=false, dozeScreenBrightness=-1, dozeScreenState=UNKNOWN, useTwilight=false,autoModeScreenBrightness=255,autoModeManualOp=false, waitForNegativeProximity=false, changed=false
10-23 09:09:58.468  1091  1645 D PowerManagerNotifier: onWakeLockAcquired: flags=1, tag="NlpWakeLock", packageName=com.google.android.gms, ownerUid=10012, ownerPid=12682, workSource=WorkSource{10012 com.google.android.gms}
10-23 09:09:58.472  1091  1864 D PowerManagerNotifier: onWakeLockReleased: flags=1, tag="NlpWakeLock", packageName=com.google.android.gms, ownerUid=10012, ownerPid=12682, workSource=WorkSource{10012 com.google.android.gms}
10-23 09:09:58.472  1091  1864 D DisplayPowerController: requestPowerState: policy=OFF, useProximitySensor=false, screenBrightness=102, screenAutoBrightnessAdjustment=0.0, brightnessSetByUser=true, useAutoBrightness=false, blockScreenOn=false, lowPowerMode=false, boostScreenBrightness=false, dozeScreenBrightness=-1, dozeScreenState=UNKNOWN, useTwilight=false,autoModeScreenBrightness=255,autoModeManualOp=false, waitForNegativeProximity=false, changed=false
10-23 09:09:58.473 12682 12898 D ActivityThread: BDC-Calling finishReceiver: IIntentReceiver=fb51a4f
10-23 09:09:58.475 12682 12682 D ActivityThread: BDC-Calling finishReceiver: IIntentReceiver=517aad4
10-23 09:09:58.478 12682 12682 D ActivityThread: BDC-Calling finishReceiver: IIntentReceiver=9d08ec
10-23 09:09:58.481  5704  5704 D ActivityThread: BDC-Calling finishReceiver: IIntentReceiver=25c0b55
10-23 09:09:58.484 12682 12682 D ActivityThread: BDC-Calling finishReceiver: IIntentReceiver=f1e04fc
10-23 09:09:58.487 12682 12682 D ActivityThread: BDC-Calling finishReceiver: IIntentReceiver=c351785
10-23 09:09:58.490  1091 12635 V AlarmManager: APP set(PendingIntent{85c1b0d: PendingIntentRecord{3d721e9 com.google.android.gms broadcastIntent}}) : type=0 triggerAtTime=1540292998489 win=-1 tElapsed=1969263171 maxElapsed=1980063170 interval=0 flags=0x0
10-23 09:09:58.491 12682 12682 D ActivityThread: BDC-Calling finishReceiver: IIntentReceiver=92a588e
10-23 09:09:58.496  2190  2190 D ActivityThread: BDC-Calling finishReceiver: IIntentReceiver=9718061
10-23 09:09:58.497  2190  2190 D ActivityThread: BDC-Calling finishReceiver: IIntentReceiver=6776786
10-23 09:09:58.504 30388 30388 D ActivityThread: BDC-Calling finishReceiver: IIntentReceiver=b7f06ce
10-23 09:09:58.506 12682 12682 D ActivityThread: BDC-Calling finishReceiver: IIntentReceiver=3e5e159
10-23 09:09:58.512  4192  4192 D ActivityThread: BDC-Calling finishReceiver: IIntentReceiver=cecd0be
10-23 09:09:58.514  4192  4192 D ActivityThread: BDC-Calling finishReceiver: IIntentReceiver=f5ccb94
10-23 09:09:58.517 12682 12682 D ActivityThread: BDC-Calling finishReceiver: IIntentReceiver=a5471a5
10-23 09:09:58.522 12682 12682 D ActivityThread: BDC-Calling finishReceiver: IIntentReceiver=b32d97a
10-23 09:09:58.523  1091  1091 D PowerManagerNotifier: mGoToSleepBroadcastDone - sendNextBroadcast
10-23 09:09:58.524  1091  1091 D PowerManagerNotifier: sendNextBroadcast mBroadcastedInteractiveState = 2, mPendingInteractiveState = 2, mPendingWakeUpBroadcast = false, mPendingGoToSleepBroadcast = false
10-23 09:09:58.524  1091  1091 D PowerManagerNotifier: finishPendingBroadcastLocked
10-23 09:10:00.000  1091  1266 D AlarmManager: set alarm to RTC 1955044683
10-23 09:10:00.437  1091  1112 E BatteryStatsService: no controller energy info supplied
10-23 09:10:00.440  1091 15643 D DisplayPowerController: requestPowerState: policy=OFF, useProximitySensor=false, screenBrightness=102, screenAutoBrightnessAdjustment=0.0, brightnessSetByUser=true, useAutoBrightness=false, blockScreenOn=false, lowPowerMode=false, boostScreenBrightness=false, dozeScreenBrightness=-1, dozeScreenState=UNKNOWN, useTwilight=false,autoModeScreenBrightness=255,autoModeManualOp=false, waitForNegativeProximity=false, changed=false
10-23 09:10:00.440  1091 15643 D PowerManagerNotifier: onWakeLockAcquired: flags=1, tag="RILJ", packageName=com.android.phone, ownerUid=1001, ownerPid=1752, workSource=null
10-23 09:10:00.446  1091  1112 E BatteryStatsService: no controller energy info supplied
10-23 09:10:00.468  1091  6944 D PowerManagerNotifier: onWakeLockReleased: flags=1, tag="RILJ", packageName=com.android.phone, ownerUid=1001, ownerPid=1752, workSource=null
10-23 09:10:00.470  1091  1112 E KernelCpuSpeedReader: Failed to read cpu-freq: /sys/devices/system/cpu/cpu0/cpufreq/stats/time_in_state (No such file or directory)
10-23 09:10:00.480  1091  6944 D DisplayPowerController: requestPowerState: policy=OFF, useProximitySensor=false, screenBrightness=102, screenAutoBrightnessAdjustment=0.0, brightnessSetByUser=true, useAutoBrightness=false, blockScreenOn=false, lowPowerMode=false, boostScreenBrightness=false, dozeScreenBrightness=-1, dozeScreenState=UNKNOWN, useTwilight=false,autoModeScreenBrightness=255,autoModeManualOp=false, waitForNegativeProximity=false, changed=false
10-23 09:10:03.046  1091  1266 D AlarmManager: set alarm to RTC 1954899592
10-23 09:10:03.047  1091  1266 D DataShapingService: Alarm manager openLteDataUpLinkGate: false
10-23 09:10:03.047  1091  1266 V AlarmManager: openLteGateSuccess = false
10-23 09:10:03.049  1091  1266 V ActivityManager: Broadcast: Intent { act=android.intent.action.TIME_TICK flg=0x50000014 (has extras) } ordered=true userid=-1 callerApp=null
10-23 09:10:03.059  1091  1091 V AlarmManager: mSupportAlarmGrouping = true  mAmPlus = com.mediatek.amplus.AlarmManagerPlus@bc60da8
10-23 09:10:03.060  1091  1266 V AlarmManager: sending alarm Alarm{883aac2 type 3 when 1954864683 android} success
10-23 09:10:03.061  1091  1266 D DisplayPowerController: requestPowerState: policy=OFF, useProximitySensor=false, screenBrightness=102, screenAutoBrightnessAdjustment=0.0, brightnessSetByUser=true, useAutoBrightness=false, blockScreenOn=false, lowPowerMode=false, boostScreenBrightness=false, dozeScreenBrightness=-1, dozeScreenState=UNKNOWN, useTwilight=false,autoModeScreenBrightness=255,autoModeManualOp=false, waitForNegativeProximity=false, changed=false
10-23 09:10:03.062  1091  1266 D PowerManagerNotifier: onWakeLockAcquired: flags=1073741825, tag="*alarm*", packageName=android, ownerUid=1000, ownerPid=1091, workSource=WorkSource{1000}
10-23 09:10:03.063  1091  1266 D AlarmManager: wakeup alarm = Alarm{22300d3 type 2 when 1954867729 com.android.systemui}; package = com.android.systemuineedGrouping = false
10-23 09:10:03.065  1091  1266 V ActivityManager: Broadcast: Intent { act=com.android.internal.policy.impl.PhoneWindowManager.DELAYED_KEYGUARD flg=0x10000014 (has extras) } ordered=true userid=0 callerApp=null
10-23 09:10:03.067  1091  1266 V AlarmManager: sending alarm Alarm{22300d3 type 2 when 1954867729 com.android.systemui} success
10-23 09:10:03.068  1091  1091 V AlarmManager: APP set(PendingIntent{4a14750: PendingIntentRecord{445ed49 android broadcastIntent}}) : type=3 triggerAtTime=1954924682 win=0 tElapsed=1954924682 maxElapsed=1954924682 interval=0 flags=0x1
10-23 09:10:03.070  1091  1091 D ActivityThread: BDC-Calling finishReceiver: IIntentReceiver=e25094d
10-23 09:10:03.071  1537  1537 D ActivityThread: BDC-Calling finishReceiver: IIntentReceiver=40d6823
10-23 09:10:03.072  1091 15642 D AlarmManager: getNextAlarmClockImpl is called before Lock 
10-23 09:10:03.072  1091 15642 D AlarmManager: getNextAlarmClockImpl is called in Lock 
10-23 09:10:03.082  1537  1537 D ActivityThread: BDC-Calling finishReceiver: IIntentReceiver=952e3e2
10-23 09:10:03.088  1537  1537 D ActivityThread: BDC-Calling finishReceiver: IIntentReceiver=c861373
10-23 09:10:03.105  1537  1537 D ActivityThread: BDC-Calling finishReceiver: IIntentReceiver=cf58230
10-23 09:10:03.110  1537  1537 D ActivityThread: BDC-Calling finishReceiver: IIntentReceiver=3533ea9
10-23 09:10:03.115  1537  1537 D ActivityThread: BDC-Calling finishReceiver: IIntentReceiver=73f5c2e
10-23 09:10:03.136  1537  1537 D ActivityThread: BDC-Calling finishReceiver: IIntentReceiver=da473cf
10-23 09:10:03.157  1537  1537 D ActivityThread: BDC-Calling finishReceiver: IIntentReceiver=b68915c
10-23 09:10:03.194  1537  1537 D ActivityThread: BDC-Calling finishReceiver: IIntentReceiver=717be84
10-23 09:10:03.200  2190  2190 D ActivityThread: BDC-Calling finishReceiver: IIntentReceiver=a061847
10-23 09:10:03.214  2190  2190 D ActivityThread: BDC-Calling finishReceiver: IIntentReceiver=5e4c19d
10-23 09:10:03.217  1091  1091 D AlarmManager: onSendFinished begin
10-23 09:10:03.217  1091  1091 D PowerManagerNotifier: onWakeLockChanging: flags=1073741825, tag="*alarm*", packageName=android, ownerUid=1000, ownerPid=1091, workSource=WorkSource{10025}
10-23 09:10:03.218  1091  1109 V ActivityManager: Broadcast: Intent { act=android.os.action.POWER_SAVE_TEMP_WHITELIST_CHANGED flg=0x40000010 } ordered=false userid=0 callerApp=ProcessRecord{80e9be 1091:system/1000}
10-23 09:10:03.219  1091  1109 W PackageManager: checkUidPermission(): android.permission.INTERNET of 10025 is denied.
10-23 09:10:03.219  1091  1109 W PackageManager: checkUidPermission(): android.permission.INTERNET of 10025 is denied.
10-23 09:10:03.219  1091  1109 D NetworkPolicy: no need to update restrict power rules for uid 10025
10-23 09:10:03.222  1091  3382 D DisplayPowerController: requestPowerState: policy=OFF, useProximitySensor=false, screenBrightness=102, screenAutoBrightnessAdjustment=0.0, brightnessSetByUser=true, useAutoBrightness=false, blockScreenOn=false, lowPowerMode=false, boostScreenBrightness=false, dozeScreenBrightness=-1, dozeScreenState=UNKNOWN, useTwilight=false,autoModeScreenBrightness=255,autoModeManualOp=false, waitForNegativeProximity=false, changed=false
10-23 09:10:03.222  1091  3382 D PowerManagerNotifier: onWakeLockAcquired: flags=1, tag="show keyguard", packageName=com.android.systemui, ownerUid=10025, ownerPid=1537, workSource=null
10-23 09:10:03.223  1537  1537 D ActivityThread: BDC-Calling finishReceiver: IIntentReceiver=b5a7ae0
10-23 09:10:03.225  1091  1091 D AlarmManager: onSendFinished begin
10-23 09:10:03.225  1091  1091 D PowerManagerNotifier: onWakeLockReleased: flags=1073741825, tag="*alarm*", packageName=android, ownerUid=1000, ownerPid=1091, workSource=WorkSource{10025}
10-23 09:10:03.225  1091  1091 D DisplayPowerController: requestPowerState: policy=OFF, useProximitySensor=false, screenBrightness=102, screenAutoBrightnessAdjustment=0.0, brightnessSetByUser=true, useAutoBrightness=false, blockScreenOn=false, lowPowerMode=false, boostScreenBrightness=false, dozeScreenBrightness=-1, dozeScreenState=UNKNOWN, useTwilight=false,autoModeScreenBrightness=255,autoModeManualOp=false, waitForNegativeProximity=false, changed=false
10-23 09:10:03.428  1537  1537 V KeyguardStatusView: refresh statusview showing:true
10-23 09:10:03.429  1091 15645 D AlarmManager: getNextAlarmClockImpl is called before Lock 
10-23 09:10:03.429  1091 15645 D AlarmManager: getNextAlarmClockImpl is called in Lock 
10-23 09:10:03.440  1091  3387 D StatusBarManagerService: disable statusbar calling PID = 1537
10-23 09:10:03.440  1091  3296 D PowerManagerNotifier: onUserActivity: event=0, uid=10025
10-23 09:10:03.441  1091  3382 D PowerManagerNotifier: onWakeLockReleased: flags=1, tag="show keyguard", packageName=com.android.systemui, ownerUid=10025, ownerPid=1537, workSource=null
10-23 09:10:03.441  1091  3382 D DisplayPowerController: requestPowerState: policy=OFF, useProximitySensor=false, screenBrightness=102, screenAutoBrightnessAdjustment=0.0, brightnessSetByUser=true, useAutoBrightness=false, blockScreenOn=false, lowPowerMode=false, boostScreenBrightness=false, dozeScreenBrightness=-1, dozeScreenState=UNKNOWN, useTwilight=false,autoModeScreenBrightness=255,autoModeManualOp=false, waitForNegativeProximity=false, changed=false
10-23 09:10:03.443  1537  1537 V KeyguardDisplayManager: show
10-23 09:10:03.450  1091 12637 V WindowManager: Looking for focus: 9 = Window{fee1662 u0 StatusBar}, flags=-2120875968, canReceive=true
10-23 09:10:03.450  1091 12637 V WindowManager: Changing focus from Window{7d06328 u0 com.android.launcher3/com.android.launcher3.Launcher} to Window{fee1662 u0 StatusBar} Callers=com.android.server.wm.WindowManagerService.relayoutWindow:3124 com.android.server.wm.Session.relayout:227 android.view.IWindowSession$Stub.onTransact:286 com.android.server.wm.Session.onTransact:148 
10-23 09:10:03.450  1091 12637 D WindowManager: Input focus has changed to Window{fee1662 u0 StatusBar}
10-23 09:10:03.471  1091 12637 D PowerManagerService: UA TimeoutOverrideFromWindowManagerInternal = 10000
10-23 09:10:03.471  1091 12637 D DisplayPowerController: requestPowerState: policy=OFF, useProximitySensor=false, screenBrightness=102, screenAutoBrightnessAdjustment=0.0, brightnessSetByUser=true, useAutoBrightness=false, blockScreenOn=false, lowPowerMode=false, boostScreenBrightness=false, dozeScreenBrightness=-1, dozeScreenState=UNKNOWN, useTwilight=false,autoModeScreenBrightness=255,autoModeManualOp=false, waitForNegativeProximity=false, changed=false
10-23 09:10:03.475  1091  1165 I WindowManager: Focus moving from Window{7d06328 u0 com.android.launcher3/com.android.launcher3.Launcher} to Window{fee1662 u0 StatusBar}
10-23 09:10:03.475  1091  1165 I WindowManager: Gaining focus: Window{fee1662 u0 StatusBar}
10-23 09:10:03.492  1091  1165 V WindowManager: Now policy hidden: Window{7d06328 u0 com.android.launcher3/com.android.launcher3.Launcher}
10-23 09:10:03.593  1091  1165 I WindowManager: Losing delayed focus: Window{7d06328 u0 com.android.launcher3/com.android.launcher3.Launcher}
10-23 09:10:03.943  1091 15644 V ActivityManager: Broadcast: Intent { act=android.intent.action.CLOSE_SYSTEM_DIALOGS flg=0x50000010 (has extras) } ordered=false userid=-1 callerApp=null
10-23 09:10:05.064   454  1013 D SocketClient: SocketClient sendData done: 613 IfaceClass active 1 1954869746311635 0
10-23 09:10:05.066  1091  1462 D NetdConnector: RCV <- {613 IfaceClass active 1 1954869746311635 0}
10-23 09:10:05.067  1091  1163 D NetworkManagement: onEvent:613 IfaceClass active 1 1954869746311635 0:6
10-23 09:10:05.070  1091  1163 V ActivityManager: Broadcast: Intent { act=android.net.conn.DATA_ACTIVITY_CHANGE flg=0x10 (has extras) } ordered=true userid=-1 callerApp=ProcessRecord{80e9be 1091:system/1000}
10-23 09:10:05.074 12682 12682 D ActivityThread: BDC-Calling finishReceiver: IIntentReceiver=ac990ef
10-23 09:10:05.081  1091  1163 V ActivityManager: Broadcast sticky: Intent { act=android.net.conn.DATA_ACTIVITY_CHANGE_CT flg=0x10 (has extras) } ordered=false userid=-1 callerApp=ProcessRecord{80e9be 1091:system/1000}
--------- beginning of main
10-23 09:10:06.912   316   743 I MAL-RDS :  (       rds_cell_only_vdf, 6095) [RDS-I][RU][rds_cell_only_vdf] RPL Type 0, Ori:(254,254) New:(254,254) sim(0)
10-23 09:10:06.912   316   743 I MAL-RDS :  (          rds_ru_rpl_gen, 7710) [RDS-I][RU][rds_ru_rpl_gen][RDS][OP6] TYPE : <1>, UI Policy : <3>, RDS Policy : <3>
10-23 09:10:06.912   316   743 I MAL-RDS :  (       rds_cell_only_vdf, 6095) [RDS-I][RU][rds_cell_only_vdf] RPL Type 1, Ori:(254,254) New:(254,254) sim(0)
10-23 09:10:06.912   316   743 I MAL-RDS :  (          rds_ru_rpl_gen, 7710) [RDS-I][RU][rds_ru_rpl_gen][RDS][OP6] TYPE : <2>, UI Policy : <3>, RDS Policy : <3>
10-23 09:10:06.912   316   743 I MAL-RDS :  (       rds_cell_only_vdf, 6095) [RDS-I][RU][rds_cell_only_vdf] RPL Type 2, Ori:(254,254) New:(254,254) sim(0)
10-23 09:10:06.912   316   743 I MAL-RDS :  (          rds_ru_rpl_gen, 7710) [RDS-I][RU][rds_ru_rpl_gen][RDS][OP6] TYPE : <3>, UI Policy : <3>, RDS Policy : <3>
10-23 09:10:06.912   316   743 I MAL-RDS :  (          rds_ru_rpl_gen, 7710) [RDS-I][RU][rds_ru_rpl_gen][RDS][OP6] TYPE : <4>, UI Policy : <3>, RDS Policy : <3>
10-23 09:10:06.912   316   743 I MAL-RDS :  (          rds_ru_rpl_gen, 7710) [RDS-I][RU][rds_ru_rpl_gen][RDS][OP6] TYPE : <5>, UI Policy : <3>, RDS Policy : <3>
10-23 09:10:06.913   316   743 I MAL-RDS :  (       rds_emergency_vdf, 6379) [RDS-I][RU][rds_emergency_vdf] EMG RPL Ori:(2,254) New:(2,254) sim(0)
10-23 09:10:06.913   316   743 I MAL-RDS :  (          rds_ru_rpl_gen, 7763) [RDS-I][RU][rds_ru_rpl_gen][RDS] Current policy: fgimsolte_en<1>, fgwfc_en<0>, erdspolicy<3>,||Threshold i4wifirssih<-75>, i4wifirssil<-85>, i4wifirssih_ho<-78>, i4wifirssil_ho<-88>, i4wifisnrh<10>, i4wifisnrl<6>||Threshold i4ltersrph<-106>, i4ltersrpm<-111>, i4ltersrpl<-116>, i4ltersrqh<5>, i4ltersrqm<3>, i4ltersrql<1>||Threshold i43grscph<-104>, i43grscpl<-110>, i42grssih<-94>, i42grssil<-102>, i4lterssnrl<-3>, i43gecnol<-15>||current rds ru status: i4wifirssi<-63>, i4wifisnr<9999>, i4ltersrp<-86>, i4ltersrq<9>, u4active_ran<1>, i4lterssnr<-14>, i43grscp<-86>, i43gecno<-5>, i42grssi<-141>, u4sig_reg_status<6>||current wifi backhaul : rtp_plr<0>, rtp_jitter<0>, ping_ind<0>, ltecsr_ind<0>, ||pcscf acc stat : volte<1>, wfc<1> || wifi acc_ctrl:<0>, || current MD stat : MD1 roam <0>, ||Call stat : IR92<0>, IR94<0>, SMS over IP<0>, IPME<0>, sim<0>
10-23 09:10:06.913   316   743 I MAL-RDS :  (          rds_ru_rpl_gen, 7780) [RDS-I][RU][RDS IMS/MMS][rds_ru_rpl_gen][OP-6] Ori:(254,254)/(255,255) New:(254,254)/(255,255)||[RU][RDS IMS/MMS WIFI]Ori:(254,254)/(255,255) New:(254,254)/(255,255)||[RU][RDS IMS/MMS CELL]Ori:(254,254)/(255,255) New:(254,254)/(255,255) , sim<0>
10-23 09:10:06.913   316   750 I MAL-RDS :  (  rds_ru_wifi_status_ind, 1864) [RDS-I][RU][EVENT_RUM_RU_WIFI_STATUS_REQ] fgwifi_en:1(no use) i4wifirssi:0xffffffc1 i4wifisnr:0x270f sim_id:1
10-23 09:10:06.914   316   750 I MAL-RDS :  (          rds_ru_rpl_gen, 7710) [RDS-I][RU][rds_ru_rpl_gen][RDS][OP6] TYPE : <0>, UI Policy : <3>, RDS Policy : <3>
10-23 09:10:06.914   316   750 I MAL-RDS :  (       rds_cell_only_vdf, 6095) [RDS-I][RU][rds_cell_only_vdf] RPL Type 0, Ori:(254,254) New:(254,254) sim(1)
10-23 09:10:06.914   316   750 I MAL-RDS :  (          rds_ru_rpl_gen, 7710) [RDS-I][RU][rds_ru_rpl_gen][RDS][OP6] TYPE : <1>, UI Policy : <3>, RDS Policy : <3>
10-23 09:10:06.914   316   750 I MAL-RDS :  (       rds_cell_only_vdf, 6095) [RDS-I][RU][rds_cell_only_vdf] RPL Type 1, Ori:(254,254) New:(254,254) sim(1)
10-23 09:10:06.914   316   750 I MAL-RDS :  (          rds_ru_rpl_gen, 7710) [RDS-I][RU][rds_ru_rpl_gen][RDS][OP6] TYPE : <2>, UI Policy : <3>, RDS Policy : <3>
10-23 09:10:06.914   316   750 I MAL-RDS :  (       rds_cell_only_vdf, 6095) [RDS-I][RU][rds_cell_only_vdf] RPL Type 2, Ori:(254,254) New:(254,254) sim(1)
10-23 09:10:06.914   316   750 I MAL-RDS :  (          rds_ru_rpl_gen, 7710) [RDS-I][RU][rds_ru_rpl_gen][RDS][OP6] TYPE : <3>, UI Policy : <3>, RDS Policy : <3>
10-23 09:10:06.914   316   750 I MAL-RDS :  (          rds_ru_rpl_gen, 7710) [RDS-I][RU][rds_ru_rpl_gen][RDS][OP6] TYPE : <4>, UI Policy : <3>, RDS Policy : <3>
10-23 09:10:06.914   316   750 I MAL-RDS :  (          rds_ru_rpl_gen, 7710) [RDS-I][RU][rds_ru_rpl_gen][RDS][OP6] TYPE : <5>, UI Policy : <3>, RDS Policy : <3>
10-23 09:10:06.914   316   750 I MAL-RDS :  (       rds_emergency_vdf, 6379) [RDS-I][RU][rds_emergency_vdf] EMG RPL Ori:(2,254) New:(2,254) sim(1)
10-23 09:10:06.914   316   750 I MAL-RDS :  (          rds_ru_rpl_gen, 7763) [RDS-I][RU][rds_ru_rpl_gen][RDS] Current policy: fgimsolte_en<1>, fgwfc_en<0>, erdspolicy<3>,||Threshold i4wifirssih<-75>, i4wifirssil<-85>, i4wifirssih_ho<-78>, i4wifirssil_ho<-88>, i4wifisnrh<10>, i4wifisnrl<6>||Threshold i4ltersrph<-106>, i4ltersrpm<-111>, i4ltersrpl<-116>, i4ltersrqh<5>, i4ltersrqm<3>, i4ltersrql<1>||Threshold i43grscph<-104>, i43grscpl<-110>, i42grssih<-94>, i42grssil<-102>, i4lterssnrl<-3>, i43gecnol<-15>||current rds ru status: i4wifirssi<-63>, i4wifisnr<9999>, i4ltersrp<-141>, i4ltersrq<0>, u4active_ran<1>, i4lterssnr<-50>, i43grscp<-141>, i43gecno<-24>, i42grssi<-141>, u4sig_reg_status<0>||current wifi backhaul : rtp_plr<0>, rtp_jitter<0>, ping_ind<0>, ltecsr_ind<0>, ||pcscf acc stat : volte<1>, wfc<1> || wifi acc_ctrl:<0>, || current MD stat : MD1 roam <0>, ||Call stat : IR92<0>, IR94<0>, SMS over IP<0>, IPME<0>, sim<1>
10-23 09:10:06.915   316   750 I MAL-RDS :  (          rds_ru_rpl_gen, 7780) [RDS-I][RU][RDS IMS/MMS][rds_ru_rpl_gen][OP-6] Ori:(254,254)/(255,255) New:(254,254)/(255,255)||[RU][RDS IMS/MMS WIFI]Ori:(254,254)/(255,255) New:(254,254)/(255,255)||[RU][RDS IMS/MMS CELL]Ori:(254,254)/(255,255) New:(254,254)/(255,255) , sim<1>
10-23 09:10:07.185  1950  1987 E GED     : Failed to execute ioctl 3222824709, BridgeID(5), err(-1)
10-23 09:10:07.185  1950  1987 E GasService: Error on query GED info, err=1
10-23 09:10:07.483   304   304 I wmt_launcher: fw log ctrl flag has been set
10-23 09:10:07.483   304   304 I wmt_launcher: fw dynamic ctrl flag has been set
10-23 09:10:08.186  1950  1987 E GED     : Failed to execute ioctl 3222824709, BridgeID(5), err(-1)
10-23 09:10:08.186  1950  1987 E GasService: Error on query GED info, err=1
10-23 09:10:09.187  1950  1987 E GED     : Failed to execute ioctl 3222824709, BridgeID(5), err(-1)
10-23 09:10:09.187  1950  1987 E GasService: Error on query GED info, err=1
10-23 09:10:09.485   304   304 I wmt_launcher: fw log ctrl flag has been set
10-23 09:10:09.485   304   304 I wmt_launcher: fw dynamic ctrl flag has been set
10-23 09:10:09.716   430   430 I thermal_repeater: oh, queryMdThermalInfo (0)No such file or directory
10-23 09:10:09.724   430   430 I thermal_repeater: [recvMdThermalInfo] ret=28, strLen=127,  2, 32767, -127, 0, 32767, 1
10-23 09:10:09.906   316 18389 I MAL-RDS :  (rum_ws_listener_timeout_,  426) [RDS-I][RDS][RUM][rum_ws_listener_timeout_hndler] rum_check_ctx_ptr<0xf1497018, 0xf1497018>, Send Event: 9909
10-23 09:10:09.906   316 18389 I MAL-RDS :  (   rum_send_event_entity,   81) [RDS-I][RDS][RUM][rum_send_event_entity] send event 9909 to 914
10-23 09:10:09.906   316   735 I MAL-RDS :  (rds_rum_rum_wsl_timer_ti, 1072) [RDS-I][RUM][rds_rum_rum_wsl_timer_timeout_req][RDS] rds_rum_rum_wsl_timer_timeout_req: prcontext->i4wifi_rssi = -63, prcontext->i4wifi_snr = 9999
10-23 09:10:09.918   316   735 I MAL-RDS :  (  rum_update_wifi_status, 1055) [RDS-I][RUM][rum_update_wifi_status][RDS] get rssi<-65> snr<9999> plr<0>
10-23 09:10:09.918   316   735 I MAL-RDS :  (   rum_send_event_entity,   81) [RDS-I][RDS][RUM][rum_send_event_entity] send event 9005 to 906
10-23 09:10:09.918   316   735 I MAL-RDS :  (   rum_send_event_entity,   81) [RDS-I][RDS][RUM][rum_send_event_entity] send event 9005 to 907
10-23 09:10:09.919   316   743 I MAL-RDS :  (  rds_ru_wifi_status_ind, 1864) [RDS-I][RU][EVENT_RUM_RU_WIFI_STATUS_REQ] fgwifi_en:1(no use) i4wifirssi:0xffffffbf i4wifisnr:0x270f sim_id:0
10-23 09:10:09.919   316   743 I MAL-RDS :  (          rds_ru_rpl_gen, 7710) [RDS-I][RU][rds_ru_rpl_gen][RDS][OP6] TYPE : <0>, UI Policy : <3>, RDS Policy : <3>
10-23 09:10:09.919   316   743 I MAL-RDS :  (       rds_cell_only_vdf, 6095) [RDS-I][RU][rds_cell_only_vdf] RPL Type 0, Ori:(254,254) New:(254,254) sim(0)
10-23 09:10:09.919   316   743 I MAL-RDS :  (          rds_ru_rpl_gen, 7710) [RDS-I][RU][rds_ru_rpl_gen][RDS][OP6] TYPE : <1>, UI Policy : <3>, RDS Policy : <3>
10-23 09:10:09.919   316   743 I MAL-RDS :  (       rds_cell_only_vdf, 6095) [RDS-I][RU][rds_cell_only_vdf] RPL Type 1, Ori:(254,254) New:(254,254) sim(0)
10-23 09:10:09.919   316   743 I MAL-RDS :  (          rds_ru_rpl_gen, 7710) [RDS-I][RU][rds_ru_rpl_gen][RDS][OP6] TYPE : <2>, UI Policy : <3>, RDS Policy : <3>
10-23 09:10:09.920   316   743 I MAL-RDS :  (       rds_cell_only_vdf, 6095) [RDS-I][RU][rds_cell_only_vdf] RPL Type 2, Ori:(254,254) New:(254,254) sim(0)
10-23 09:10:09.920   316   743 I MAL-RDS :  (          rds_ru_rpl_gen, 7710) [RDS-I][RU][rds_ru_rpl_gen][RDS][OP6] TYPE : <3>, UI Policy : <3>, RDS Policy : <3>
10-23 09:10:09.920   316   743 I MAL-RDS :  (          rds_ru_rpl_gen, 7710) [RDS-I][RU][rds_ru_rpl_gen][RDS][OP6] TYPE : <4>, UI Policy : <3>, RDS Policy : <3>
10-23 09:10:09.920   316   743 I MAL-RDS :  (          rds_ru_rpl_gen, 7710) [RDS-I][RU][rds_ru_rpl_gen][RDS][OP6] TYPE : <5>, UI Policy : <3>, RDS Policy : <3>
10-23 09:10:09.920   316   743 I MAL-RDS :  (       rds_emergency_vdf, 6379) [RDS-I][RU][rds_emergency_vdf] EMG RPL Ori:(2,254) New:(2,254) sim(0)
10-23 09:10:09.920   316   743 I MAL-RDS :  (          rds_ru_rpl_gen, 7763) [RDS-I][RU][rds_ru_rpl_gen][RDS] Current policy: fgimsolte_en<1>, fgwfc_en<0>, erdspolicy<3>,||Threshold i4wifirssih<-75>, i4wifirssil<-85>, i4wifirssih_ho<-78>, i4wifirssil_ho<-88>, i4wifisnrh<10>, i4wifisnrl<6>||Threshold i4ltersrph<-106>, i4ltersrpm<-111>, i4ltersrpl<-116>, i4ltersrqh<5>, i4ltersrqm<3>, i4ltersrql<1>||Threshold i43grscph<-104>, i43grscpl<-110>, i42grssih<-94>, i42grssil<-102>, i4lterssnrl<-3>, i43gecnol<-15>||current rds ru status: i4wifirssi<-65>, i4wifisnr<9999>, i4ltersrp<-86>, i4ltersrq<9>, u4active_ran<1>, i4lterssnr<-14>, i43grscp<-86>, i43gecno<-5>, i42grssi<-141>, u4sig_reg_status<6>||current wifi backhaul : rtp_plr<0>, rtp_jitter<0>, ping_ind<0>, ltecsr_ind<0>, ||pcscf acc stat : volte<1>, wfc<1> || wifi acc_ctrl:<0>, || current MD stat : MD1 roam <0>, ||Call stat : IR92<0>, IR94<0>, SMS over IP<0>, IPME<0>, sim<0>
10-23 09:10:09.920   316   743 I MAL-RDS :  (          rds_ru_rpl_gen, 7780) [RDS-I][RU][RDS IMS/MMS][rds_ru_rpl_gen][OP-6] Ori:(254,254)/(255,255) New:(254,254)/(255,255)||[RU][RDS IMS/MMS WIFI]Ori:(254,254)/(255,255) New:(254,254)/(255,255)||[RU][RDS IMS/MMS CELL]Ori:(254,254)/(255,255) New:(254,254)/(255,255) , sim<0>
10-23 09:10:09.921   316   750 I MAL-RDS :  (  rds_ru_wifi_status_ind, 1864) [RDS-I][RU][EVENT_RUM_RU_WIFI_STATUS_REQ] fgwifi_en:1(no use) i4wifirssi:0xffffffbf i4wifisnr:0x270f sim_id:1
10-23 09:10:09.921   316   750 I MAL-RDS :  (          rds_ru_rpl_gen, 7710) [RDS-I][RU][rds_ru_rpl_gen][RDS][OP6] TYPE : <0>, UI Policy : <3>, RDS Policy : <3>
10-23 09:10:09.921   316   750 I MAL-RDS :  (       rds_cell_only_vdf, 6095) [RDS-I][RU][rds_cell_only_vdf] RPL Type 0, Ori:(254,254) New:(254,254) sim(1)
10-23 09:10:09.921   316   750 I MAL-RDS :  (          rds_ru_rpl_gen, 7710) [RDS-I][RU][rds_ru_rpl_gen][RDS][OP6] TYPE : <1>, UI Policy : <3>, RDS Policy : <3>
10-23 09:10:09.921   316   750 I MAL-RDS :  (       rds_cell_only_vdf, 6095) [RDS-I][RU][rds_cell_only_vdf] RPL Type 1, Ori:(254,254) New:(254,254) sim(1)
10-23 09:10:09.921   316   750 I MAL-RDS :  (          rds_ru_rpl_gen, 7710) [RDS-I][RU][rds_ru_rpl_gen][RDS][OP6] TYPE : <2>, UI Policy : <3>, RDS Policy : <3>
10-23 09:10:09.921   316   750 I MAL-RDS :  (       rds_cell_only_vdf, 6095) [RDS-I][RU][rds_cell_only_vdf] RPL Type 2, Ori:(254,254) New:(254,254) sim(1)
10-23 09:10:09.921   316   750 I MAL-RDS :  (          rds_ru_rpl_gen, 7710) [RDS-I][RU][rds_ru_rpl_gen][RDS][OP6] TYPE : <3>, UI Policy : <3>, RDS Policy : <3>
10-23 09:10:09.921   316   750 I MAL-RDS :  (          rds_ru_rpl_gen, 7710) [RDS-I][RU][rds_ru_rpl_gen][RDS][OP6] TYPE : <4>, UI Policy : <3>, RDS Policy : <3>
10-23 09:10:09.921   316   750 I MAL-RDS :  (          rds_ru_rpl_gen, 7710) [RDS-I][RU][rds_ru_rpl_gen][RDS][OP6] TYPE : <5>, UI Policy : <3>, RDS Policy : <3>
10-23 09:10:09.921   316   750 I MAL-RDS :  (       rds_emergency_vdf, 6379) [RDS-I][RU][rds_emergency_vdf] EMG RPL Ori:(2,254) New:(2,254) sim(1)
10-23 09:10:09.922   316   750 I MAL-RDS :  (          rds_ru_rpl_gen, 7763) [RDS-I][RU][rds_ru_rpl_gen][RDS] Current policy: fgimsolte_en<1>, fgwfc_en<0>, erdspolicy<3>,||Threshold i4wifirssih<-75>, i4wifirssil<-85>, i4wifirssih_ho<-78>, i4wifirssil_ho<-88>, i4wifisnrh<10>, i4wifisnrl<6>||Threshold i4ltersrph<-106>, i4ltersrpm<-111>, i4ltersrpl<-116>, i4ltersrqh<5>, i4ltersrqm<3>, i4ltersrql<1>||Threshold i43grscph<-104>, i43grscpl<-110>, i42grssih<-94>, i42grssil<-102>, i4lterssnrl<-3>, i43gecnol<-15>||current rds ru status: i4wifirssi<-65>, i4wifisnr<9999>, i4ltersrp<-141>, i4ltersrq<0>, u4active_ran<1>, i4lterssnr<-50>, i43grscp<-141>, i43gecno<-24>, i42grssi<-141>, u4sig_reg_status<0>||current wifi backhaul : rtp_plr<0>, rtp_jitter<0>, ping_ind<0>, ltecsr_ind<0>, ||pcscf acc stat : volte<1>, wfc<1> || wifi acc_ctrl:<0>, || current MD stat : MD1 roam <0>, ||Call stat : IR92<0>, IR94<0>, SMS over IP<0>, IPME<0>, sim<1>
10-23 09:10:09.922   316   750 I MAL-RDS :  (          rds_ru_rpl_gen, 7780) [RDS-I][RU][RDS IMS/MMS][rds_ru_rpl_gen][OP-6] Ori:(254,254)/(255,255) New:(254,254)/(255,255)||[RU][RDS IMS/MMS WIFI]Ori:(254,254)/(255,255) New:(254,254)/(255,255)||[RU][RDS IMS/MMS CELL]Ori:(254,254)/(255,255) New:(254,254)/(255,255) , sim<1>
10-23 09:10:09.927   316   735 I MAL-RDS :  (         rum_get_netstat,  975) [RDS-I][RUM][rum_get_netstat] netstat <thrghpt, pkterrt>, wifi <1248, 0%>, mobile <14604, 0%>
10-23 09:10:09.927   316   735 I MAL-RDS :  (   rum_send_event_entity,   81) [RDS-I][RDS][RUM][rum_send_event_entity] send event 9706 to 906
10-23 09:10:09.927   316   735 I MAL-RDS :  (   rum_send_event_entity,   81) [RDS-I][RDS][RUM][rum_send_event_entity] send event 9706 to 907
10-23 09:10:10.188  1950  1987 E GED     : Failed to execute ioctl 3222824709, BridgeID(5), err(-1)
10-23 09:10:10.188  1950  1987 E GasService: Error on query GED info, err=1
10-23 09:10:11.189  1950  1987 E GED     : Failed to execute ioctl 3222824709, BridgeID(5), err(-1)
10-23 09:10:11.189  1950  1987 E GasService: Error on query GED info, err=1
10-23 09:10:11.487   304   304 I wmt_launcher: fw log ctrl flag has been set
10-23 09:10:11.487   304   304 I wmt_launcher: fw dynamic ctrl flag has been set
10-23 09:10:12.190  1950  1987 E GED     : Failed to execute ioctl 3222824709, BridgeID(5), err(-1)
10-23 09:10:12.190  1950  1987 E GasService: Error on query GED info, err=1
10-23 09:10:12.906   316 18389 I MAL-RDS :  (rum_ws_listener_timeout_,  426) [RDS-I][RDS][RUM][rum_ws_listener_timeout_hndler] rum_check_ctx_ptr<0xf1497018, 0xf1497018>, Send Event: 9909
10-23 09:10:12.906   316 18389 I MAL-RDS :  (   rum_send_event_entity,   81) [RDS-I][RDS][RUM][rum_send_event_entity] send event 9909 to 914
10-23 09:10:12.906   316   735 I MAL-RDS :  (rds_rum_rum_wsl_timer_ti, 1072) [RDS-I][RUM][rds_rum_rum_wsl_timer_timeout_req][RDS] rds_rum_rum_wsl_timer_timeout_req: prcontext->i4wifi_rssi = -65, prcontext->i4wifi_snr = 9999
10-23 09:10:12.912   316   735 I MAL-RDS :  (  rum_update_wifi_status, 1055) [RDS-I][RUM][rum_update_wifi_status][RDS] get rssi<-65> snr<9999> plr<0>
10-23 09:10:12.912   316   735 I MAL-RDS :  (   rum_send_event_entity,   81) [RDS-I][RDS][RUM][rum_send_event_entity] send event 9005 to 906
10-23 09:10:12.912   316   735 I MAL-RDS :  (   rum_send_event_entity,   81) [RDS-I][RDS][RUM][rum_send_event_entity] send event 9005 to 907
10-23 09:10:12.913   316   735 I MAL-RDS :  (         rum_get_netstat,  975) [RDS-I][RUM][rum_get_netstat] netstat <thrghpt, pkterrt>, wifi <1248, 0%>, mobile <14604, 0%>
10-23 09:10:12.914   316   735 I MAL-RDS :  (   rum_send_event_entity,   81) [RDS-I][RDS][RUM][rum_send_event_entity] send event 9706 to 906
10-23 09:10:12.914   316   735 I MAL-RDS :  (   rum_send_event_entity,   81) [RDS-I][RDS][RUM][rum_send_event_entity] send event 9706 to 907
10-23 09:10:12.914   316   743 I MAL-RDS :  (  rds_ru_wifi_status_ind, 1864) [RDS-I][RU][EVENT_RUM_RU_WIFI_STATUS_REQ] fgwifi_en:1(no use) i4wifirssi:0xffffffbf i4wifisnr:0x270f sim_id:0
10-23 09:10:12.914   316   743 I MAL-RDS :  (          rds_ru_rpl_gen, 7710) [RDS-I][RU][rds_ru_rpl_gen][RDS][OP6] TYPE : <0>, UI Policy : <3>, RDS Policy : <3>
10-23 09:10:12.914   316   743 I MAL-RDS :  (       rds_cell_only_vdf, 6095) [RDS-I][RU][rds_cell_only_vdf] RPL Type 0, Ori:(254,254) New:(254,254) sim(0)
10-23 09:10:12.914   316   743 I MAL-RDS :  (          rds_ru_rpl_gen, 7710) [RDS-I][RU][rds_ru_rpl_gen][RDS][OP6] TYPE : <1>, UI Policy : <3>, RDS Policy : <3>
10-23 09:10:12.915   316   743 I MAL-RDS :  (       rds_cell_only_vdf, 6095) [RDS-I][RU][rds_cell_only_vdf] RPL Type 1, Ori:(254,254) New:(254,254) sim(0)
10-23 09:10:12.915   316   743 I MAL-RDS :  (          rds_ru_rpl_gen, 7710) [RDS-I][RU][rds_ru_rpl_gen][RDS][OP6] TYPE : <2>, UI Policy : <3>, RDS Policy : <3>
10-23 09:10:12.915   316   743 I MAL-RDS :  (       rds_cell_only_vdf, 6095) [RDS-I][RU][rds_cell_only_vdf] RPL Type 2, Ori:(254,254) New:(254,254) sim(0)
10-23 09:10:12.915   316   743 I MAL-RDS :  (          rds_ru_rpl_gen, 7710) [RDS-I][RU][rds_ru_rpl_gen][RDS][OP6] TYPE : <3>, UI Policy : <3>, RDS Policy : <3>
10-23 09:10:12.915   316   743 I MAL-RDS :  (          rds_ru_rpl_gen, 7710) [RDS-I][RU][rds_ru_rpl_gen][RDS][OP6] TYPE : <4>, UI Policy : <3>, RDS Policy : <3>
10-23 09:10:12.915   316   743 I MAL-RDS :  (          rds_ru_rpl_gen, 7710) [RDS-I][RU][rds_ru_rpl_gen][RDS][OP6] TYPE : <5>, UI Policy : <3>, RDS Policy : <3>
10-23 09:10:12.915   316   743 I MAL-RDS :  (       rds_emergency_vdf, 6379) [RDS-I][RU][rds_emergency_vdf] EMG RPL Ori:(2,254) New:(2,254) sim(0)
10-23 09:10:12.915   316   743 I MAL-RDS :  (          rds_ru_rpl_gen, 7763) [RDS-I][RU][rds_ru_rpl_gen][RDS] Current policy: fgimsolte_en<1>, fgwfc_en<0>, erdspolicy<3>,||Threshold i4wifirssih<-75>, i4wifirssil<-85>, i4wifirssih_ho<-78>, i4wifirssil_ho<-88>, i4wifisnrh<10>, i4wifisnrl<6>||Threshold i4ltersrph<-106>, i4ltersrpm<-111>, i4ltersrpl<-116>, i4ltersrqh<5>, i4ltersrqm<3>, i4ltersrql<1>||Threshold i43grscph<-104>, i43grscpl<-110>, i42grssih<-94>, i42grssil<-102>, i4lterssnrl<-3>, i43gecnol<-15>||current rds ru status: i4wifirssi<-65>, i4wifisnr<9999>, i4ltersrp<-86>, i4ltersrq<9>, u4active_ran<1>, i4lterssnr<-14>, i43grscp<-86>, i43gecno<-5>, i42grssi<-141>, u4sig_reg_status<6>||current wifi backhaul : rtp_plr<0>, rtp_jitter<0>, ping_ind<0>, ltecsr_ind<0>, ||pcscf acc stat : volte<1>, wfc<1> || wifi acc_ctrl:<0>, || current MD stat : MD1 roam <0>, ||Call stat : IR92<0>, IR94<0>, SMS over IP<0>, IPME<0>, sim<0>
10-23 09:10:12.915   316   743 I MAL-RDS :  (          rds_ru_rpl_gen, 7780) [RDS-I][RU][RDS IMS/MMS][rds_ru_rpl_gen][OP-6] Ori:(254,254)/(255,255) New:(254,254)/(255,255)||[RU][RDS IMS/MMS WIFI]Ori:(254,254)/(255,255) New:(254,254)/(255,255)||[RU][RDS IMS/MMS CELL]Ori:(254,254)/(255,255) New:(254,254)/(255,255) , sim<0>
10-23 09:10:12.916   316   750 I MAL-RDS :  (  rds_ru_wifi_status_ind, 1864) [RDS-I][RU][EVENT_RUM_RU_WIFI_STATUS_REQ] fgwifi_en:1(no use) i4wifirssi:0xffffffbf i4wifisnr:0x270f sim_id:1
10-23 09:10:12.916   316   750 I MAL-RDS :  (          rds_ru_rpl_gen, 7710) [RDS-I][RU][rds_ru_rpl_gen][RDS][OP6] TYPE : <0>, UI Policy : <3>, RDS Policy : <3>
10-23 09:10:12.916   316   750 I MAL-RDS :  (       rds_cell_only_vdf, 6095) [RDS-I][RU][rds_cell_only_vdf] RPL Type 0, Ori:(254,254) New:(254,254) sim(1)
10-23 09:10:12.916   316   750 I MAL-RDS :  (          rds_ru_rpl_gen, 7710) [RDS-I][RU][rds_ru_rpl_gen][RDS][OP6] TYPE : <1>, UI Policy : <3>, RDS Policy : <3>
10-23 09:10:12.916   316   750 I MAL-RDS :  (       rds_cell_only_vdf, 6095) [RDS-I][RU][rds_cell_only_vdf] RPL Type 1, Ori:(254,254) New:(254,254) sim(1)
10-23 09:10:12.916   316   750 I MAL-RDS :  (          rds_ru_rpl_gen, 7710) [RDS-I][RU][rds_ru_rpl_gen][RDS][OP6] TYPE : <2>, UI Policy : <3>, RDS Policy : <3>
10-23 09:10:12.916   316   750 I MAL-RDS :  (       rds_cell_only_vdf, 6095) [RDS-I][RU][rds_cell_only_vdf] RPL Type 2, Ori:(254,254) New:(254,254) sim(1)
10-23 09:10:12.916   316   750 I MAL-RDS :  (          rds_ru_rpl_gen, 7710) [RDS-I][RU][rds_ru_rpl_gen][RDS][OP6] TYPE : <3>, UI Policy : <3>, RDS Policy : <3>
10-23 09:10:12.916   316   750 I MAL-RDS :  (          rds_ru_rpl_gen, 7710) [RDS-I][RU][rds_ru_rpl_gen][RDS][OP6] TYPE : <4>, UI Policy : <3>, RDS Policy : <3>
10-23 09:10:12.916   316   750 I MAL-RDS :  (          rds_ru_rpl_gen, 7710) [RDS-I][RU][rds_ru_rpl_gen][RDS][OP6] TYPE : <5>, UI Policy : <3>, RDS Policy : <3>
10-23 09:10:12.916   316   750 I MAL-RDS :  (       rds_emergency_vdf, 6379) [RDS-I][RU][rds_emergency_vdf] EMG RPL Ori:(2,254) New:(2,254) sim(1)
10-23 09:10:12.917   316   750 I MAL-RDS :  (          rds_ru_rpl_gen, 7763) [RDS-I][RU][rds_ru_rpl_gen][RDS] Current policy: fgimsolte_en<1>, fgwfc_en<0>, erdspolicy<3>,||Threshold i4wifirssih<-75>, i4wifirssil<-85>, i4wifirssih_ho<-78>, i4wifirssil_ho<-88>, i4wifisnrh<10>, i4wifisnrl<6>||Threshold i4ltersrph<-106>, i4ltersrpm<-111>, i4ltersrpl<-116>, i4ltersrqh<5>, i4ltersrqm<3>, i4ltersrql<1>||Threshold i43grscph<-104>, i43grscpl<-110>, i42grssih<-94>, i42grssil<-102>, i4lterssnrl<-3>, i43gecnol<-15>||current rds ru status: i4wifirssi<-65>, i4wifisnr<9999>, i4ltersrp<-141>, i4ltersrq<0>, u4active_ran<1>, i4lterssnr<-50>, i43grscp<-141>, i43gecno<-24>, i42grssi<-141>, u4sig_reg_status<0>||current wifi backhaul : rtp_plr<0>, rtp_jitter<0>, ping_ind<0>, ltecsr_ind<0>, ||pcscf acc stat : volte<1>, wfc<1> || wifi acc_ctrl:<0>, || current MD stat : MD1 roam <0>, ||Call stat : IR92<0>, IR94<0>, SMS over IP<0>, IPME<0>, sim<1>
10-23 09:10:12.917   316   750 I MAL-RDS :  (          rds_ru_rpl_gen, 7780) [RDS-I][RU][RDS IMS/MMS][rds_ru_rpl_gen][OP-6] Ori:(254,254)/(255,255) New:(254,254)/(255,255)||[RU][RDS IMS/MMS WIFI]Ori:(254,254)/(255,255) New:(254,254)/(255,255)||[RU][RDS IMS/MMS CELL]Ori:(254,254)/(255,255) New:(254,254)/(255,255) , sim<1>
10-23 09:10:13.191  1950  1987 E GED     : Failed to execute ioctl 3222824709, BridgeID(5), err(-1)
10-23 09:10:13.192  1950  1987 E GasService: Error on query GED info, err=1
10-23 09:10:13.223  1091  1108 V ActivityManager: Broadcast: Intent { act=android.os.action.POWER_SAVE_TEMP_WHITELIST_CHANGED flg=0x40000010 } ordered=false userid=0 callerApp=ProcessRecord{80e9be 1091:system/1000}
10-23 09:10:13.225  1091  1108 W PackageManager: checkUidPermission(): android.permission.INTERNET of 10025 is denied.
10-23 09:10:13.225  1091  1108 W PackageManager: checkUidPermission(): android.permission.INTERNET of 10025 is denied.
10-23 09:10:13.225  1091  1108 D NetworkPolicy: no need to update restrict power rules for uid 10025
10-23 09:10:13.281  1091  1177 I libsuspend: ws name: battery suspend wakelock, act_since: 100304, act_cnt: 39, ev_cnt: 25015, wakeup_cnt: 0
10-23 09:10:13.282  1091  1177 I libsuspend: ws name: USB.lock, act_since: 99740, act_cnt: 21, ev_cnt: 21, wakeup_cnt: 0
10-23 09:10:13.489   304   304 I wmt_launcher: fw log ctrl flag has been set
10-23 09:10:13.489   304   304 I wmt_launcher: fw dynamic ctrl flag has been set
10-23 09:10:14.192  1950  1987 E GED     : Failed to execute ioctl 3222824709, BridgeID(5), err(-1)
10-23 09:10:14.193  1950  1987 E GasService: Error on query GED info, err=1
10-23 09:10:14.729   430   430 I thermal_repeater: select timeout
10-23 09:10:15.194  1950  1987 E GED     : Failed to execute ioctl 3222824709, BridgeID(5), err(-1)
10-23 09:10:15.194  1950  1987 E GasService: Error on query GED info, err=1
10-23 09:10:15.491   304   304 I wmt_launcher: fw log ctrl flag has been set
10-23 09:10:15.491   304   304 I wmt_launcher: fw dynamic ctrl flag has been set
10-23 09:10:15.906   316 18389 I MAL-RDS :  (rum_ws_listener_timeout_,  426) [RDS-I][RDS][RUM][rum_ws_listener_timeout_hndler] rum_check_ctx_ptr<0xf1497018, 0xf1497018>, Send Event: 9909
10-23 09:10:15.906   316 18389 I MAL-RDS :  (   rum_send_event_entity,   81) [RDS-I][RDS][RUM][rum_send_event_entity] send event 9909 to 914
10-23 09:10:15.906   316   735 I MAL-RDS :  (rds_rum_rum_wsl_timer_ti, 1072) [RDS-I][RUM][rds_rum_rum_wsl_timer_timeout_req][RDS] rds_rum_rum_wsl_timer_timeout_req: prcontext->i4wifi_rssi = -65, prcontext->i4wifi_snr = 9999
10-23 09:10:15.919   316   735 I MAL-RDS :  (  rum_update_wifi_status, 1055) [RDS-I][RUM][rum_update_wifi_status][RDS] get rssi<-65> snr<9999> plr<0>
10-23 09:10:15.919   316   735 I MAL-RDS :  (   rum_send_event_entity,   81) [RDS-I][RDS][RUM][rum_send_event_entity] send event 9005 to 906
10-23 09:10:15.919   316   735 I MAL-RDS :  (   rum_send_event_entity,   81) [RDS-I][RDS][RUM][rum_send_event_entity] send event 9005 to 907
10-23 09:10:15.920   316   735 I MAL-RDS :  (         rum_get_netstat,  975) [RDS-I][RUM][rum_get_netstat] netstat <thrghpt, pkterrt>, wifi <1248, 0%>, mobile <14604, 0%>
10-23 09:10:15.920   316   735 I MAL-RDS :  (   rum_send_event_entity,   81) [RDS-I][RDS][RUM][rum_send_event_entity] send event 9706 to 906
10-23 09:10:15.920   316   735 I MAL-RDS :  (   rum_send_event_entity,   81) [RDS-I][RDS][RUM][rum_send_event_entity] send event 9706 to 907
10-23 09:10:15.921   316   743 I MAL-RDS :  (  rds_ru_wifi_status_ind, 1864) [RDS-I][RU][EVENT_RUM_RU_WIFI_STATUS_REQ] fgwifi_en:1(no use) i4wifirssi:0xffffffbf i4wifisnr:0x270f sim_id:0
10-23 09:10:15.921   316   743 I MAL-RDS :  (          rds_ru_rpl_gen, 7710) [RDS-I][RU][rds_ru_rpl_gen][RDS][OP6] TYPE : <0>, UI Policy : <3>, RDS Policy : <3>
10-23 09:10:15.921   316   743 I MAL-RDS :  (       rds_cell_only_vdf, 6095) [RDS-I][RU][rds_cell_only_vdf] RPL Type 0, Ori:(254,254) New:(254,254) sim(0)
10-23 09:10:15.921   316   743 I MAL-RDS :  (          rds_ru_rpl_gen, 7710) [RDS-I][RU][rds_ru_rpl_gen][RDS][OP6] TYPE : <1>, UI Policy : <3>, RDS Policy : <3>
10-23 09:10:15.921   316   743 I MAL-RDS :  (       rds_cell_only_vdf, 6095) [RDS-I][RU][rds_cell_only_vdf] RPL Type 1, Ori:(254,254) New:(254,254) sim(0)
10-23 09:10:15.922   316   743 I MAL-RDS :  (          rds_ru_rpl_gen, 7710) [RDS-I][RU][rds_ru_rpl_gen][RDS][OP6] TYPE : <2>, UI Policy : <3>, RDS Policy : <3>
10-23 09:10:15.922   316   743 I MAL-RDS :  (       rds_cell_only_vdf, 6095) [RDS-I][RU][rds_cell_only_vdf] RPL Type 2, Ori:(254,254) New:(254,254) sim(0)
10-23 09:10:15.922   316   743 I MAL-RDS :  (          rds_ru_rpl_gen, 7710) [RDS-I][RU][rds_ru_rpl_gen][RDS][OP6] TYPE : <3>, UI Policy : <3>, RDS Policy : <3>
10-23 09:10:15.922   316   743 I MAL-RDS :  (          rds_ru_rpl_gen, 7710) [RDS-I][RU][rds_ru_rpl_gen][RDS][OP6] TYPE : <4>, UI Policy : <3>, RDS Policy : <3>
10-23 09:10:15.922   316   743 I MAL-RDS :  (          rds_ru_rpl_gen, 7710) [RDS-I][RU][rds_ru_rpl_gen][RDS][OP6] TYPE : <5>, UI Policy : <3>, RDS Policy : <3>
10-23 09:10:15.922   316   743 I MAL-RDS :  (       rds_emergency_vdf, 6379) [RDS-I][RU][rds_emergency_vdf] EMG RPL Ori:(2,254) New:(2,254) sim(0)
10-23 09:10:15.922   316   743 I MAL-RDS :  (          rds_ru_rpl_gen, 7763) [RDS-I][RU][rds_ru_rpl_gen][RDS] Current policy: fgimsolte_en<1>, fgwfc_en<0>, erdspolicy<3>,||Threshold i4wifirssih<-75>, i4wifirssil<-85>, i4wifirssih_ho<-78>, i4wifirssil_ho<-88>, i4wifisnrh<10>, i4wifisnrl<6>||Threshold i4ltersrph<-106>, i4ltersrpm<-111>, i4ltersrpl<-116>, i4ltersrqh<5>, i4ltersrqm<3>, i4ltersrql<1>||Threshold i43grscph<-104>, i43grscpl<-110>, i42grssih<-94>, i42grssil<-102>, i4lterssnrl<-3>, i43gecnol<-15>||current rds ru status: i4wifirssi<-65>, i4wifisnr<9999>, i4ltersrp<-86>, i4ltersrq<9>, u4active_ran<1>, i4lterssnr<-14>, i43grscp<-86>, i43gecno<-5>, i42grssi<-141>, u4sig_reg_status<6>||current wifi backhaul : rtp_plr<0>, rtp_jitter<0>, ping_ind<0>, ltecsr_ind<0>, ||pcscf acc stat : volte<1>, wfc<1> || wifi acc_ctrl:<0>, || current MD stat : MD1 roam <0>, ||Call stat : IR92<0>, IR94<0>, SMS over IP<0>, IPME<0>, sim<0>
10-23 09:10:15.922   316   743 I MAL-RDS :  (          rds_ru_rpl_gen, 7780) [RDS-I][RU][RDS IMS/MMS][rds_ru_rpl_gen][OP-6] Ori:(254,254)/(255,255) New:(254,254)/(255,255)||[RU][RDS IMS/MMS WIFI]Ori:(254,254)/(255,255) New:(254,254)/(255,255)||[RU][RDS IMS/MMS CELL]Ori:(254,254)/(255,255) New:(254,254)/(255,255) , sim<0>
10-23 09:10:15.923   316   750 I MAL-RDS :  (  rds_ru_wifi_status_ind, 1864) [RDS-I][RU][EVENT_RUM_RU_WIFI_STATUS_REQ] fgwifi_en:1(no use) i4wifirssi:0xffffffbf i4wifisnr:0x270f sim_id:1
10-23 09:10:15.923   316   750 I MAL-RDS :  (          rds_ru_rpl_gen, 7710) [RDS-I][RU][rds_ru_rpl_gen][RDS][OP6] TYPE : <0>, UI Policy : <3>, RDS Policy : <3>
10-23 09:10:15.923   316   750 I MAL-RDS :  (       rds_cell_only_vdf, 6095) [RDS-I][RU][rds_cell_only_vdf] RPL Type 0, Ori:(254,254) New:(254,254) sim(1)
10-23 09:10:15.923   316   750 I MAL-RDS :  (          rds_ru_rpl_gen, 7710) [RDS-I][RU][rds_ru_rpl_gen][RDS][OP6] TYPE : <1>, UI Policy : <3>, RDS Policy : <3>
10-23 09:10:15.923   316   750 I MAL-RDS :  (       rds_cell_only_vdf, 6095) [RDS-I][RU][rds_cell_only_vdf] RPL Type 1, Ori:(254,254) New:(254,254) sim(1)
10-23 09:10:15.923   316   750 I MAL-RDS :  (          rds_ru_rpl_gen, 7710) [RDS-I][RU][rds_ru_rpl_gen][RDS][OP6] TYPE : <2>, UI Policy : <3>, RDS Policy : <3>
10-23 09:10:15.923   316   750 I MAL-RDS :  (       rds_cell_only_vdf, 6095) [RDS-I][RU][rds_cell_only_vdf] RPL Type 2, Ori:(254,254) New:(254,254) sim(1)
10-23 09:10:15.923   316   750 I MAL-RDS :  (          rds_ru_rpl_gen, 7710) [RDS-I][RU][rds_ru_rpl_gen][RDS][OP6] TYPE : <3>, UI Policy : <3>, RDS Policy : <3>
10-23 09:10:15.923   316   750 I MAL-RDS :  (          rds_ru_rpl_gen, 7710) [RDS-I][RU][rds_ru_rpl_gen][RDS][OP6] TYPE : <4>, UI Policy : <3>, RDS Policy : <3>
10-23 09:10:15.923   316   750 I MAL-RDS :  (          rds_ru_rpl_gen, 7710) [RDS-I][RU][rds_ru_rpl_gen][RDS][OP6] TYPE : <5>, UI Policy : <3>, RDS Policy : <3>
10-23 09:10:15.923   316   750 I MAL-RDS :  (       rds_emergency_vdf, 6379) [RDS-I][RU][rds_emergency_vdf] EMG RPL Ori:(2,254) New:(2,254) sim(1)
10-23 09:10:15.924   316   750 I MAL-RDS :  (          rds_ru_rpl_gen, 7763) [RDS-I][RU][rds_ru_rpl_gen][RDS] Current policy: fgimsolte_en<1>, fgwfc_en<0>, erdspolicy<3>,||Threshold i4wifirssih<-75>, i4wifirssil<-85>, i4wifirssih_ho<-78>, i4wifirssil_ho<-88>, i4wifisnrh<10>, i4wifisnrl<6>||Threshold i4ltersrph<-106>, i4ltersrpm<-111>, i4ltersrpl<-116>, i4ltersrqh<5>, i4ltersrqm<3>, i4ltersrql<1>||Threshold i43grscph<-104>, i43grscpl<-110>, i42grssih<-94>, i42grssil<-102>, i4lterssnrl<-3>, i43gecnol<-15>||current rds ru status: i4wifirssi<-65>, i4wifisnr<9999>, i4ltersrp<-141>, i4ltersrq<0>, u4active_ran<1>, i4lterssnr<-50>, i43grscp<-141>, i43gecno<-24>, i42grssi<-141>, u4sig_reg_status<0>||current wifi backhaul : rtp_plr<0>, rtp_jitter<0>, ping_ind<0>, ltecsr_ind<0>, ||pcscf acc stat : volte<1>, wfc<1> || wifi acc_ctrl:<0>, || current MD stat : MD1 roam <0>, ||Call stat : IR92<0>, IR94<0>, SMS over IP<0>, IPME<0>, sim<1>
10-23 09:10:15.924   316   750 I MAL-RDS :  (          rds_ru_rpl_gen, 7780) [RDS-I][RU][RDS IMS/MMS][rds_ru_rpl_gen][OP-6] Ori:(254,254)/(255,255) New:(254,254)/(255,255)||[RU][RDS IMS/MMS WIFI]Ori:(254,254)/(255,255) New:(254,254)/(255,255)||[RU][RDS IMS/MMS CELL]Ori:(254,254)/(255,255) New:(254,254)/(255,255) , sim<1>
10-23 09:10:16.195  1950  1987 E GED     : Failed to execute ioctl 3222824709, BridgeID(5), err(-1)
10-23 09:10:16.195  1950  1987 E GasService: Error on query GED info, err=1
