10-23 09:09:10.173  1091  4315 V ActivityManager: Broadcast: Intent { act=com.google.android.gms.icing.IME_NOTIFICATION flg=0x10 pkg=com.google.android.inputmethod.latin.canary (has extras) } ordered=false userid=0 callerApp=ProcessRecord{bffddb2 5704:com.google.android.gms/u0a12}
10-23 09:09:10.175  1091 15645 V ActivityManager: Broadcast: Intent { act=com.google.android.gms.icing.IME_NOTIFICATION flg=0x10 pkg=com.google.android.inputmethod.korean (has extras) } ordered=false userid=0 callerApp=ProcessRecord{bffddb2 5704:com.google.android.gms/u0a12}
10-23 09:09:10.176  1091 12635 V ActivityManager: Broadcast: Intent { act=com.google.android.gms.icing.IME_NOTIFICATION flg=0x10 pkg=com.android.inputmethod.latin (has extras) } ordered=false userid=0 callerApp=ProcessRecord{bffddb2 5704:com.google.android.gms/u0a12}
10-23 09:09:10.178  1091 15516 V ActivityManager: Broadcast: Intent { act=com.google.android.gms.icing.IME_NOTIFICATION flg=0x10 pkg=com.google.android.inputmethod.pinyin (has extras) } ordered=false userid=0 callerApp=ProcessRecord{bffddb2 5704:com.google.android.gms/u0a12}
10-23 09:09:10.179  1091 15647 V ActivityManager: Broadcast: Intent { act=com.google.android.gms.icing.IME_NOTIFICATION flg=0x10 pkg=com.google.android.apps.inputmethod.zhuyin (has extras) } ordered=false userid=0 callerApp=ProcessRecord{bffddb2 5704:com.google.android.gms/u0a12}
10-23 09:09:10.181  1091  1864 V ActivityManager: Broadcast: Intent { act=com.google.android.gms.icing.IME_NOTIFICATION flg=0x10 pkg=com.google.android.inputmethod.latin.dev (has extras) } ordered=false userid=0 callerApp=ProcessRecord{bffddb2 5704:com.google.android.gms/u0a12}
10-23 09:09:10.182  1091  4314 V ActivityManager: Broadcast: Intent { act=com.google.android.gms.icing.IME_NOTIFICATION flg=0x10 pkg=com.google.android.apps.inputmethod.hindi (has extras) } ordered=false userid=0 callerApp=ProcessRecord{bffddb2 5704:com.google.android.gms/u0a12}
10-23 09:09:10.183  1091  1645 V ActivityManager: Broadcast: Intent { act=com.google.android.gms.icing.IME_NOTIFICATION flg=0x10 pkg=com.google.android.inputmethod.latin (has extras) } ordered=false userid=0 callerApp=ProcessRecord{bffddb2 5704:com.google.android.gms/u0a12}
10-23 09:09:10.185  1091  1972 V ActivityManager: Broadcast: Intent { act=com.google.android.gms.icing.IME_NOTIFICATION flg=0x10 pkg=com.google.android.inputmethod.japanese (has extras) } ordered=false userid=0 callerApp=ProcessRecord{bffddb2 5704:com.google.android.gms/u0a12}
10-23 09:09:10.186  1091  9757 V ActivityManager: Broadcast: Intent { act=com.google.android.gms.icing.IME_NOTIFICATION flg=0x10 pkg=com.google.android.apps.inputmethod.cantonese (has extras) } ordered=false userid=0 callerApp=ProcessRecord{bffddb2 5704:com.google.android.gms/u0a12}
10-23 09:09:10.187  1091  2827 V ActivityManager: Broadcast: Intent { act=com.google.android.gms.icing.IME_NOTIFICATION flg=0x10 pkg=com.google.android.inputmethod.latin.canary (has extras) } ordered=false userid=0 callerApp=ProcessRecord{bffddb2 5704:com.google.android.gms/u0a12}
10-23 09:09:10.189  1091  1565 V ActivityManager: Broadcast: Intent { act=com.google.android.gms.icing.IME_NOTIFICATION flg=0x10 pkg=com.google.android.inputmethod.korean (has extras) } ordered=false userid=0 callerApp=ProcessRecord{bffddb2 5704:com.google.android.gms/u0a12}
10-23 09:09:10.190  1091  3387 V ActivityManager: Broadcast: Intent { act=com.google.android.gms.icing.IME_NOTIFICATION flg=0x10 pkg=com.android.inputmethod.latin (has extras) } ordered=false userid=0 callerApp=ProcessRecord{bffddb2 5704:com.google.android.gms/u0a12}
10-23 09:09:10.192  1091  3296 V ActivityManager: Broadcast: Intent { act=com.google.android.gms.icing.IME_NOTIFICATION flg=0x10 pkg=com.google.android.inputmethod.pinyin (has extras) } ordered=false userid=0 callerApp=ProcessRecord{bffddb2 5704:com.google.android.gms/u0a12}
10-23 09:09:10.193  1091  3382 V ActivityManager: Broadcast: Intent { act=com.google.android.gms.icing.IME_NOTIFICATION flg=0x10 pkg=com.google.android.apps.inputmethod.zhuyin (has extras) } ordered=false userid=0 callerApp=ProcessRecord{bffddb2 5704:com.google.android.gms/u0a12}
10-23 09:09:10.194  1091  9758 V ActivityManager: Broadcast: Intent { act=com.google.android.gms.icing.IME_NOTIFICATION flg=0x10 pkg=com.google.android.inputmethod.latin.dev (has extras) } ordered=false userid=0 callerApp=ProcessRecord{bffddb2 5704:com.google.android.gms/u0a12}
10-23 09:09:10.196  1091 15643 V ActivityManager: Broadcast: Intent { act=com.google.android.gms.icing.IME_NOTIFICATION flg=0x10 pkg=com.google.android.apps.inputmethod.hindi (has extras) } ordered=false userid=0 callerApp=ProcessRecord{bffddb2 5704:com.google.android.gms/u0a12}
10-23 09:09:10.197  1091 15646 V ActivityManager: Broadcast: Intent { act=com.google.android.gms.icing.IME_NOTIFICATION flg=0x10 pkg=com.google.android.inputmethod.latin (has extras) } ordered=false userid=0 callerApp=ProcessRecord{bffddb2 5704:com.google.android.gms/u0a12}
10-23 09:09:10.199  1091 25189 V ActivityManager: Broadcast: Intent { act=com.google.android.gms.icing.IME_NOTIFICATION flg=0x10 pkg=com.google.android.inputmethod.japanese (has extras) } ordered=false userid=0 callerApp=ProcessRecord{bffddb2 5704:com.google.android.gms/u0a12}
10-23 09:09:10.200  1091 12637 V ActivityManager: Broadcast: Intent { act=com.google.android.gms.icing.IME_NOTIFICATION flg=0x10 pkg=com.google.android.apps.inputmethod.cantonese (has extras) } ordered=false userid=0 callerApp=ProcessRecord{bffddb2 5704:com.google.android.gms/u0a12}
10-23 09:09:10.201  1091  1801 V ActivityManager: Broadcast: Intent { act=com.google.android.gms.icing.IME_NOTIFICATION flg=0x10 pkg=com.google.android.inputmethod.latin.canary (has extras) } ordered=false userid=0 callerApp=ProcessRecord{bffddb2 5704:com.google.android.gms/u0a12}
10-23 09:09:10.202  1091  1101 V ActivityManager: Broadcast: Intent { act=com.google.android.gms.icing.IME_NOTIFICATION flg=0x10 pkg=com.google.android.inputmethod.korean (has extras) } ordered=false userid=0 callerApp=ProcessRecord{bffddb2 5704:com.google.android.gms/u0a12}
10-23 09:09:10.204  1091  1102 V ActivityManager: Broadcast: Intent { act=com.google.android.gms.icing.IME_NOTIFICATION flg=0x10 pkg=com.android.inputmethod.latin (has extras) } ordered=false userid=0 callerApp=ProcessRecord{bffddb2 5704:com.google.android.gms/u0a12}
10-23 09:09:10.241 12682 12682 D ActivityThread: SVC-Calling onStartCommand: com.google.android.gms.chimera.PersistentApiService@c306022, flags=0, startId=9315
10-23 09:09:10.249  1091  2288 V ActivityManager: Broadcast sticky: Intent { act=android.intent.action.SIG_STR flg=0x20000010 (has extras) } ordered=false userid=-1 callerApp=ProcessRecord{80e9be 1091:system/1000}
10-23 09:09:10.262  1091 15515 D PowerManagerNotifier: onWakeLockReleased: flags=1, tag="Icing", packageName=com.google.android.gms, ownerUid=10012, ownerPid=5704, workSource=WorkSource{10012 com.google.android.gms}
10-23 09:09:10.262  1091 15515 D DisplayPowerController: requestPowerState: policy=BRIGHT, useProximitySensor=false, screenBrightness=102, screenAutoBrightnessAdjustment=0.0, brightnessSetByUser=true, useAutoBrightness=false, blockScreenOn=false, lowPowerMode=false, boostScreenBrightness=false, dozeScreenBrightness=-1, dozeScreenState=UNKNOWN, useTwilight=false,autoModeScreenBrightness=255,autoModeManualOp=false, waitForNegativeProximity=false, changed=false
10-23 09:09:10.264  5704  5704 V ActivityThread: SVC-Destroying service com.google.android.gms.icing.service.IndexWorkerService@7a3835d
10-23 09:09:11.005  1091  1485 V ActivityManager: Broadcast sticky: Intent { act=android.net.wifi.RSSI_CHANGED flg=0x4000010 (has extras) } ordered=false userid=-1 callerApp=ProcessRecord{80e9be 1091:system/1000}
10-23 09:09:11.643  1091  3296 D DisplayPowerController: requestPowerState: policy=BRIGHT, useProximitySensor=false, screenBrightness=102, screenAutoBrightnessAdjustment=0.0, brightnessSetByUser=true, useAutoBrightness=false, blockScreenOn=false, lowPowerMode=false, boostScreenBrightness=false, dozeScreenBrightness=-1, dozeScreenState=UNKNOWN, useTwilight=false,autoModeScreenBrightness=255,autoModeManualOp=false, waitForNegativeProximity=false, changed=false
10-23 09:09:11.643  1091  3296 D PowerManagerNotifier: onWakeLockAcquired: flags=1, tag="bugle_datamodel_executor_wakelock", packageName=com.google.android.apps.messaging, ownerUid=10054, ownerPid=4829, workSource=null
10-23 09:09:11.647  4829  4829 V ActivityThread: SVC-Creating service CreateServiceData{token=android.os.BinderProxy@6fc30d6 className=com.google.android.apps.messaging.shared.datamodel.action.execution.ActionExecutorImpl$EmptyService packageName=com.google.android.apps.messaging intent=null}
10-23 09:09:11.648  1091  9758 D DisplayPowerController: requestPowerState: policy=BRIGHT, useProximitySensor=false, screenBrightness=102, screenAutoBrightnessAdjustment=0.0, brightnessSetByUser=true, useAutoBrightness=false, blockScreenOn=false, lowPowerMode=false, boostScreenBrightness=false, dozeScreenBrightness=-1, dozeScreenState=UNKNOWN, useTwilight=false,autoModeScreenBrightness=255,autoModeManualOp=false, waitForNegativeProximity=false, changed=false
10-23 09:09:11.648  4829  4829 D ActivityThread: SVC-Calling onStartCommand: com.google.android.apps.messaging.shared.datamodel.action.execution.ActionExecutorImpl$EmptyService@a18da44, flags=0, startId=1
10-23 09:09:11.648  1091  9758 D PowerManagerNotifier: onWakeLockAcquired: flags=1, tag="bugle_safe_async_task_wakelock", packageName=com.google.android.apps.messaging, ownerUid=10054, ownerPid=4829, workSource=null
10-23 09:09:11.655  1091 25189 D PowerManagerNotifier: onWakeLockReleased: flags=1, tag="bugle_safe_async_task_wakelock", packageName=com.google.android.apps.messaging, ownerUid=10054, ownerPid=4829, workSource=null
10-23 09:09:11.656  1091 25189 D DisplayPowerController: requestPowerState: policy=BRIGHT, useProximitySensor=false, screenBrightness=102, screenAutoBrightnessAdjustment=0.0, brightnessSetByUser=true, useAutoBrightness=false, blockScreenOn=false, lowPowerMode=false, boostScreenBrightness=false, dozeScreenBrightness=-1, dozeScreenState=UNKNOWN, useTwilight=false,autoModeScreenBrightness=255,autoModeManualOp=false, waitForNegativeProximity=false, changed=false
10-23 09:09:11.658 12682 12682 D ActivityThread: SVC-Calling onStartCommand: com.google.android.gms.chimera.PersistentDirectBootAwareApiService@9d1246b, flags=0, startId=51967
10-23 09:09:11.693  5704  5704 V ActivityThread: SVC-Creating service CreateServiceData{token=android.os.BinderProxy@8a6d825 className=com.google.android.gms.icing.service.IndexWorkerService packageName=com.google.android.gms intent=null}
10-23 09:09:11.695  5704  5704 D ActivityThread: SVC-Calling onStartCommand: com.google.android.gms.icing.service.IndexWorkerService@6837dfa, flags=0, startId=1
10-23 09:09:11.697  1091 15644 D DisplayPowerController: requestPowerState: policy=BRIGHT, useProximitySensor=false, screenBrightness=102, screenAutoBrightnessAdjustment=0.0, brightnessSetByUser=true, useAutoBrightness=false, blockScreenOn=false, lowPowerMode=false, boostScreenBrightness=false, dozeScreenBrightness=-1, dozeScreenState=UNKNOWN, useTwilight=false,autoModeScreenBrightness=255,autoModeManualOp=false, waitForNegativeProximity=false, changed=false
10-23 09:09:11.697  1091 15644 D PowerManagerNotifier: onWakeLockAcquired: flags=1, tag="Icing", packageName=com.google.android.gms, ownerUid=10012, ownerPid=5704, workSource=WorkSource{10054 com.google.android.apps.messaging}
10-23 09:09:11.701  1091 15517 D PowerManagerNotifier: onWakeLockChanging: flags=1, tag="Icing", packageName=com.google.android.gms, ownerUid=10012, ownerPid=5704, workSource=WorkSource{10012 com.google.android.gms, 10054 com.google.android.apps.messaging}
10-23 09:09:11.703  1091  1642 D PowerManagerNotifier: onWakeLockChanging: flags=1, tag="Icing", packageName=com.google.android.gms, ownerUid=10012, ownerPid=5704, workSource=WorkSource{10012 com.google.android.gms}
10-23 09:09:11.705  1091 15645 D PowerManagerNotifier: onWakeLockChanging: flags=1, tag="Icing", packageName=com.google.android.gms, ownerUid=10012, ownerPid=5704, workSource=WorkSource{10012 com.google.android.gms, 10054 com.google.android.apps.messaging}
10-23 09:09:11.709  1091 15647 D PowerManagerNotifier: onWakeLockChanging: flags=1, tag="Icing", packageName=com.google.android.gms, ownerUid=10012, ownerPid=5704, workSource=WorkSource{10054 com.google.android.apps.messaging}
10-23 09:09:11.790 12682 12682 D ActivityThread: SVC-Calling onStartCommand: com.google.android.gms.chimera.PersistentDirectBootAwareApiService@9d1246b, flags=0, startId=51968
10-23 09:09:11.889 12682 12682 D ActivityThread: SVC-Calling onStartCommand: com.google.android.gms.chimera.PersistentDirectBootAwareApiService@9d1246b, flags=0, startId=51969
10-23 09:09:11.976 12682 12682 D ActivityThread: SVC-Calling onStartCommand: com.google.android.gms.chimera.PersistentDirectBootAwareApiService@9d1246b, flags=0, startId=51970
10-23 09:09:12.028  1091  6943 V AlarmManager: APP set with listener(*job.delay*) : type=2 triggerAtTime=1954818336 win=-1 tElapsed=1954821710 maxElapsed=1954821710 interval=0 flags=0x0
10-23 09:09:12.028  1091  6943 D AlarmManager: remove(operation) changed bounds; rebatching operation = null
10-23 09:09:12.030  1091  6943 D AlarmManager: set alarm to RTC 1954821710
10-23 09:09:12.031  1091  6943 V AlarmManager: APP set with listener(*job.deadline*) : type=2 triggerAtTime=1954819962 win=-1 tElapsed=1954821713 maxElapsed=1954821713 interval=0 flags=0x0
10-23 09:09:12.031  1091  6943 D AlarmManager: remove(operation) changed bounds; rebatching operation = null
10-23 09:09:12.033  1091  6943 D AlarmManager: set alarm to RTC 1954818336
10-23 09:09:12.035  1091 15642 D PowerManagerNotifier: onWakeLockReleased: flags=1, tag="bugle_datamodel_executor_wakelock", packageName=com.google.android.apps.messaging, ownerUid=10054, ownerPid=4829, workSource=null
10-23 09:09:12.035  1091 15642 D DisplayPowerController: requestPowerState: policy=BRIGHT, useProximitySensor=false, screenBrightness=102, screenAutoBrightnessAdjustment=0.0, brightnessSetByUser=true, useAutoBrightness=false, blockScreenOn=false, lowPowerMode=false, boostScreenBrightness=false, dozeScreenBrightness=-1, dozeScreenState=UNKNOWN, useTwilight=false,autoModeScreenBrightness=255,autoModeManualOp=false, waitForNegativeProximity=false, changed=false
10-23 09:09:12.038  4829  4829 V ActivityThread: SVC-Destroying service com.google.android.apps.messaging.shared.datamodel.action.execution.ActionExecutorImpl$EmptyService@a18da44
10-23 09:09:12.914  1091  3382 D PowerManagerNotifier: onWakeLockChanging: flags=1, tag="Icing", packageName=com.google.android.gms, ownerUid=10012, ownerPid=5704, workSource=WorkSource{10054 com.google.android.apps.messaging, 10055 com.google.android.music}
10-23 09:09:12.924  1091  9758 D PowerManagerNotifier: onWakeLockChanging: flags=1, tag="Icing", packageName=com.google.android.gms, ownerUid=10012, ownerPid=5704, workSource=WorkSource{10012 com.google.android.gms, 10054 com.google.android.apps.messaging, 10055 com.google.android.music}
10-23 09:09:12.927  1091 12637 D PowerManagerNotifier: onWakeLockChanging: flags=1, tag="Icing", packageName=com.google.android.gms, ownerUid=10012, ownerPid=5704, workSource=WorkSource{10012 com.google.android.gms, 10054 com.google.android.apps.messaging}
10-23 09:09:12.941  1091  1101 D PowerManagerNotifier: onWakeLockChanging: flags=1, tag="Icing", packageName=com.google.android.gms, ownerUid=10012, ownerPid=5704, workSource=WorkSource{10012 com.google.android.gms, 10054 com.google.android.apps.messaging, 10055 com.google.android.music}
10-23 09:09:12.951  1091  6943 D PowerManagerNotifier: onWakeLockChanging: flags=1, tag="Icing", packageName=com.google.android.gms, ownerUid=10012, ownerPid=5704, workSource=WorkSource{10012 com.google.android.gms, 10054 com.google.android.apps.messaging}
10-23 09:09:12.970  1091 15515 D PowerManagerNotifier: onWakeLockChanging: flags=1, tag="Icing", packageName=com.google.android.gms, ownerUid=10012, ownerPid=5704, workSource=WorkSource{10012 com.google.android.gms, 10054 com.google.android.apps.messaging, 10055 com.google.android.music}
10-23 09:09:12.976  1091  4315 D PowerManagerNotifier: onWakeLockChanging: flags=1, tag="Icing", packageName=com.google.android.gms, ownerUid=10012, ownerPid=5704, workSource=WorkSource{10012 com.google.android.gms, 10054 com.google.android.apps.messaging}
10-23 09:09:12.977  1091 15647 D PowerManagerNotifier: onWakeLockChanging: flags=1, tag="Icing", packageName=com.google.android.gms, ownerUid=10012, ownerPid=5704, workSource=WorkSource{10012 com.google.android.gms, 10054 com.google.android.apps.messaging, 10055 com.google.android.music}
10-23 09:09:12.978 12682 12682 D ActivityThread: SVC-Calling onStartCommand: com.google.android.gms.chimera.PersistentApiService@c306022, flags=0, startId=9316
10-23 09:09:12.983  1091  9757 D PowerManagerNotifier: onWakeLockChanging: flags=1, tag="Icing", packageName=com.google.android.gms, ownerUid=10012, ownerPid=5704, workSource=WorkSource{10012 com.google.android.gms, 10054 com.google.android.apps.messaging}
10-23 09:09:13.003  1091  9758 D PowerManagerNotifier: onWakeLockChanging: flags=1, tag="Icing", packageName=com.google.android.gms, ownerUid=10012, ownerPid=5704, workSource=WorkSource{10012 com.google.android.gms, 10054 com.google.android.apps.messaging, 10055 com.google.android.music}
10-23 09:09:13.008  1091  1801 D PowerManagerNotifier: onWakeLockChanging: flags=1, tag="Icing", packageName=com.google.android.gms, ownerUid=10012, ownerPid=5704, workSource=WorkSource{10012 com.google.android.gms, 10054 com.google.android.apps.messaging}
10-23 09:09:13.009  1091  1102 D PowerManagerNotifier: onWakeLockChanging: flags=1, tag="Icing", packageName=com.google.android.gms, ownerUid=10012, ownerPid=5704, workSource=WorkSource{10012 com.google.android.gms, 10054 com.google.android.apps.messaging, 10055 com.google.android.music}
10-23 09:09:13.013  1091 15642 D PowerManagerNotifier: onWakeLockChanging: flags=1, tag="Icing", packageName=com.google.android.gms, ownerUid=10012, ownerPid=5704, workSource=WorkSource{10012 com.google.android.gms, 10054 com.google.android.apps.messaging}
10-23 09:09:13.024 12682 12682 D ActivityThread: SVC-Calling onStartCommand: com.google.android.gms.chimera.PersistentApiService@c306022, flags=0, startId=9317
10-23 09:09:13.032  1091 15647 D PowerManagerNotifier: onWakeLockChanging: flags=1, tag="Icing", packageName=com.google.android.gms, ownerUid=10012, ownerPid=5704, workSource=WorkSource{10012 com.google.android.gms, 10054 com.google.android.apps.messaging, 10055 com.google.android.music}
10-23 09:09:13.037  1091  4314 D PowerManagerNotifier: onWakeLockChanging: flags=1, tag="Icing", packageName=com.google.android.gms, ownerUid=10012, ownerPid=5704, workSource=WorkSource{10012 com.google.android.gms, 10054 com.google.android.apps.messaging}
10-23 09:09:13.038  1091  2827 D PowerManagerNotifier: onWakeLockChanging: flags=1, tag="Icing", packageName=com.google.android.gms, ownerUid=10012, ownerPid=5704, workSource=WorkSource{10012 com.google.android.gms, 10054 com.google.android.apps.messaging, 10055 com.google.android.music}
10-23 09:09:13.043  1091  3296 D PowerManagerNotifier: onWakeLockChanging: flags=1, tag="Icing", packageName=com.google.android.gms, ownerUid=10012, ownerPid=5704, workSource=WorkSource{10012 com.google.android.gms, 10054 com.google.android.apps.messaging}
10-23 09:09:13.054 12682 12682 D ActivityThread: SVC-Calling onStartCommand: com.google.android.gms.chimera.PersistentApiService@c306022, flags=0, startId=9318
10-23 09:09:13.061  1091  6944 D PowerManagerNotifier: onWakeLockChanging: flags=1, tag="Icing", packageName=com.google.android.gms, ownerUid=10012, ownerPid=5704, workSource=WorkSource{10012 com.google.android.gms, 10054 com.google.android.apps.messaging, 10055 com.google.android.music}
10-23 09:09:13.066  1091 15515 D PowerManagerNotifier: onWakeLockChanging: flags=1, tag="Icing", packageName=com.google.android.gms, ownerUid=10012, ownerPid=5704, workSource=WorkSource{10012 com.google.android.gms, 10054 com.google.android.apps.messaging}
10-23 09:09:13.070  1091 15517 D PowerManagerNotifier: onWakeLockChanging: flags=1, tag="Icing", packageName=com.google.android.gms, ownerUid=10012, ownerPid=5704, workSource=WorkSource{10012 com.google.android.gms, 10054 com.google.android.apps.messaging, 10055 com.google.android.music}
10-23 09:09:13.074  1091  4315 D PowerManagerNotifier: onWakeLockChanging: flags=1, tag="Icing", packageName=com.google.android.gms, ownerUid=10012, ownerPid=5704, workSource=WorkSource{10012 com.google.android.gms, 10054 com.google.android.apps.messaging}
10-23 09:09:13.091  1091  1972 D PowerManagerNotifier: onWakeLockChanging: flags=1, tag="Icing", packageName=com.google.android.gms, ownerUid=10012, ownerPid=5704, workSource=WorkSource{10012 com.google.android.gms, 10054 com.google.android.apps.messaging, 10055 com.google.android.music}
10-23 09:09:13.097  1091  1565 D PowerManagerNotifier: onWakeLockChanging: flags=1, tag="Icing", packageName=com.google.android.gms, ownerUid=10012, ownerPid=5704, workSource=WorkSource{10012 com.google.android.gms, 10054 com.google.android.apps.messaging}
10-23 09:09:13.098 12682 12682 D ActivityThread: SVC-Calling onStartCommand: com.google.android.gms.chimera.PersistentApiService@c306022, flags=0, startId=9319
10-23 09:09:13.099  1091 15643 D PowerManagerNotifier: onWakeLockChanging: flags=1, tag="Icing", packageName=com.google.android.gms, ownerUid=10012, ownerPid=5704, workSource=WorkSource{10012 com.google.android.gms, 10054 com.google.android.apps.messaging, 10055 com.google.android.music}
10-23 09:09:13.105  1091  1101 D PowerManagerNotifier: onWakeLockChanging: flags=1, tag="Icing", packageName=com.google.android.gms, ownerUid=10012, ownerPid=5704, workSource=WorkSource{10012 com.google.android.gms, 10054 com.google.android.apps.messaging}
10-23 09:09:13.118 12682 12682 D ActivityThread: SVC-Calling onStartCommand: com.google.android.gms.chimera.PersistentApiService@c306022, flags=0, startId=9320
10-23 09:09:13.124  1091 15645 D PowerManagerNotifier: onWakeLockChanging: flags=1, tag="Icing", packageName=com.google.android.gms, ownerUid=10012, ownerPid=5704, workSource=WorkSource{10012 com.google.android.gms, 10054 com.google.android.apps.messaging, 10055 com.google.android.music}
10-23 09:09:13.134  1091  1972 D PowerManagerNotifier: onWakeLockChanging: flags=1, tag="Icing", packageName=com.google.android.gms, ownerUid=10012, ownerPid=5704, workSource=WorkSource{10012 com.google.android.gms, 10054 com.google.android.apps.messaging}
10-23 09:09:13.154  1091  2827 D PowerManagerNotifier: onWakeLockChanging: flags=1, tag="Icing", packageName=com.google.android.gms, ownerUid=10012, ownerPid=5704, workSource=WorkSource{10012 com.google.android.gms}
10-23 09:09:13.159 12682 12682 D ActivityThread: SVC-Calling onStartCommand: com.google.android.gms.chimera.PersistentDirectBootAwareApiService@9d1246b, flags=0, startId=51971
10-23 09:09:13.162 12682 12682 D ActivityThread: SVC-Calling onStartCommand: com.google.android.gms.chimera.PersistentApiService@c306022, flags=0, startId=9321
10-23 09:09:13.181 12682 12682 D ActivityThread: SVC-Calling onStartCommand: com.google.android.gms.chimera.PersistentApiService@c306022, flags=0, startId=9322
10-23 09:09:13.192  1091  6943 D PowerManagerNotifier: onWakeLockReleased: flags=1, tag="Icing", packageName=com.google.android.gms, ownerUid=10012, ownerPid=5704, workSource=WorkSource{10012 com.google.android.gms}
10-23 09:09:13.192  1091  6943 D DisplayPowerController: requestPowerState: policy=BRIGHT, useProximitySensor=false, screenBrightness=102, screenAutoBrightnessAdjustment=0.0, brightnessSetByUser=true, useAutoBrightness=false, blockScreenOn=false, lowPowerMode=false, boostScreenBrightness=false, dozeScreenBrightness=-1, dozeScreenState=UNKNOWN, useTwilight=false,autoModeScreenBrightness=255,autoModeManualOp=false, waitForNegativeProximity=false, changed=false
10-23 09:09:13.194  5704  5704 V ActivityThread: SVC-Destroying service com.google.android.gms.icing.service.IndexWorkerService@6837dfa
10-23 09:09:13.653  1091  1266 D AlarmManager: set alarm to RTC 1954821713
10-23 09:09:13.654  1091  1266 D DataShapingService: Alarm manager openLteDataUpLinkGate: false
10-23 09:09:13.654  1091  1266 V AlarmManager: openLteGateSuccess = false
10-23 09:09:13.654  1091  1266 D AlarmManager: wakeup alarm = Alarm{956d912 type 2 when 1954818336 android}; listener package = *job.delay*needGrouping = false
10-23 09:09:13.654  1091  1266 D DisplayPowerController: requestPowerState: policy=BRIGHT, useProximitySensor=false, screenBrightness=102, screenAutoBrightnessAdjustment=0.0, brightnessSetByUser=true, useAutoBrightness=false, blockScreenOn=false, lowPowerMode=false, boostScreenBrightness=false, dozeScreenBrightness=-1, dozeScreenState=UNKNOWN, useTwilight=false,autoModeScreenBrightness=255,autoModeManualOp=false, waitForNegativeProximity=false, changed=false
10-23 09:09:13.654  1091  1266 D PowerManagerNotifier: onWakeLockAcquired: flags=1, tag="*alarm*", packageName=android, ownerUid=1000, ownerPid=1091, workSource=WorkSource{10054}
10-23 09:09:13.655  1091  1091 V AlarmManager: APP set with listener(*job.delay*) : type=2 triggerAtTime=1954898534 win=-1 tElapsed=1954898534 maxElapsed=1954958681 interval=0 flags=0x0
10-23 09:09:13.659  1091  1091 D PowerManagerNotifier: onWakeLockReleased: flags=1, tag="*alarm*", packageName=android, ownerUid=1000, ownerPid=1091, workSource=WorkSource{10054}
10-23 09:09:13.659  1091  1091 D DisplayPowerController: requestPowerState: policy=BRIGHT, useProximitySensor=false, screenBrightness=102, screenAutoBrightnessAdjustment=0.0, brightnessSetByUser=true, useAutoBrightness=false, blockScreenOn=false, lowPowerMode=false, boostScreenBrightness=false, dozeScreenBrightness=-1, dozeScreenState=UNKNOWN, useTwilight=false,autoModeScreenBrightness=255,autoModeManualOp=false, waitForNegativeProximity=false, changed=false
10-23 09:09:13.682  4829  4829 V ActivityThread: SVC-Creating service CreateServiceData{token=android.os.BinderProxy@9d1246b className=com.google.android.apps.messaging.shared.datamodel.action.execution.ActionJobService packageName=com.google.android.apps.messaging intent=null}
10-23 09:09:13.702  1091  1091 D DisplayPowerController: requestPowerState: policy=BRIGHT, useProximitySensor=false, screenBrightness=102, screenAutoBrightnessAdjustment=0.0, brightnessSetByUser=true, useAutoBrightness=false, blockScreenOn=false, lowPowerMode=false, boostScreenBrightness=false, dozeScreenBrightness=-1, dozeScreenState=UNKNOWN, useTwilight=false,autoModeScreenBrightness=255,autoModeManualOp=false, waitForNegativeProximity=false, changed=false
10-23 09:09:13.702  1091  1091 D PowerManagerNotifier: onWakeLockAcquired: flags=1, tag="*job*/com.google.android.apps.messaging/.shared.datamodel.action.execution.ActionJobService", packageName=android, ownerUid=1000, ownerPid=1091, workSource=WorkSource{10054}
10-23 09:09:13.716  1091  1642 D DisplayPowerController: requestPowerState: policy=BRIGHT, useProximitySensor=false, screenBrightness=102, screenAutoBrightnessAdjustment=0.0, brightnessSetByUser=true, useAutoBrightness=false, blockScreenOn=false, lowPowerMode=false, boostScreenBrightness=false, dozeScreenBrightness=-1, dozeScreenState=UNKNOWN, useTwilight=false,autoModeScreenBrightness=255,autoModeManualOp=false, waitForNegativeProximity=false, changed=false
10-23 09:09:13.716  1091  1642 D PowerManagerNotifier: onWakeLockAcquired: flags=1, tag="bugle_datamodel_executor_wakelock", packageName=com.google.android.apps.messaging, ownerUid=10054, ownerPid=4829, workSource=null
10-23 09:09:13.717  4829  4829 V ActivityThread: SVC-Creating service CreateServiceData{token=android.os.BinderProxy@ce74bc8 className=com.google.android.apps.messaging.shared.datamodel.action.execution.ActionExecutorImpl$EmptyService packageName=com.google.android.apps.messaging intent=null}
10-23 09:09:13.718  4829  4829 D ActivityThread: SVC-Calling onStartCommand: com.google.android.apps.messaging.shared.datamodel.action.execution.ActionExecutorImpl$EmptyService@c426461, flags=0, startId=1
10-23 09:09:13.721  1091 12635 D DisplayPowerController: requestPowerState: policy=BRIGHT, useProximitySensor=false, screenBrightness=102, screenAutoBrightnessAdjustment=0.0, brightnessSetByUser=true, useAutoBrightness=false, blockScreenOn=false, lowPowerMode=false, boostScreenBrightness=false, dozeScreenBrightness=-1, dozeScreenState=UNKNOWN, useTwilight=false,autoModeScreenBrightness=255,autoModeManualOp=false, waitForNegativeProximity=false, changed=false
10-23 09:09:13.721  1091 12635 D PowerManagerNotifier: onWakeLockAcquired: flags=1, tag="bugle_safe_async_task_wakelock", packageName=com.google.android.apps.messaging, ownerUid=10054, ownerPid=4829, workSource=null
10-23 09:09:13.726  1091 15647 D PowerManagerNotifier: onWakeLockReleased: flags=1, tag="bugle_safe_async_task_wakelock", packageName=com.google.android.apps.messaging, ownerUid=10054, ownerPid=4829, workSource=null
10-23 09:09:13.726  1091 15647 D DisplayPowerController: requestPowerState: policy=BRIGHT, useProximitySensor=false, screenBrightness=102, screenAutoBrightnessAdjustment=0.0, brightnessSetByUser=true, useAutoBrightness=false, blockScreenOn=false, lowPowerMode=false, boostScreenBrightness=false, dozeScreenBrightness=-1, dozeScreenState=UNKNOWN, useTwilight=false,autoModeScreenBrightness=255,autoModeManualOp=false, waitForNegativeProximity=false, changed=false
10-23 09:09:13.730 12682 12682 D ActivityThread: SVC-Calling onStartCommand: com.google.android.gms.chimera.PersistentDirectBootAwareApiService@9d1246b, flags=0, startId=51972
10-23 09:09:13.733  1091  1091 D PowerManagerNotifier: onWakeLockReleased: flags=1, tag="*job*/com.google.android.apps.messaging/.shared.datamodel.action.execution.ActionJobService", packageName=android, ownerUid=1000, ownerPid=1091, workSource=WorkSource{10054}
10-23 09:09:13.733  1091  1091 D DisplayPowerController: requestPowerState: policy=BRIGHT, useProximitySensor=false, screenBrightness=102, screenAutoBrightnessAdjustment=0.0, brightnessSetByUser=true, useAutoBrightness=false, blockScreenOn=false, lowPowerMode=false, boostScreenBrightness=false, dozeScreenBrightness=-1, dozeScreenState=UNKNOWN, useTwilight=false,autoModeScreenBrightness=255,autoModeManualOp=false, waitForNegativeProximity=false, changed=false
10-23 09:09:13.736  1091  1091 V AlarmManager: APP set with listener(*job.delay*) : type=2 triggerAtTime=1954898534 win=-1 tElapsed=1954898534 maxElapsed=1954958621 interval=0 flags=0x0
10-23 09:09:13.736  1091  1091 D AlarmManager: remove(operation) changed bounds; rebatching operation = null
10-23 09:09:13.737  4829  4829 V ActivityThread: SVC-Destroying service com.google.android.apps.messaging.shared.datamodel.action.execution.ActionJobService@edfe59d
10-23 09:09:13.739  1091  1091 D AlarmManager: set alarm to RTC 1954819962
10-23 09:09:13.740  1091  1091 V AlarmManager: APP set with listener(*job.deadline*) : type=2 triggerAtTime=1955018486 win=-1 tElapsed=1955018486 maxElapsed=1955168534 interval=0 flags=0x0
10-23 09:09:13.740  1091  1091 D AlarmManager: remove(operation) changed bounds; rebatching operation = null
10-23 09:09:13.743  1091  1091 D AlarmManager: set alarm to RTC 1954839492
10-23 09:09:13.745  1091  3387 D PowerManagerNotifier: onWakeLockReleased: flags=1, tag="bugle_datamodel_executor_wakelock", packageName=com.google.android.apps.messaging, ownerUid=10054, ownerPid=4829, workSource=null
10-23 09:09:13.745  1091  3387 D DisplayPowerController: requestPowerState: policy=BRIGHT, useProximitySensor=false, screenBrightness=102, screenAutoBrightnessAdjustment=0.0, brightnessSetByUser=true, useAutoBrightness=false, blockScreenOn=false, lowPowerMode=false, boostScreenBrightness=false, dozeScreenBrightness=-1, dozeScreenState=UNKNOWN, useTwilight=false,autoModeScreenBrightness=255,autoModeManualOp=false, waitForNegativeProximity=false, changed=false
10-23 09:09:13.747  4829  4829 V ActivityThread: SVC-Destroying service com.google.android.apps.messaging.shared.datamodel.action.execution.ActionExecutorImpl$EmptyService@c426461
10-23 09:09:14.033  1091  1485 V ActivityManager: Broadcast sticky: Intent { act=android.net.wifi.RSSI_CHANGED flg=0x4000010 (has extras) } ordered=false userid=-1 callerApp=ProcessRecord{80e9be 1091:system/1000}
10-23 09:09:15.383  1091 15642 V ActivityManager: Broadcast sticky: Intent { act=android.intent.action.SIG_STR flg=0x20000010 (has extras) } ordered=false userid=-1 callerApp=ProcessRecord{80e9be 1091:system/1000}
10-23 09:09:16.302  5704  5704 V ActivityThread: SVC-Destroying service com.google.android.gms.ads.identifier.service.AdvertisingIdService@1a5d19
10-23 09:09:16.908  5704  5704 V ActivityThread: SVC-Destroying service com.google.android.gms.chimera.GmsIntentOperationService@d2e0194
10-23 09:09:17.055  1091  1485 V ActivityManager: Broadcast sticky: Intent { act=android.net.wifi.RSSI_CHANGED flg=0x4000010 (has extras) } ordered=false userid=-1 callerApp=ProcessRecord{80e9be 1091:system/1000}
10-23 09:09:20.075  1091  1485 V ActivityManager: Broadcast sticky: Intent { act=android.net.wifi.RSSI_CHANGED flg=0x4000010 (has extras) } ordered=false userid=-1 callerApp=ProcessRecord{80e9be 1091:system/1000}
10-23 09:09:20.502  1091  9757 V ActivityManager: Broadcast sticky: Intent { act=android.intent.action.SIG_STR flg=0x20000010 (has extras) } ordered=false userid=-1 callerApp=ProcessRecord{80e9be 1091:system/1000}
10-23 09:09:23.098  1091  1485 V ActivityManager: Broadcast sticky: Intent { act=android.net.wifi.RSSI_CHANGED flg=0x4000010 (has extras) } ordered=false userid=-1 callerApp=ProcessRecord{80e9be 1091:system/1000}
10-23 09:09:23.508  1091  1722 W Watchdog: **Get SF Time **1
10-23 09:09:23.509  1091  1722 W Watchdog: SWT Watchdog before synchronized:467968150
10-23 09:09:23.509  1091  1722 W Watchdog: SWT Watchdog after synchronized:467968150
10-23 09:09:25.197 12682 12682 V ActivityThread: SVC-Destroying service com.google.android.gms.lockbox.service.LockboxBrokerService@ccc8dc6
10-23 09:09:25.520 12682 12682 V ActivityThread: SVC-Destroying service com.google.android.location.reporting.service.ReportingAndroidService@36ee187
10-23 09:09:25.620  1091  6943 V ActivityManager: Broadcast sticky: Intent { act=android.intent.action.SIG_STR flg=0x20000010 (has extras) } ordered=false userid=-1 callerApp=ProcessRecord{80e9be 1091:system/1000}
10-23 09:09:26.120  1091  1485 V ActivityManager: Broadcast sticky: Intent { act=android.net.wifi.RSSI_CHANGED flg=0x4000010 (has extras) } ordered=false userid=-1 callerApp=ProcessRecord{80e9be 1091:system/1000}
10-23 09:09:27.709   454  1013 D SocketClient: SocketClient sendData done: 613 IfaceClass idle 1 1954832391453018
10-23 09:09:27.711  1091  1462 D NetdConnector: RCV <- {613 IfaceClass idle 1 1954832391453018}
10-23 09:09:27.713  1091  1163 D NetworkManagement: onEvent:613 IfaceClass idle 1 1954832391453018:5
10-23 09:09:27.718  1091  1163 V ActivityManager: Broadcast: Intent { act=android.net.conn.DATA_ACTIVITY_CHANGE flg=0x10 (has extras) } ordered=true userid=-1 callerApp=ProcessRecord{80e9be 1091:system/1000}
10-23 09:09:27.723 12682 12682 D ActivityThread: BDC-Calling finishReceiver: IIntentReceiver=ac990ef
10-23 09:09:27.731  1091  1163 V ActivityManager: Broadcast sticky: Intent { act=android.net.conn.DATA_ACTIVITY_CHANGE_CT flg=0x10 (has extras) } ordered=false userid=-1 callerApp=ProcessRecord{80e9be 1091:system/1000}
10-23 09:09:29.145  1091  1485 V ActivityManager: Broadcast sticky: Intent { act=android.net.wifi.RSSI_CHANGED flg=0x4000010 (has extras) } ordered=false userid=-1 callerApp=ProcessRecord{80e9be 1091:system/1000}
10-23 09:09:30.633   454  1014 D NetlinkEvent: parseIfAddrMessage: if:wlan0; ADDRESS 2a02:810c:340:4f36:fe53:9eff:fea9:2c68;VALID=1;
10-23 09:09:30.633   454  1014 D SocketClient: SocketClient sendData done: 614 Address updated 2a02:810c:340:4f36:fe53:9eff:fea9:2c68/64 wlan0 0 0 1
10-23 09:09:30.634   454  1014 D NetlinkEvent: parseIfAddrMessage: if:wlan0; ADDRESS 2a02:810c:340:4f36:6916:e1e5:1d62:35ff;VALID=1;
10-23 09:09:30.634   454  1014 D SocketClient: SocketClient sendData done: 614 Address updated 2a02:810c:340:4f36:6916:e1e5:1d62:35ff/64 wlan0 1 0 1
10-23 09:09:30.634   454  1014 D NetlinkEvent: parseIfAddrMessage: if:wlan0; ADDRESS 2a02:810c:340:4f36:dc63:463a:2f9:87b6;VALID=1;
10-23 09:09:30.634   454  1014 D SocketClient: SocketClient sendData done: 614 Address updated 2a02:810c:340:4f36:dc63:463a:2f9:87b6/64 wlan0 33 0 1
10-23 09:09:30.634   454  1014 D NetlinkEvent: ignore prefix of wlan0
10-23 09:09:30.634   454  1014 D SocketClient: SocketClient sendData done: 615 DnsInfo servers wlan0 360 2a02:810c:340:4f36:925c:44ff:fef9:5436
10-23 09:09:30.635   454  1014 D NetlinkEvent: Unknown ND option type 31
10-23 09:09:30.635   454  1013 D SocketClient: SocketClient sendData done: 613 IfaceClass active 1 1954835315078402 0
10-23 09:09:30.637  1091  1462 D NetdConnector: RCV <- {614 Address updated 2a02:810c:340:4f36:fe53:9eff:fea9:2c68/64 wlan0 0 0 1}
10-23 09:09:30.638  1091  1462 D NetdConnector: RCV <- {614 Address updated 2a02:810c:340:4f36:6916:e1e5:1d62:35ff/64 wlan0 1 0 1}
10-23 09:09:30.639  1091  1462 D NetdConnector: RCV <- {614 Address updated 2a02:810c:340:4f36:dc63:463a:2f9:87b6/64 wlan0 33 0 1}
10-23 09:09:30.639  1091  1462 D NetdConnector: RCV <- {615 DnsInfo servers wlan0 360 2a02:810c:340:4f36:925c:44ff:fef9:5436}
10-23 09:09:30.640  1091  1462 D NetdConnector: RCV <- {613 IfaceClass active 1 1954835315078402 0}
10-23 09:09:30.641  1091  1163 D NetworkManagement: onEvent:614 Address updated 2a02:810c:340:4f36:fe53:9eff:fea9:2c68/64 wlan0 0 0 1:8
10-23 09:09:30.641  1091  1163 D NetworkManagement: InterfaceAddressChange valid=1
10-23 09:09:30.648  1091  1163 D NetworkManagement: onEvent:614 Address updated 2a02:810c:340:4f36:6916:e1e5:1d62:35ff/64 wlan0 1 0 1:8
10-23 09:09:30.648  1091  1163 D NetworkManagement: InterfaceAddressChange valid=1
10-23 09:09:30.652  1091  1163 D NetworkManagement: onEvent:614 Address updated 2a02:810c:340:4f36:dc63:463a:2f9:87b6/64 wlan0 33 0 1:8
10-23 09:09:30.653  1091  1163 D NetworkManagement: InterfaceAddressChange valid=1
10-23 09:09:30.656  1091  1163 D NetworkManagement: onEvent:615 DnsInfo servers wlan0 360 2a02:810c:340:4f36:925c:44ff:fef9:5436:6
10-23 09:09:30.658  1091  1163 D NetworkManagement: onEvent:613 IfaceClass active 1 1954835315078402 0:6
10-23 09:09:30.661  1091  1163 V ActivityManager: Broadcast: Intent { act=android.net.conn.DATA_ACTIVITY_CHANGE flg=0x10 (has extras) } ordered=true userid=-1 callerApp=ProcessRecord{80e9be 1091:system/1000}
10-23 09:09:30.664 12682 12682 D ActivityThread: BDC-Calling finishReceiver: IIntentReceiver=ac990ef
10-23 09:09:30.669  1091  1163 V ActivityManager: Broadcast sticky: Intent { act=android.net.conn.DATA_ACTIVITY_CHANGE_CT flg=0x10 (has extras) } ordered=false userid=-1 callerApp=ProcessRecord{80e9be 1091:system/1000}
10-23 09:09:30.726  1091  1972 V ActivityManager: Broadcast sticky: Intent { act=android.intent.action.SIG_STR flg=0x20000010 (has extras) } ordered=false userid=-1 callerApp=ProcessRecord{80e9be 1091:system/1000}
10-23 09:09:32.165  1091  1485 V ActivityManager: Broadcast sticky: Intent { act=android.net.wifi.RSSI_CHANGED flg=0x4000010 (has extras) } ordered=false userid=-1 callerApp=ProcessRecord{80e9be 1091:system/1000}
10-23 09:09:34.065  1091  1091 V ActivityManager: Broadcast sticky: Intent { act=android.intent.action.BATTERY_CHANGED flg=0x60000010 (has extras) } ordered=false userid=-1 callerApp=null
10-23 09:09:34.067  1091  1091 D WifiService: onReceive, action:android.intent.action.BATTERY_CHANGED
10-23 09:09:34.069  1091  1484 D WifiController: DeviceActiveState{ when=-2ms what=155652 arg1=2 target=com.android.internal.util.StateMachine$SmHandler }
10-23 09:09:34.069  1091  1484 D WifiController: StaEnabledState{ when=-2ms what=155652 arg1=2 target=com.android.internal.util.StateMachine$SmHandler }
10-23 09:09:34.069  1091  1484 D WifiController: DefaultState{ when=-2ms what=155652 arg1=2 target=com.android.internal.util.StateMachine$SmHandler }
10-23 09:09:34.069  1091  1484 D WifiController: battery changed pluggedType: 2
10-23 09:09:34.809  1091  1266 D AlarmManager: set alarm to RTC 1954926926
10-23 09:09:34.809  1091  1266 D AlarmManager: set alarm to RTC 1954864683
10-23 09:09:34.810  1091  1266 D DataShapingService: Alarm manager openLteDataUpLinkGate: false
10-23 09:09:34.810  1091  1266 V AlarmManager: openLteGateSuccess = false
10-23 09:09:34.810  1091  1266 D AlarmManager: wakeup alarm = Alarm{ebb603f type 2 when 1954839492 android}; listener package = WifiConnectivityManager Schedule Periodic Scan TimerneedGrouping = false
10-23 09:09:34.810  1091  1266 D DisplayPowerController: requestPowerState: policy=BRIGHT, useProximitySensor=false, screenBrightness=102, screenAutoBrightnessAdjustment=0.0, brightnessSetByUser=true, useAutoBrightness=false, blockScreenOn=false, lowPowerMode=false, boostScreenBrightness=false, dozeScreenBrightness=-1, dozeScreenState=UNKNOWN, useTwilight=false,autoModeScreenBrightness=255,autoModeManualOp=false, waitForNegativeProximity=false, changed=false
10-23 09:09:34.810  1091  1266 D PowerManagerNotifier: onWakeLockAcquired: flags=1, tag="*alarm*", packageName=android, ownerUid=1000, ownerPid=1091, workSource=WorkSource{1000}
10-23 09:09:34.826  1091  1266 V ActivityManager: Broadcast: Intent { flg=0x14 cmp=com.google.android.gms/.lockbox.LockboxAlarmReceiver (has extras) } ordered=true userid=0 callerApp=null
10-23 09:09:34.835 12682 12682 D ActivityThread: BDC-Calling onReceive: intent=Intent { flg=0x14 cmp=com.google.android.gms/.lockbox.LockboxAlarmReceiver (has extras) }, receiver=com.google.android.gms.lockbox.LockboxAlarmReceiver@3a2a74d
10-23 09:09:34.844  1091  1091 D AlarmManager: onSendFinished begin
10-23 09:09:34.847  1091  1266 V AlarmManager: sending alarm Alarm{af0786a type 3 when 1954838833 com.google.android.gms} success
10-23 09:09:34.848  1091  1485 V AlarmManager: APP set with listener(WifiConnectivityManager Schedule Periodic Scan Timer) : type=2 triggerAtTime=1954919495 win=-1 tElapsed=1954919495 maxElapsed=1954979495 interval=0 flags=0x8
10-23 09:09:34.849  1091  1485 D PowerManagerNotifier: onWakeLockChanging: flags=1, tag="*alarm*", packageName=android, ownerUid=1000, ownerPid=1091, workSource=WorkSource{10012 com.google.android.gms}
10-23 09:09:34.849  1091  1091 D PowerManagerNotifier: onWakeLockReleased: flags=1, tag="*alarm*", packageName=android, ownerUid=1000, ownerPid=1091, workSource=WorkSource{10012 com.google.android.gms}
10-23 09:09:34.849  1091  1091 D DisplayPowerController: requestPowerState: policy=BRIGHT, useProximitySensor=false, screenBrightness=102, screenAutoBrightnessAdjustment=0.0, brightnessSetByUser=true, useAutoBrightness=false, blockScreenOn=false, lowPowerMode=false, boostScreenBrightness=false, dozeScreenBrightness=-1, dozeScreenState=UNKNOWN, useTwilight=false,autoModeScreenBrightness=255,autoModeManualOp=false, waitForNegativeProximity=false, changed=false
10-23 09:09:34.851  1091  1491 V AlarmManager: APP set with listener(SupplicantWifiScannerImpl Scan Timeout) : type=2 triggerAtTime=1954854507 win=-1 tElapsed=1954854507 maxElapsed=1954865757 interval=0 flags=0x8
10-23 09:09:34.852  1091  1491 D AlarmManager: set alarm to RTC 1954864683
10-23 09:09:34.853 12682 12682 V ActivityThread: SVC-Creating service CreateServiceData{token=android.os.BinderProxy@dc8e202 className=com.google.android.gms.lockbox.LockboxService packageName=com.google.android.gms intent=null}
10-23 09:09:34.869 12682 12682 D ActivityThread: SVC-Calling onStartCommand: com.google.android.gms.lockbox.LockboxService@a902668, flags=0, startId=1
10-23 09:09:34.880 12682 12682 V ActivityThread: SVC-Creating service CreateServiceData{token=android.os.BinderProxy@d2f9eac className=com.google.android.gms.lockbox.service.LockboxBrokerService packageName=com.google.android.gms intent=null}
10-23 09:09:34.898 12682 12682 D ActivityThread: SVC-Calling onStartCommand: com.google.android.gms.chimera.PersistentApiService@c306022, flags=0, startId=9323
10-23 09:09:34.903  1091  9758 D DisplayPowerController: requestPowerState: policy=BRIGHT, useProximitySensor=false, screenBrightness=102, screenAutoBrightnessAdjustment=0.0, brightnessSetByUser=true, useAutoBrightness=false, blockScreenOn=false, lowPowerMode=false, boostScreenBrightness=false, dozeScreenBrightness=-1, dozeScreenState=UNKNOWN, useTwilight=false,autoModeScreenBrightness=255,autoModeManualOp=false, waitForNegativeProximity=false, changed=false
10-23 09:09:34.903  1091  9758 D PowerManagerNotifier: onWakeLockAcquired: flags=1, tag="CMWakeLock", packageName=com.google.android.gms, ownerUid=10012, ownerPid=12682, workSource=WorkSource{10012 com.google.android.gms}
10-23 09:09:34.909  1091  1101 D PowerManagerNotifier: onWakeLockReleased: flags=1, tag="CMWakeLock", packageName=com.google.android.gms, ownerUid=10012, ownerPid=12682, workSource=WorkSource{10012 com.google.android.gms}
10-23 09:09:34.909  1091  1101 D DisplayPowerController: requestPowerState: policy=BRIGHT, useProximitySensor=false, screenBrightness=102, screenAutoBrightnessAdjustment=0.0, brightnessSetByUser=true, useAutoBrightness=false, blockScreenOn=false, lowPowerMode=false, boostScreenBrightness=false, dozeScreenBrightness=-1, dozeScreenState=UNKNOWN, useTwilight=false,autoModeScreenBrightness=255,autoModeManualOp=false, waitForNegativeProximity=false, changed=false
10-23 09:09:34.910 12682 12682 D ActivityThread: SVC-Calling onStartCommand: com.google.android.gms.chimera.PersistentDirectBootAwareApiService@9d1246b, flags=0, startId=51973
10-23 09:09:34.912  1091  6943 V AlarmManager: APP set(PendingIntent{a95b136: PendingIntentRecord{5df6daf com.google.android.gms broadcastIntent}}) : type=3 triggerAtTime=1954899592 win=-1 tElapsed=1954899592 maxElapsed=1954944590 interval=0 flags=0x0
10-23 09:09:34.917  1091 15642 I NetworkIdentity: buildNetworkIdentity:
10-23 09:09:34.917  1091 15642 I NetworkIdentity: networkId = KabelBox-6C6C
10-23 09:09:34.917  1091 15642 D ConnectivityService: getActiveNetworkInfo networkInfo = [type: WIFI[], state: CONNECTED/CONNECTED, reason: (unspecified), extra: "KabelBox-6C6C", failover: false, available: true, roaming: false, metered: false]
10-23 09:09:34.935 12682 12682 V ActivityThread: SVC-Destroying service com.google.android.gms.lockbox.LockboxService@a902668
10-23 09:09:35.171  1091  1485 V ActivityManager: Broadcast sticky: Intent { act=android.net.wifi.RSSI_CHANGED flg=0x4000010 (has extras) } ordered=false userid=-1 callerApp=ProcessRecord{80e9be 1091:system/1000}
10-23 09:09:35.856  1091  3296 V ActivityManager: Broadcast sticky: Intent { act=android.intent.action.SIG_STR flg=0x20000010 (has extras) } ordered=false userid=-1 callerApp=ProcessRecord{80e9be 1091:system/1000}
10-23 09:09:37.939   454  1014 D SocketClient: SocketClient sendData done: 600 Iface linkstate wlan0 up
10-23 09:09:37.942  1091  1462 D NetdConnector: RCV <- {600 Iface linkstate wlan0 up}
10-23 09:09:37.943  1091  1491 D AlarmManager: manual remove option = null
10-23 09:09:37.943  1091  1491 D AlarmManager: remove(operation) changed bounds; rebatching operation = null
10-23 09:09:37.947  1091  1491 D AlarmManager: set alarm to RTC 1954919495
10-23 09:09:37.951  1091  1163 D NetworkManagement: onEvent:600 Iface linkstate wlan0 up:5
10-23 09:09:38.183  1091  1485 V ActivityManager: Broadcast sticky: Intent { act=android.net.wifi.RSSI_CHANGED flg=0x4000010 (has extras) } ordered=false userid=-1 callerApp=ProcessRecord{80e9be 1091:system/1000}
10-23 09:09:39.942 12682 12682 V ActivityThread: SVC-Destroying service com.google.android.gms.lockbox.service.LockboxBrokerService@56b0fbe
10-23 09:09:40.978  1091  4315 V ActivityManager: Broadcast sticky: Intent { act=android.intent.action.SIG_STR flg=0x20000010 (has extras) } ordered=false userid=-1 callerApp=ProcessRecord{80e9be 1091:system/1000}
10-23 09:09:41.208  1091  1485 V ActivityManager: Broadcast sticky: Intent { act=android.net.wifi.RSSI_CHANGED flg=0x4000010 (has extras) } ordered=false userid=-1 callerApp=ProcessRecord{80e9be 1091:system/1000}
10-23 09:09:44.229  1091  1485 V ActivityManager: Broadcast sticky: Intent { act=android.net.wifi.RSSI_CHANGED flg=0x4000010 (has extras) } ordered=false userid=-1 callerApp=ProcessRecord{80e9be 1091:system/1000}
10-23 09:09:46.099  1091  1645 V ActivityManager: Broadcast sticky: Intent { act=android.intent.action.SIG_STR flg=0x20000010 (has extras) } ordered=false userid=-1 callerApp=ProcessRecord{80e9be 1091:system/1000}
10-23 09:09:47.251  1091  1485 V ActivityManager: Broadcast sticky: Intent { act=android.net.wifi.RSSI_CHANGED flg=0x4000010 (has extras) } ordered=false userid=-1 callerApp=ProcessRecord{80e9be 1091:system/1000}
10-23 09:09:50.274  1091  1485 V ActivityManager: Broadcast sticky: Intent { act=android.net.wifi.RSSI_CHANGED flg=0x4000010 (has extras) } ordered=false userid=-1 callerApp=ProcessRecord{80e9be 1091:system/1000}
10-23 09:09:50.649   454  1013 D SocketClient: SocketClient sendData done: 613 IfaceClass idle 1 1954855331407096
10-23 09:09:50.650  1091  1462 D NetdConnector: RCV <- {613 IfaceClass idle 1 1954855331407096}
10-23 09:09:50.652  1091  1163 D NetworkManagement: onEvent:613 IfaceClass idle 1 1954855331407096:5
10-23 09:09:50.654  1091  1163 V ActivityManager: Broadcast: Intent { act=android.net.conn.DATA_ACTIVITY_CHANGE flg=0x10 (has extras) } ordered=true userid=-1 callerApp=ProcessRecord{80e9be 1091:system/1000}
