10-23 09:10:33.922   316   750 I MAL-RDS :  (          rds_ru_rpl_gen, 7710) [RDS-I][RU][rds_ru_rpl_gen][RDS][OP6] TYPE : <4>, UI Policy : <3>, RDS Policy : <3>
10-23 09:10:33.922   316   750 I MAL-RDS :  (          rds_ru_rpl_gen, 7710) [RDS-I][RU][rds_ru_rpl_gen][RDS][OP6] TYPE : <5>, UI Policy : <3>, RDS Policy : <3>
10-23 09:10:33.922   316   750 I MAL-RDS :  (       rds_emergency_vdf, 6379) [RDS-I][RU][rds_emergency_vdf] EMG RPL Ori:(2,254) New:(2,254) sim(1)
10-23 09:10:33.923   316   750 I MAL-RDS :  (          rds_ru_rpl_gen, 7763) [RDS-I][RU][rds_ru_rpl_gen][RDS] Current policy: fgimsolte_en<1>, fgwfc_en<0>, erdspolicy<3>,||Threshold i4wifirssih<-75>, i4wifirssil<-85>, i4wifirssih_ho<-78>, i4wifirssil_ho<-88>, i4wifisnrh<10>, i4wifisnrl<6>||Threshold i4ltersrph<-106>, i4ltersrpm<-111>, i4ltersrpl<-116>, i4ltersrqh<5>, i4ltersrqm<3>, i4ltersrql<1>||Threshold i43grscph<-104>, i43grscpl<-110>, i42grssih<-94>, i42grssil<-102>, i4lterssnrl<-3>, i43gecnol<-15>||current rds ru status: i4wifirssi<-66>, i4wifisnr<9999>, i4ltersrp<-141>, i4ltersrq<0>, u4active_ran<1>, i4lterssnr<-50>, i43grscp<-141>, i43gecno<-24>, i42grssi<-141>, u4sig_reg_status<0>||current wifi backhaul : rtp_plr<0>, rtp_jitter<0>, ping_ind<0>, ltecsr_ind<0>, ||pcscf acc stat : volte<1>, wfc<1> || wifi acc_ctrl:<0>, || current MD stat : MD1 roam <0>, ||Call stat : IR92<0>, IR94<0>, SMS over IP<0>, IPME<0>, sim<1>
10-23 09:10:33.923   316   750 I MAL-RDS :  (          rds_ru_rpl_gen, 7780) [RDS-I][RU][RDS IMS/MMS][rds_ru_rpl_gen][OP-6] Ori:(254,254)/(255,255) New:(254,254)/(255,255)||[RU][RDS IMS/MMS WIFI]Ori:(254,254)/(255,255) New:(254,254)/(255,255)||[RU][RDS IMS/MMS CELL]Ori:(254,254)/(255,255) New:(254,254)/(255,255) , sim<1>
10-23 09:10:34.214  1950  1987 E GED     : Failed to execute ioctl 3222824709, BridgeID(5), err(-1)
10-23 09:10:34.214  1950  1987 E GasService: Error on query GED info, err=1
10-23 09:10:34.760   430   430 I thermal_repeater: select timeout
10-23 09:10:34.910  1091  1266 D AlarmManager: set alarm to RTC 1954926926
10-23 09:10:34.910  1091  1266 D AlarmManager: set alarm to RTC 1954924682
10-23 09:10:34.910  1091  1266 D DataShapingService: Alarm manager openLteDataUpLinkGate: false
10-23 09:10:34.910  1091  1266 V AlarmManager: openLteGateSuccess = false
10-23 09:10:34.911  1091  1266 D AlarmManager: wakeup alarm = Alarm{3f76241 type 2 when 1954892971 com.google.android.gms}; package = com.google.android.gmsneedGrouping = true
10-23 09:10:34.912  1091  1266 V ActivityManager: Broadcast: Intent { act=com.google.android.location.reporting.collectors.ble.ULR_BLE_SCAN_ALARM flg=0x14 pkg=com.google.android.gms (has extras) } ordered=true userid=0 callerApp=null
10-23 09:10:34.922  1091  9757 D DisplayPowerController: requestPowerState: policy=OFF, useProximitySensor=false, screenBrightness=102, screenAutoBrightnessAdjustment=0.0, brightnessSetByUser=true, useAutoBrightness=false, blockScreenOn=false, lowPowerMode=false, boostScreenBrightness=false, dozeScreenBrightness=-1, dozeScreenState=UNKNOWN, useTwilight=false,autoModeScreenBrightness=255,autoModeManualOp=false, waitForNegativeProximity=false, changed=false
10-23 09:10:34.922  1091  9757 D PowerManagerNotifier: onWakeLockAcquired: flags=1, tag="BleScanner_WakeLock", packageName=com.google.android.gms, ownerUid=10012, ownerPid=12682, workSource=WorkSource{10012 com.google.android.gms}
10-23 09:10:34.924 12682 12682 D ActivityThread: BDC-Calling finishReceiver: IIntentReceiver=3aaba9b
10-23 09:10:34.927  1091  1091 D AlarmManager: onSendFinished begin
10-23 09:10:34.941  1091  1266 V AlarmManager: sending alarm Alarm{3f76241 type 2 when 1954892971 com.google.android.gms} success
10-23 09:10:34.941  1091  1266 D DisplayPowerController: requestPowerState: policy=OFF, useProximitySensor=false, screenBrightness=102, screenAutoBrightnessAdjustment=0.0, brightnessSetByUser=true, useAutoBrightness=false, blockScreenOn=false, lowPowerMode=false, boostScreenBrightness=false, dozeScreenBrightness=-1, dozeScreenState=UNKNOWN, useTwilight=false,autoModeScreenBrightness=255,autoModeManualOp=false, waitForNegativeProximity=false, changed=false
10-23 09:10:34.942  1091  1266 D PowerManagerNotifier: onWakeLockAcquired: flags=1, tag="*alarm*", packageName=android, ownerUid=1000, ownerPid=1091, workSource=WorkSource{10012 com.google.android.gms}
10-23 09:10:34.943  1091  1266 D AlarmManager: wakeup alarm = Alarm{f8ad3e6 type 2 when 1954898534 android}; listener package = *job.delay*needGrouping = false
10-23 09:10:34.944  1091  1266 V ActivityManager: Broadcast: Intent { flg=0x14 cmp=com.google.android.gms/.lockbox.LockboxAlarmReceiver (has extras) } ordered=true userid=0 callerApp=null
10-23 09:10:34.949 12682 12682 D ActivityThread: BDC-Calling onReceive: intent=Intent { flg=0x14 cmp=com.google.android.gms/.lockbox.LockboxAlarmReceiver (has extras) }, receiver=com.google.android.gms.lockbox.LockboxAlarmReceiver@e42eacd
10-23 09:10:34.959 12682 12682 V ActivityThread: SVC-Creating service CreateServiceData{token=android.os.BinderProxy@d969f82 className=com.google.android.gms.lockbox.LockboxService packageName=com.google.android.gms intent=null}
10-23 09:10:34.962  1091  1266 V AlarmManager: sending alarm Alarm{ad15bd4 type 3 when 1954899592 com.google.android.gms} success
10-23 09:10:34.963  1091  1091 D PowerManagerNotifier: onWakeLockChanging: flags=1, tag="*alarm*", packageName=android, ownerUid=1000, ownerPid=1091, workSource=WorkSource{10054}
10-23 09:10:34.964  1091  1091 V AlarmManager: APP set with listener(*job.delay*) : type=2 triggerAtTime=1955389395 win=-1 tElapsed=1955389395 maxElapsed=1955756706 interval=0 flags=0x0
10-23 09:10:34.965  1091  1091 D PowerManagerNotifier: onWakeLockChanging: flags=1, tag="*alarm*", packageName=android, ownerUid=1000, ownerPid=1091, workSource=WorkSource{10012 com.google.android.gms}
10-23 09:10:34.965  1091  1091 D AlarmManager: onSendFinished begin
10-23 09:10:34.965  1091  1091 D PowerManagerNotifier: onWakeLockReleased: flags=1, tag="*alarm*", packageName=android, ownerUid=1000, ownerPid=1091, workSource=WorkSource{10012 com.google.android.gms}
10-23 09:10:34.965  1091  1091 D DisplayPowerController: requestPowerState: policy=OFF, useProximitySensor=false, screenBrightness=102, screenAutoBrightnessAdjustment=0.0, brightnessSetByUser=true, useAutoBrightness=false, blockScreenOn=false, lowPowerMode=false, boostScreenBrightness=false, dozeScreenBrightness=-1, dozeScreenState=UNKNOWN, useTwilight=false,autoModeScreenBrightness=255,autoModeManualOp=false, waitForNegativeProximity=false, changed=false
10-23 09:10:34.978  4829  4829 V ActivityThread: SVC-Creating service CreateServiceData{token=android.os.BinderProxy@1b8ca12 className=com.google.android.apps.messaging.shared.datamodel.action.execution.ActionJobService packageName=com.google.android.apps.messaging intent=null}
10-23 09:10:34.982 30388 30400 I wind/AppLockService: pid4829procState7
10-23 09:10:34.982 30388 30400 I wind/AppLockService: pid1343procState7
10-23 09:10:34.982 30388 30400 I wind/AppLockService: pid4952procState7
10-23 09:10:34.984  1091  1091 D DisplayPowerController: requestPowerState: policy=OFF, useProximitySensor=false, screenBrightness=102, screenAutoBrightnessAdjustment=0.0, brightnessSetByUser=true, useAutoBrightness=false, blockScreenOn=false, lowPowerMode=false, boostScreenBrightness=false, dozeScreenBrightness=-1, dozeScreenState=UNKNOWN, useTwilight=false,autoModeScreenBrightness=255,autoModeManualOp=false, waitForNegativeProximity=false, changed=false
10-23 09:10:34.984  1091  1091 D PowerManagerNotifier: onWakeLockAcquired: flags=1, tag="*job*/com.google.android.apps.messaging/.shared.datamodel.action.execution.ActionJobService", packageName=android, ownerUid=1000, ownerPid=1091, workSource=WorkSource{10054}
10-23 09:10:34.985 12682  6673 I GCoreUlr: Starting BLE scan: mode: 2
10-23 09:10:34.987 12682 12682 D ActivityThread: SVC-Calling onStartCommand: com.google.android.gms.lockbox.LockboxService@53f8fe8, flags=0, startId=1
10-23 09:10:34.988 12682 12682 I BeaconBle: Client requested scan, settings=BleSettings [scanMode=LOW_LATENCY, callbackType=ALL_MATCHES, reportDelayMillis=0, 2 filters, 0 clients, callingClientName=ULR]
10-23 09:10:34.988 12682 12682 D BluetoothAdapter: isEnabled
10-23 09:10:34.994 12682 12682 D BluetoothAdapter: isEnabled
10-23 09:10:34.997 12682 12682 D BluetoothAdapter: isEnabled
10-23 09:10:34.999 12682 12682 D BluetoothAdapter: isEnabled
10-23 09:10:35.003 12682 12682 D BluetoothAdapter: getLeState() returning 15
10-23 09:10:35.004 12682 12682 D BluetoothAdapter: isEnabled
10-23 09:10:35.005  1091 15642 D ConnectivityService: allowed status for uid 10012 when rule is 1 (ALLOW_METERED): true
10-23 09:10:35.005  1091 15642 I NetworkIdentity: buildNetworkIdentity:
10-23 09:10:35.005 12682 12682 D BluetoothAdapter: isEnabled
10-23 09:10:35.005  1091 15642 I NetworkIdentity: networkId = KabelBox-6C6C
10-23 09:10:35.006  1091 15642 D ConnectivityService: getActiveNetworkInfo networkInfo = [type: WIFI[], state: CONNECTED/CONNECTED, reason: (unspecified), extra: "KabelBox-6C6C", failover: false, available: true, roaming: false, metered: false]
10-23 09:10:35.006 12682  6705 D SQLiteDatabase: beginTransaction()
10-23 09:10:35.007 12682 12682 D BluetoothAdapter: isEnabled
10-23 09:10:35.007  1091  2288 D DisplayPowerController: requestPowerState: policy=OFF, useProximitySensor=false, screenBrightness=102, screenAutoBrightnessAdjustment=0.0, brightnessSetByUser=true, useAutoBrightness=false, blockScreenOn=false, lowPowerMode=false, boostScreenBrightness=false, dozeScreenBrightness=-1, dozeScreenState=UNKNOWN, useTwilight=false,autoModeScreenBrightness=255,autoModeManualOp=false, waitForNegativeProximity=false, changed=false
10-23 09:10:35.007  1091  2288 D PowerManagerNotifier: onWakeLockAcquired: flags=1, tag="bugle_datamodel_executor_wakelock", packageName=com.google.android.apps.messaging, ownerUid=10054, ownerPid=4829, workSource=null
10-23 09:10:35.007  1091  2288 D AppOps  : startOperation: allowing code 40 uid 10054 package com.google.android.apps.messaging
10-23 09:10:35.009 12682 12682 D BluetoothAdapter: isEnabled
10-23 09:10:35.009  4829  4829 V ActivityThread: SVC-Creating service CreateServiceData{token=android.os.BinderProxy@52bb5e3 className=com.google.android.apps.messaging.shared.datamodel.action.execution.ActionExecutorImpl$EmptyService packageName=com.google.android.apps.messaging intent=null}
10-23 09:10:35.010 12682 12682 I BeaconBle: 'L' hardware scan: 2 filters, scanMode=2, reportdelay=0, callback type=1, #clients=1, workSource=WorkSource{}
10-23 09:10:35.010  4829  4829 D ActivityThread: SVC-Calling onStartCommand: com.google.android.apps.messaging.shared.datamodel.action.execution.ActionExecutorImpl$EmptyService@599cbe0, flags=0, startId=1
10-23 09:10:35.010  4829  4829 D BugleDataModel: ActionExecutor Empty Service started
10-23 09:10:35.012  1091  1102 D DisplayPowerController: requestPowerState: policy=OFF, useProximitySensor=false, screenBrightness=102, screenAutoBrightnessAdjustment=0.0, brightnessSetByUser=true, useAutoBrightness=false, blockScreenOn=false, lowPowerMode=false, boostScreenBrightness=false, dozeScreenBrightness=-1, dozeScreenState=UNKNOWN, useTwilight=false,autoModeScreenBrightness=255,autoModeManualOp=false, waitForNegativeProximity=false, changed=false
10-23 09:10:35.013 12682 12682 D BluetoothAdapter: getLeState() returning 15
10-23 09:10:35.013 12682 12682 I BeaconBle: Starting scan on OS scanner. BT state: 15
10-23 09:10:35.013 12682 12682 D BluetoothLeScanner: startScan
10-23 09:10:35.013  1091  1102 D PowerManagerNotifier: onWakeLockAcquired: flags=1, tag="bugle_safe_async_task_wakelock", packageName=com.google.android.apps.messaging, ownerUid=10054, ownerPid=4829, workSource=null
10-23 09:10:35.013  1091  1102 D AppOps  : startOperation: allowing code 40 uid 10054 package com.google.android.apps.messaging
10-23 09:10:35.014 12682 12682 D BluetoothAdapter: getLeState() returning 15
10-23 09:10:35.014 12682 12682 D BluetoothAdapter: STATE_BLE_ON
10-23 09:10:35.015 12682 12682 D BluetoothAdapter: getLeState() returning 15
10-23 09:10:35.016 12682  6705 D SQLiteDatabase: endTransaction()
10-23 09:10:35.017 12682  6705 D SQLiteDatabase: beginTransaction()
10-23 09:10:35.017  1091  1645 D PowerManagerNotifier: onWakeLockReleased: flags=1, tag="bugle_safe_async_task_wakelock", packageName=com.google.android.apps.messaging, ownerUid=10054, ownerPid=4829, workSource=null
10-23 09:10:35.017 12682 12682 D BluetoothAdapter: getLeState() returning 15
10-23 09:10:35.017  1091  1645 D DisplayPowerController: requestPowerState: policy=OFF, useProximitySensor=false, screenBrightness=102, screenAutoBrightnessAdjustment=0.0, brightnessSetByUser=true, useAutoBrightness=false, blockScreenOn=false, lowPowerMode=false, boostScreenBrightness=false, dozeScreenBrightness=-1, dozeScreenState=UNKNOWN, useTwilight=false,autoModeScreenBrightness=255,autoModeManualOp=false, waitForNegativeProximity=false, changed=false
10-23 09:10:35.021 13198 14331 D BtGatt.GattService: registerClient() - UUID=5f225751-c3c0-4ae5-bbfc-210b1571c237
10-23 09:10:35.021 12682  6705 D SQLiteDatabase: endTransaction()
10-23 09:10:35.022 13198 13221 D BtGatt.GattService: onClientRegistered() - UUID=5f225751-c3c0-4ae5-bbfc-210b1571c237, clientIf=4
10-23 09:10:35.023 12682 26611 D BluetoothLeScanner: onClientRegistered() - status=0 clientIf=4
10-23 09:10:35.023 12682 26611 D BluetoothLeScanner: mClientIf=0
10-23 09:10:35.023  4829  4868 I Bugle   : CountryCodeDetector: updateMainDeviceCountry from default subscription network country. detected country: de
10-23 09:10:35.025 13198 13210 D BluetoothAdapter: Consider internal state as OFF
10-23 09:10:35.025 13198 13210 D BluetoothAdapter: 159185521: getState(). Returning 10
10-23 09:10:35.026  1091  1091 D PowerManagerNotifier: onWakeLockReleased: flags=1, tag="*job*/com.google.android.apps.messaging/.shared.datamodel.action.execution.ActionJobService", packageName=android, ownerUid=1000, ownerPid=1091, workSource=WorkSource{10054}
10-23 09:10:35.026  1091  1091 D DisplayPowerController: requestPowerState: policy=OFF, useProximitySensor=false, screenBrightness=102, screenAutoBrightnessAdjustment=0.0, brightnessSetByUser=true, useAutoBrightness=false, blockScreenOn=false, lowPowerMode=false, boostScreenBrightness=false, dozeScreenBrightness=-1, dozeScreenState=UNKNOWN, useTwilight=false,autoModeScreenBrightness=255,autoModeManualOp=false, waitForNegativeProximity=false, changed=false
10-23 09:10:35.028  1091 12635 D PowerManagerNotifier: onWakeLockReleased: flags=1, tag="bugle_datamodel_executor_wakelock", packageName=com.google.android.apps.messaging, ownerUid=10054, ownerPid=4829, workSource=null
10-23 09:10:35.028 13198 13210 D BtGatt.GattService: start scan with filters
10-23 09:10:35.028  1091 12635 D DisplayPowerController: requestPowerState: policy=OFF, useProximitySensor=false, screenBrightness=102, screenAutoBrightnessAdjustment=0.0, brightnessSetByUser=true, useAutoBrightness=false, blockScreenOn=false, lowPowerMode=false, boostScreenBrightness=false, dozeScreenBrightness=-1, dozeScreenState=UNKNOWN, useTwilight=false,autoModeScreenBrightness=255,autoModeManualOp=false, waitForNegativeProximity=false, changed=false
10-23 09:10:35.028 13198 13210 D BtGatt.GattService: filter List = [BluetoothLeScanFilter [mDeviceName=null, mDeviceAddress=null, mUuid=0000feaa-0000-1000-8000-00805f9b34fb, mUuidMask=null, mServiceDataUuid=null, mServiceData=null, mServiceDataMask=null, mManufacturerId=-1, mManufacturerData=null, mManufacturerDataMask=null], BluetoothLeScanFilter [mDeviceName=null, mDeviceAddress=null, mUuid=null, mUuidMask=null, mServiceDataUuid=null, mServiceData=null, mServiceDataMask=null, mManufacturerId=76, mManufacturerData=[2, 21], mManufacturerDataMask=[-1, -1]]]
10-23 09:10:35.028  1091  1091 V AlarmManager: APP set with listener(*job.delay*) : type=2 triggerAtTime=1955389395 win=-1 tElapsed=1955389395 maxElapsed=1955756658 interval=0 flags=0x0
10-23 09:10:35.029 30388 30399 I wind/AppLockService: pid4829procState10
10-23 09:10:35.030  1091  1091 D AlarmManager: remove(operation) changed bounds; rebatching operation = null
10-23 09:10:35.030  4829  4829 V ActivityThread: SVC-Destroying service com.google.android.apps.messaging.shared.datamodel.action.execution.ActionJobService@c872b55
10-23 09:10:35.030  1091  1801 W PackageManager: checkUidPermission(): android.permission.PEERS_MAC_ADDRESS of 10012 is denied.
10-23 09:10:35.032 12682 12682 I BluetoothLeScanner: startRegisteration: mLeScanClients={com.google.android.gms.beacon.scan.impl.LBluetoothLeScannerCompat$3@5f17603=android.bluetooth.le.BluetoothLeScanner$BleScanCallbackWrapper@9a4fda9}
10-23 09:10:35.032 13198 13228 D BtGatt.ScanManager: handling starting scan
10-23 09:10:35.033 13198 13228 D BluetoothAdapter: getLeState() returning 15
10-23 09:10:35.033  1091  1091 V AlarmManager: APP set with listener(*job.deadline*) : type=2 triggerAtTime=1958649295 win=-1 tElapsed=1958649295 maxElapsed=1961461480 interval=0 flags=0x0
10-23 09:10:35.033 13198 13228 D BluetoothAdapter: getLeState() returning 15
10-23 09:10:35.034 12682 12682 D ActivityThread: SVC-Calling onStartCommand: com.google.android.gms.chimera.PersistentDirectBootAwareApiService@9d1246b, flags=0, startId=51974
10-23 09:10:35.034 12682 12682 V ActivityThread: SVC-Creating service CreateServiceData{token=android.os.BinderProxy@e789c5c className=com.google.android.gms.lockbox.service.LockboxBrokerService packageName=com.google.android.gms intent=null}
10-23 09:10:35.034  1091  1091 D AlarmManager: remove(operation) changed bounds; rebatching operation = null
10-23 09:10:35.036 13198 13228 D BluetoothAdapter: getLeState() returning 15
10-23 09:10:35.038 13198 13228 D BluetoothAdapter: getLeState() returning 15
10-23 09:10:35.039  4829  4829 V ActivityThread: SVC-Destroying service com.google.android.apps.messaging.shared.datamodel.action.execution.ActionExecutorImpl$EmptyService@599cbe0
10-23 09:10:35.039  4829  4829 D BugleDataModel: ActionExecutor Empty Service destroyed
10-23 09:10:35.040 12682 12682 D ActivityThread: SVC-Calling onStartCommand: com.google.android.gms.chimera.PersistentDirectBootAwareApiService@9d1246b, flags=0, startId=51975
10-23 09:10:35.040 13198 13228 D BluetoothAdapter: getLeState() returning 15
10-23 09:10:35.041 13198 13228 D BluetoothAdapter: getLeState() returning 15
10-23 09:10:35.042 30388 30401 I wind/AppLockService: pid4829procState16
10-23 09:10:35.042 30388 30401 I wind/AppLockService: pid1343procState10
10-23 09:10:35.043 30388 30401 I wind/AppLockService: pid4952procState10
10-23 09:10:35.044 13198 13228 I BtGatt.ScanManager: configureScanFilters: client=com.android.bluetooth.gatt.ScanClient@23
10-23 09:10:35.044 13198 13228 I BtGatt.ScanManager: getDeliveryMode:  DELIVERY_MODE_IMMEDIATE
10-23 09:10:35.044 13198 13228 I BtGatt.ScanManager: gattClientScanFilterEnableNative(com.android.bluetooth.gatt.ScanClient@23,true);
10-23 09:10:35.048 12682  6695 D SQLiteDatabase: beginTransaction()
10-23 09:10:35.053 12682  6695 D SQLiteDatabase: endTransaction()
10-23 09:10:35.056 12682 12682 D ActivityThread: SVC-Calling onStartCommand: com.google.android.gms.chimera.PersistentApiService@c306022, flags=0, startId=9324
10-23 09:10:35.057 13198 13221 D BtGatt.GattService: onScanFilterEnableDisabled() - clientIf=4, status=0, action=1
10-23 09:10:35.058 13198 13221 D BtGatt.ScanManager: callback done for clientIf - 4 status - 0
10-23 09:10:35.058 13198 13228 I BtGatt.ScanManager: configureScanFilters: !shouldUseAllPassFilter
10-23 09:10:35.058 13198 13228 D BtGatt.ScanManager: addFilterToController: 2, filterIndex39
10-23 09:10:35.061 13198 13221 D BtGatt.GattService: onScanFilterConfig() - clientIf=4, action = 0 status = 0, filterType=2, availableSpace=39
10-23 09:10:35.061 13198 13221 D BtGatt.ScanManager: callback done for clientIf - 4 status - 0
10-23 09:10:35.061 13198 13228 I BtGatt.ScanManager: getDeliveryMode:  DELIVERY_MODE_IMMEDIATE
10-23 09:10:35.062 13198 13228 D BtGatt.ScanManager: configureFilterParamter 500 10000 1 0
10-23 09:10:35.062 13198 13228 I BtGatt.ScanManager: configureFilterParamter: deliveryMode=0 ,rssiThreshold=-128
10-23 09:10:35.062 13198 13228 I BtGatt.ScanManager: gattClientScanFilterParamAddNative
10-23 09:10:35.063  1091  4313 D DisplayPowerController: requestPowerState: policy=OFF, useProximitySensor=false, screenBrightness=102, screenAutoBrightnessAdjustment=0.0, brightnessSetByUser=true, useAutoBrightness=false, blockScreenOn=false, lowPowerMode=false, boostScreenBrightness=false, dozeScreenBrightness=-1, dozeScreenState=UNKNOWN, useTwilight=false,autoModeScreenBrightness=255,autoModeManualOp=false, waitForNegativeProximity=false, changed=false
10-23 09:10:35.063  1091  4313 D PowerManagerNotifier: onWakeLockAcquired: flags=1, tag="CMWakeLock", packageName=com.google.android.gms, ownerUid=10012, ownerPid=12682, workSource=WorkSource{10012 com.google.android.gms}
10-23 09:10:35.065 13198 13221 D BtGatt.GattService: onScanFilterParamsConfigured() - clientIf=4, status=0, action=0, availableSpace=39
10-23 09:10:35.065 13198 13221 D BtGatt.ScanManager: callback done for clientIf - 4 status - 0
10-23 09:10:35.066 13198 13228 I BtGatt.ScanManager: configureScanFilters: filterIndex=39
10-23 09:10:35.066 13198 13228 D BtGatt.ScanManager: addFilterToController: 5, filterIndex3
10-23 09:10:35.068  1091  1102 D PowerManagerNotifier: onWakeLockReleased: flags=1, tag="CMWakeLock", packageName=com.google.android.gms, ownerUid=10012, ownerPid=12682, workSource=WorkSource{10012 com.google.android.gms}
10-23 09:10:35.068  1091  1102 D DisplayPowerController: requestPowerState: policy=OFF, useProximitySensor=false, screenBrightness=102, screenAutoBrightnessAdjustment=0.0, brightnessSetByUser=true, useAutoBrightness=false, blockScreenOn=false, lowPowerMode=false, boostScreenBrightness=false, dozeScreenBrightness=-1, dozeScreenState=UNKNOWN, useTwilight=false,autoModeScreenBrightness=255,autoModeManualOp=false, waitForNegativeProximity=false, changed=false
10-23 09:10:35.070 13198 13221 D BtGatt.GattService: onScanFilterConfig() - clientIf=4, action = 0 status = 0, filterType=5, availableSpace=39
10-23 09:10:35.070 13198 13221 D BtGatt.ScanManager: callback done for clientIf - 4 status - 0
10-23 09:10:35.070 13198 13228 I BtGatt.ScanManager: getDeliveryMode:  DELIVERY_MODE_IMMEDIATE
10-23 09:10:35.070 13198 13228 D BtGatt.ScanManager: configureFilterParamter 500 10000 1 0
10-23 09:10:35.070 13198 13228 I BtGatt.ScanManager: configureFilterParamter: deliveryMode=0 ,rssiThreshold=-128
10-23 09:10:35.070 13198 13228 I BtGatt.ScanManager: gattClientScanFilterParamAddNative
10-23 09:10:35.071  1091  4315 D ConnectivityService: allowed status for uid 10012 when rule is 1 (ALLOW_METERED): true
10-23 09:10:35.071  1091  4315 I NetworkIdentity: buildNetworkIdentity:
10-23 09:10:35.071  1091  1645 V AlarmManager: APP set(PendingIntent{1cc73ca: PendingIntentRecord{5df6daf com.google.android.gms broadcastIntent}}) : type=3 triggerAtTime=1954959752 win=-1 tElapsed=1954959752 maxElapsed=1955004751 interval=0 flags=0x0
10-23 09:10:35.071  1091  4315 I NetworkIdentity: networkId = KabelBox-6C6C
10-23 09:10:35.071  1091  4315 D ConnectivityService: getActiveNetworkInfo networkInfo = [type: WIFI[], state: CONNECTED/CONNECTED, reason: (unspecified), extra: "KabelBox-6C6C", failover: false, available: true, roaming: false, metered: false]
10-23 09:10:35.073 12682  6695 D SQLiteDatabase: beginTransaction()
10-23 09:10:35.074 13198 13221 D BtGatt.GattService: onScanFilterParamsConfigured() - clientIf=4, status=0, action=0, availableSpace=38
10-23 09:10:35.074 13198 13221 D BtGatt.ScanManager: callback done for clientIf - 4 status - 0
10-23 09:10:35.075 13198 13228 I BtGatt.ScanManager: configureScanFilters: filterIndex=3
10-23 09:10:35.075 13198 13228 I BtGatt.ScanManager: gattClientScanNative(true);
10-23 09:10:35.075 13198 13228 D BtGatt.ScanManager: configureRegularScanParams() - queue=1
10-23 09:10:35.075 13198 13228 D BtGatt.ScanManager: configureRegularScanParams() - ScanSetting Scan mode=2 mLastConfiguredScanSetting=-2147483648
10-23 09:10:35.075 13198 13228 I BtGatt.ScanManager: gattClientScanNative(false);
10-23 09:10:35.075 13198 13228 D BtGatt.ScanManager: configureRegularScanParams - scanInterval = 8000configureRegularScanParams - scanWindow = 8000
10-23 09:10:35.075 13198 13228 I BtGatt.ScanManager: gattClientScanNative(true);
10-23 09:10:35.077 13198 13221 D BtGatt.GattService: onScanParamSetupCompleted : 0
10-23 09:10:35.080 12682 12682 V ActivityThread: SVC-Destroying service com.google.android.gms.lockbox.LockboxService@53f8fe8
10-23 09:10:35.081 12682  6695 D SQLiteDatabase: endTransaction()
10-23 09:10:35.089 13198 13229 W bt_hci  : filter_incoming_event command complete event with no matching command (opcode: 0x200c).
10-23 09:10:35.089 12682 12682 D ActivityThread: SVC-Calling onStartCommand: com.google.android.gms.chimera.PersistentDirectBootAwareApiService@9d1246b, flags=0, startId=51976
10-23 09:10:35.092 12682  6695 D SQLiteDatabase: beginTransaction()
10-23 09:10:35.095 12682  6695 D SQLiteDatabase: endTransaction()
10-23 09:10:35.098 12682  6695 D SQLiteDatabase: beginTransaction()
10-23 09:10:35.101 12682  6695 D SQLiteDatabase: endTransaction()
10-23 09:10:35.104 12682  6695 D SQLiteDatabase: beginTransaction()
10-23 09:10:35.107 12682  6695 D SQLiteDatabase: endTransaction()
10-23 09:10:35.110 12682  6695 D SQLiteDatabase: beginTransaction()
10-23 09:10:35.113 12682  6695 D SQLiteDatabase: endTransaction()
10-23 09:10:35.116 12682  6695 D SQLiteDatabase: beginTransaction()
10-23 09:10:35.119 12682  6695 D SQLiteDatabase: endTransaction()
10-23 09:10:35.215  1950  1987 E GED     : Failed to execute ioctl 3222824709, BridgeID(5), err(-1)
10-23 09:10:35.215  1950  1987 E GasService: Error on query GED info, err=1
10-23 09:10:35.396  6229  6261 I Finsky  : [3158] com.google.android.finsky.bo.ad.run(6): Stats for Executor: BlockingExecutor com.google.android.finsky.bo.ae@c20a30a[Running, pool size = 0, active threads = 0, queued tasks = 0, completed tasks = 6]
10-23 09:10:35.398  6229  6261 I Finsky  : [3158] com.google.android.finsky.bo.ad.run(6): Stats for Executor: LightweightExecutor com.google.android.finsky.bo.ae@f4ea77b[Running, pool size = 4, active threads = 0, queued tasks = 0, completed tasks = 44]
10-23 09:10:35.510   304   304 I wmt_launcher: fw log ctrl flag has been set
10-23 09:10:35.510   304   304 I wmt_launcher: fw dynamic ctrl flag has been set
10-23 09:10:35.601  1091 15642 W PackageManager: checkUidPermission(): android.permission.ACCESS_COARSE_LOCATION of 10097 is denied.
10-23 09:10:35.603  1091 15643 W PackageManager: checkUidPermission(): android.permission.ACCESS_COARSE_LOCATION of 10097 is denied.
10-23 09:10:35.782  6229  6261 I Finsky  : [3158] com.google.android.finsky.bo.ad.run(6): Stats for Executor: bgExecutor com.google.android.finsky.bo.ae@fa6f998[Running, pool size = 4, active threads = 0, queued tasks = 0, completed tasks = 9]
10-23 09:10:36.216  1950  1987 E GED     : Failed to execute ioctl 3222824709, BridgeID(5), err(-1)
10-23 09:10:36.216  1950  1987 E GasService: Error on query GED info, err=1
10-23 09:10:36.906   316 18389 I MAL-RDS :  (rum_ws_listener_timeout_,  426) [RDS-I][RDS][RUM][rum_ws_listener_timeout_hndler] rum_check_ctx_ptr<0xf1497018, 0xf1497018>, Send Event: 9909
10-23 09:10:36.906   316 18389 I MAL-RDS :  (   rum_send_event_entity,   81) [RDS-I][RDS][RUM][rum_send_event_entity] send event 9909 to 914
10-23 09:10:36.906   316   735 I MAL-RDS :  (rds_rum_rum_wsl_timer_ti, 1072) [RDS-I][RUM][rds_rum_rum_wsl_timer_timeout_req][RDS] rds_rum_rum_wsl_timer_timeout_req: prcontext->i4wifi_rssi = -66, prcontext->i4wifi_snr = 9999
10-23 09:10:36.911   316   735 I MAL-RDS :  (  rum_update_wifi_status, 1055) [RDS-I][RUM][rum_update_wifi_status][RDS] get rssi<-66> snr<9999> plr<0>
10-23 09:10:36.912   316   735 I MAL-RDS :  (   rum_send_event_entity,   81) [RDS-I][RDS][RUM][rum_send_event_entity] send event 9005 to 906
10-23 09:10:36.912   316   735 I MAL-RDS :  (   rum_send_event_entity,   81) [RDS-I][RDS][RUM][rum_send_event_entity] send event 9005 to 907
10-23 09:10:36.913   316   735 I MAL-RDS :  (         rum_get_netstat,  975) [RDS-I][RUM][rum_get_netstat] netstat <thrghpt, pkterrt>, wifi <1248, 0%>, mobile <14604, 0%>
10-23 09:10:36.913   316   735 I MAL-RDS :  (   rum_send_event_entity,   81) [RDS-I][RDS][RUM][rum_send_event_entity] send event 9706 to 906
10-23 09:10:36.913   316   735 I MAL-RDS :  (   rum_send_event_entity,   81) [RDS-I][RDS][RUM][rum_send_event_entity] send event 9706 to 907
10-23 09:10:36.914   316   743 I MAL-RDS :  (  rds_ru_wifi_status_ind, 1864) [RDS-I][RU][EVENT_RUM_RU_WIFI_STATUS_REQ] fgwifi_en:1(no use) i4wifirssi:0xffffffbe i4wifisnr:0x270f sim_id:0
10-23 09:10:36.914   316   743 I MAL-RDS :  (          rds_ru_rpl_gen, 7710) [RDS-I][RU][rds_ru_rpl_gen][RDS][OP6] TYPE : <0>, UI Policy : <3>, RDS Policy : <3>
10-23 09:10:36.914   316   743 I MAL-RDS :  (       rds_cell_only_vdf, 6095) [RDS-I][RU][rds_cell_only_vdf] RPL Type 0, Ori:(254,254) New:(254,254) sim(0)
10-23 09:10:36.914   316   743 I MAL-RDS :  (          rds_ru_rpl_gen, 7710) [RDS-I][RU][rds_ru_rpl_gen][RDS][OP6] TYPE : <1>, UI Policy : <3>, RDS Policy : <3>
10-23 09:10:36.914   316   743 I MAL-RDS :  (       rds_cell_only_vdf, 6095) [RDS-I][RU][rds_cell_only_vdf] RPL Type 1, Ori:(254,254) New:(254,254) sim(0)
10-23 09:10:36.914   316   743 I MAL-RDS :  (          rds_ru_rpl_gen, 7710) [RDS-I][RU][rds_ru_rpl_gen][RDS][OP6] TYPE : <2>, UI Policy : <3>, RDS Policy : <3>
10-23 09:10:36.914   316   743 I MAL-RDS :  (       rds_cell_only_vdf, 6095) [RDS-I][RU][rds_cell_only_vdf] RPL Type 2, Ori:(254,254) New:(254,254) sim(0)
10-23 09:10:36.915   316   743 I MAL-RDS :  (          rds_ru_rpl_gen, 7710) [RDS-I][RU][rds_ru_rpl_gen][RDS][OP6] TYPE : <3>, UI Policy : <3>, RDS Policy : <3>
10-23 09:10:36.915   316   743 I MAL-RDS :  (          rds_ru_rpl_gen, 7710) [RDS-I][RU][rds_ru_rpl_gen][RDS][OP6] TYPE : <4>, UI Policy : <3>, RDS Policy : <3>
10-23 09:10:36.915   316   743 I MAL-RDS :  (          rds_ru_rpl_gen, 7710) [RDS-I][RU][rds_ru_rpl_gen][RDS][OP6] TYPE : <5>, UI Policy : <3>, RDS Policy : <3>
10-23 09:10:36.915   316   743 I MAL-RDS :  (       rds_emergency_vdf, 6379) [RDS-I][RU][rds_emergency_vdf] EMG RPL Ori:(2,254) New:(2,254) sim(0)
10-23 09:10:36.915   316   743 I MAL-RDS :  (          rds_ru_rpl_gen, 7763) [RDS-I][RU][rds_ru_rpl_gen][RDS] Current policy: fgimsolte_en<1>, fgwfc_en<0>, erdspolicy<3>,||Threshold i4wifirssih<-75>, i4wifirssil<-85>, i4wifirssih_ho<-78>, i4wifirssil_ho<-88>, i4wifisnrh<10>, i4wifisnrl<6>||Threshold i4ltersrph<-106>, i4ltersrpm<-111>, i4ltersrpl<-116>, i4ltersrqh<5>, i4ltersrqm<3>, i4ltersrql<1>||Threshold i43grscph<-104>, i43grscpl<-110>, i42grssih<-94>, i42grssil<-102>, i4lterssnrl<-3>, i43gecnol<-15>||current rds ru status: i4wifirssi<-66>, i4wifisnr<9999>, i4ltersrp<-86>, i4ltersrq<9>, u4active_ran<1>, i4lterssnr<-14>, i43grscp<-86>, i43gecno<-5>, i42grssi<-141>, u4sig_reg_status<6>||current wifi backhaul : rtp_plr<0>, rtp_jitter<0>, ping_ind<0>, ltecsr_ind<0>, ||pcscf acc stat : volte<1>, wfc<1> || wifi acc_ctrl:<0>, || current MD stat : MD1 roam <0>, ||Call stat : IR92<0>, IR94<0>, SMS over IP<0>, IPME<0>, sim<0>
10-23 09:10:36.915   316   743 I MAL-RDS :  (          rds_ru_rpl_gen, 7780) [RDS-I][RU][RDS IMS/MMS][rds_ru_rpl_gen][OP-6] Ori:(254,254)/(255,255) New:(254,254)/(255,255)||[RU][RDS IMS/MMS WIFI]Ori:(254,254)/(255,255) New:(254,254)/(255,255)||[RU][RDS IMS/MMS CELL]Ori:(254,254)/(255,255) New:(254,254)/(255,255) , sim<0>
10-23 09:10:36.915   316   750 I MAL-RDS :  (  rds_ru_wifi_status_ind, 1864) [RDS-I][RU][EVENT_RUM_RU_WIFI_STATUS_REQ] fgwifi_en:1(no use) i4wifirssi:0xffffffbe i4wifisnr:0x270f sim_id:1
10-23 09:10:36.916   316   750 I MAL-RDS :  (          rds_ru_rpl_gen, 7710) [RDS-I][RU][rds_ru_rpl_gen][RDS][OP6] TYPE : <0>, UI Policy : <3>, RDS Policy : <3>
10-23 09:10:36.916   316   750 I MAL-RDS :  (       rds_cell_only_vdf, 6095) [RDS-I][RU][rds_cell_only_vdf] RPL Type 0, Ori:(254,254) New:(254,254) sim(1)
10-23 09:10:36.916   316   750 I MAL-RDS :  (          rds_ru_rpl_gen, 7710) [RDS-I][RU][rds_ru_rpl_gen][RDS][OP6] TYPE : <1>, UI Policy : <3>, RDS Policy : <3>
10-23 09:10:36.916   316   750 I MAL-RDS :  (       rds_cell_only_vdf, 6095) [RDS-I][RU][rds_cell_only_vdf] RPL Type 1, Ori:(254,254) New:(254,254) sim(1)
10-23 09:10:36.916   316   750 I MAL-RDS :  (          rds_ru_rpl_gen, 7710) [RDS-I][RU][rds_ru_rpl_gen][RDS][OP6] TYPE : <2>, UI Policy : <3>, RDS Policy : <3>
10-23 09:10:36.916   316   750 I MAL-RDS :  (       rds_cell_only_vdf, 6095) [RDS-I][RU][rds_cell_only_vdf] RPL Type 2, Ori:(254,254) New:(254,254) sim(1)
10-23 09:10:36.916   316   750 I MAL-RDS :  (          rds_ru_rpl_gen, 7710) [RDS-I][RU][rds_ru_rpl_gen][RDS][OP6] TYPE : <3>, UI Policy : <3>, RDS Policy : <3>
10-23 09:10:36.916   316   750 I MAL-RDS :  (          rds_ru_rpl_gen, 7710) [RDS-I][RU][rds_ru_rpl_gen][RDS][OP6] TYPE : <4>, UI Policy : <3>, RDS Policy : <3>
10-23 09:10:36.916   316   750 I MAL-RDS :  (          rds_ru_rpl_gen, 7710) [RDS-I][RU][rds_ru_rpl_gen][RDS][OP6] TYPE : <5>, UI Policy : <3>, RDS Policy : <3>
10-23 09:10:36.916   316   750 I MAL-RDS :  (       rds_emergency_vdf, 6379) [RDS-I][RU][rds_emergency_vdf] EMG RPL Ori:(2,254) New:(2,254) sim(1)
10-23 09:10:36.917   316   750 I MAL-RDS :  (          rds_ru_rpl_gen, 7763) [RDS-I][RU][rds_ru_rpl_gen][RDS] Current policy: fgimsolte_en<1>, fgwfc_en<0>, erdspolicy<3>,||Threshold i4wifirssih<-75>, i4wifirssil<-85>, i4wifirssih_ho<-78>, i4wifirssil_ho<-88>, i4wifisnrh<10>, i4wifisnrl<6>||Threshold i4ltersrph<-106>, i4ltersrpm<-111>, i4ltersrpl<-116>, i4ltersrqh<5>, i4ltersrqm<3>, i4ltersrql<1>||Threshold i43grscph<-104>, i43grscpl<-110>, i42grssih<-94>, i42grssil<-102>, i4lterssnrl<-3>, i43gecnol<-15>||current rds ru status: i4wifirssi<-66>, i4wifisnr<9999>, i4ltersrp<-141>, i4ltersrq<0>, u4active_ran<1>, i4lterssnr<-50>, i43grscp<-141>, i43gecno<-24>, i42grssi<-141>, u4sig_reg_status<0>||current wifi backhaul : rtp_plr<0>, rtp_jitter<0>, ping_ind<0>, ltecsr_ind<0>, ||pcscf acc stat : volte<1>, wfc<1> || wifi acc_ctrl:<0>, || current MD stat : MD1 roam <0>, ||Call stat : IR92<0>, IR94<0>, SMS over IP<0>, IPME<0>, sim<1>
10-23 09:10:36.917   316   750 I MAL-RDS :  (          rds_ru_rpl_gen, 7780) [RDS-I][RU][RDS IMS/MMS][rds_ru_rpl_gen][OP-6] Ori:(254,254)/(255,255) New:(254,254)/(255,255)||[RU][RDS IMS/MMS WIFI]Ori:(254,254)/(255,255) New:(254,254)/(255,255)||[RU][RDS IMS/MMS CELL]Ori:(254,254)/(255,255) New:(254,254)/(255,255) , sim<1>
10-23 09:10:36.986 12682  6673 I GCoreUlr: Starting BLE scan: mode: 3
10-23 09:10:36.988 12682 12682 I BeaconBle: Client requested scan, settings=BleSettings [scanMode=ZERO_POWER, callbackType=ALL_MATCHES, reportDelayMillis=0, 2 filters, 0 clients, callingClientName=ULR]
10-23 09:10:36.988 12682 12682 D BluetoothAdapter: isEnabled
10-23 09:10:36.992 12682 12682 D BluetoothAdapter: isEnabled
10-23 09:10:36.994 12682 12682 D BluetoothAdapter: isEnabled
10-23 09:10:36.997 12682 12682 D BluetoothAdapter: isEnabled
10-23 09:10:37.003 12682 12682 D BluetoothAdapter: getLeState() returning 15
10-23 09:10:37.004 12682 12682 D BluetoothAdapter: isEnabled
10-23 09:10:37.006 12682 12682 D BluetoothAdapter: isEnabled
10-23 09:10:37.011 12682 12682 D BluetoothAdapter: getLeState() returning 15
10-23 09:10:37.012 12682 12682 I BeaconBle: Stopping scan on delegate scanner. BT state: 15
10-23 09:10:37.012 12682 12682 D BluetoothLeScanner: stopScan
10-23 09:10:37.014 12682 12682 D BluetoothAdapter: getLeState() returning 15
10-23 09:10:37.014 12682 12682 D BluetoothAdapter: STATE_BLE_ON
10-23 09:10:37.014 12682 12682 I BluetoothLeScanner: startRegisteration: mLeScanClients={com.google.android.gms.beacon.scan.impl.LBluetoothLeScannerCompat$3@5f17603=android.bluetooth.le.BluetoothLeScanner$BleScanCallbackWrapper@9a4fda9} ,callback=com.google.android.gms.beacon.scan.impl.LBluetoothLeScannerCompat$3@5f17603
10-23 09:10:37.016 13198 14331 D BtGatt.GattService: stopScan() - queue size =1
10-23 09:10:37.018 13198 13228 I BtGatt.ScanManager: getDeliveryMode:  DELIVERY_MODE_IMMEDIATE
10-23 09:10:37.018 13198 13228 D BtGatt.ScanManager: stop scan
10-23 09:10:37.018 13198 13228 D BtGatt.ScanManager: gattClientScanNative(false);
10-23 09:10:37.018 13198 13228 I BtGatt.ScanManager: gattClientScanFilterParamDeleteNative(4,39);
10-23 09:10:37.042 12682  6673 I GCoreUlr: BLE: collected 0 results
10-23 09:10:37.043 13198 13209 D BtGatt.GattService: unregisterClient() - clientIf=4
10-23 09:10:37.045 13198 13229 W bt_hci  : filter_incoming_event command complete event with no matching command (opcode: 0x200c).
10-23 09:10:37.045  1091  1642 D PowerManagerNotifier: onWakeLockReleased: flags=1, tag="BleScanner_WakeLock", packageName=com.google.android.gms, ownerUid=10012, ownerPid=12682, workSource=WorkSource{10012 com.google.android.gms}
10-23 09:10:37.045  1091  1642 D DisplayPowerController: requestPowerState: policy=OFF, useProximitySensor=false, screenBrightness=102, screenAutoBrightnessAdjustment=0.0, brightnessSetByUser=true, useAutoBrightness=false, blockScreenOn=false, lowPowerMode=false, boostScreenBrightness=false, dozeScreenBrightness=-1, dozeScreenState=UNKNOWN, useTwilight=false,autoModeScreenBrightness=255,autoModeManualOp=false, waitForNegativeProximity=false, changed=false
10-23 09:10:37.046 12682 12682 D BluetoothAdapter: getLeState() returning 15
10-23 09:10:37.047 12682 12682 D BluetoothAdapter: getLeState() returning 15
10-23 09:10:37.047 12682 12682 I BeaconBle: Resetting - new scanner available: true
10-23 09:10:37.047 12682 12682 I BeaconBle: ZERO_POWER is disabled.
10-23 09:10:37.047  1091  1101 D DisplayPowerController: requestPowerState: policy=OFF, useProximitySensor=false, screenBrightness=102, screenAutoBrightnessAdjustment=0.0, brightnessSetByUser=true, useAutoBrightness=false, blockScreenOn=false, lowPowerMode=false, boostScreenBrightness=false, dozeScreenBrightness=-1, dozeScreenState=UNKNOWN, useTwilight=false,autoModeScreenBrightness=255,autoModeManualOp=false, waitForNegativeProximity=false, changed=false
10-23 09:10:37.047 12682 12682 I BeaconBle: 'L' hardware scan: scan stopped, no powered clients
10-23 09:10:37.048  1091  1101 D PowerManagerNotifier: onWakeLockAcquired: flags=1, tag="UlrDispSvcFastWL", packageName=com.google.android.gms, ownerUid=10012, ownerPid=12682, workSource=null
10-23 09:10:37.048 12682 12682 D ActivityThread: SVC-Calling onStartCommand: com.google.android.gms.chimera.PersistentDirectBootAwareApiService@9d1246b, flags=0, startId=51977
10-23 09:10:37.048  1091  1101 D AppOps  : startOperation: allowing code 40 uid 10012 package com.google.android.gms
10-23 09:10:37.050 12682  6704 D SQLiteDatabase: beginTransaction()
10-23 09:10:37.051 13198 13221 D BtGatt.GattService: onScanFilterParamsConfigured() - clientIf=4, status=0, action=1, availableSpace=39
10-23 09:10:37.051 13198 13221 D BtGatt.ScanManager: callback done for clientIf - 4 status - 0
10-23 09:10:37.051 13198 13228 I BtGatt.ScanManager: gattClientScanFilterParamDeleteNative(4,3);
10-23 09:10:37.054 12682  6704 D SQLiteDatabase: endTransaction()
10-23 09:10:37.054  1091  2288 D PowerManagerNotifier: onWakeLockReleased: flags=1, tag="UlrDispSvcFastWL", packageName=com.google.android.gms, ownerUid=10012, ownerPid=12682, workSource=null
10-23 09:10:37.054 13198 13221 D BtGatt.GattService: onScanFilterParamsConfigured() - clientIf=4, status=0, action=1, availableSpace=40
10-23 09:10:37.054 13198 13221 D BtGatt.ScanManager: callback done for clientIf - 4 status - 0
10-23 09:10:37.054  1091  2288 D DisplayPowerController: requestPowerState: policy=OFF, useProximitySensor=false, screenBrightness=102, screenAutoBrightnessAdjustment=0.0, brightnessSetByUser=true, useAutoBrightness=false, blockScreenOn=false, lowPowerMode=false, boostScreenBrightness=false, dozeScreenBrightness=-1, dozeScreenState=UNKNOWN, useTwilight=false,autoModeScreenBrightness=255,autoModeManualOp=false, waitForNegativeProximity=false, changed=false
10-23 09:10:37.055 13198 13228 D BtGatt.ScanManager: configureRegularScanParams() - queue=0
10-23 09:10:37.055 13198 13228 D BtGatt.ScanManager: configureRegularScanParams() - ScanSetting Scan mode=-2147483648 mLastConfiguredScanSetting=2
10-23 09:10:37.055 13198 13228 D BtGatt.ScanManager: configureRegularScanParams() - queue emtpy, scan stopped
10-23 09:10:37.057 12682  6704 D SQLiteDatabase: beginTransaction()
10-23 09:10:37.060 12682  6704 D SQLiteDatabase: endTransaction()
10-23 09:10:37.217  1950  1987 E GED     : Failed to execute ioctl 3222824709, BridgeID(5), err(-1)
10-23 09:10:37.217  1950  1987 E GasService: Error on query GED info, err=1
10-23 09:10:37.512   304   304 I wmt_launcher: fw log ctrl flag has been set
10-23 09:10:37.512   304   304 I wmt_launcher: fw dynamic ctrl flag has been set
10-23 09:10:38.218  1950  1987 E GED     : Failed to execute ioctl 3222824709, BridgeID(5), err(-1)
10-23 09:10:38.218  1950  1987 E GasService: Error on query GED info, err=1
10-23 09:10:39.219  1950  1987 E GED     : Failed to execute ioctl 3222824709, BridgeID(5), err(-1)
10-23 09:10:39.219  1950  1987 E GasService: Error on query GED info, err=1
10-23 09:10:39.514   304   304 I wmt_launcher: fw log ctrl flag has been set
10-23 09:10:39.514   304   304 I wmt_launcher: fw dynamic ctrl flag has been set
10-23 09:10:39.761   430   430 I thermal_repeater: oh, queryMdThermalInfo (0)No such file or directory
10-23 09:10:39.770   430   430 I thermal_repeater: [recvMdThermalInfo] ret=28, strLen=127,  2, 32767, -127, 0, 32767, 1
10-23 09:10:39.906   316 18389 I MAL-RDS :  (rum_ws_listener_timeout_,  426) [RDS-I][RDS][RUM][rum_ws_listener_timeout_hndler] rum_check_ctx_ptr<0xf1497018, 0xf1497018>, Send Event: 9909
10-23 09:10:39.906   316 18389 I MAL-RDS :  (   rum_send_event_entity,   81) [RDS-I][RDS][RUM][rum_send_event_entity] send event 9909 to 914
10-23 09:10:39.906   316   735 I MAL-RDS :  (rds_rum_rum_wsl_timer_ti, 1072) [RDS-I][RUM][rds_rum_rum_wsl_timer_timeout_req][RDS] rds_rum_rum_wsl_timer_timeout_req: prcontext->i4wifi_rssi = -66, prcontext->i4wifi_snr = 9999
10-23 09:10:39.912   316   735 I MAL-RDS :  (  rum_update_wifi_status, 1055) [RDS-I][RUM][rum_update_wifi_status][RDS] get rssi<-66> snr<9999> plr<0>
10-23 09:10:39.912   316   735 I MAL-RDS :  (   rum_send_event_entity,   81) [RDS-I][RDS][RUM][rum_send_event_entity] send event 9005 to 906
10-23 09:10:39.912   316   735 I MAL-RDS :  (   rum_send_event_entity,   81) [RDS-I][RDS][RUM][rum_send_event_entity] send event 9005 to 907
10-23 09:10:39.913   316   735 I MAL-RDS :  (         rum_get_netstat,  975) [RDS-I][RUM][rum_get_netstat] netstat <thrghpt, pkterrt>, wifi <1248, 0%>, mobile <14604, 0%>
10-23 09:10:39.913   316   735 I MAL-RDS :  (   rum_send_event_entity,   81) [RDS-I][RDS][RUM][rum_send_event_entity] send event 9706 to 906
10-23 09:10:39.914   316   735 I MAL-RDS :  (   rum_send_event_entity,   81) [RDS-I][RDS][RUM][rum_send_event_entity] send event 9706 to 907
10-23 09:10:39.914   316   743 I MAL-RDS :  (  rds_ru_wifi_status_ind, 1864) [RDS-I][RU][EVENT_RUM_RU_WIFI_STATUS_REQ] fgwifi_en:1(no use) i4wifirssi:0xffffffbe i4wifisnr:0x270f sim_id:0
10-23 09:10:39.914   316   743 I MAL-RDS :  (          rds_ru_rpl_gen, 7710) [RDS-I][RU][rds_ru_rpl_gen][RDS][OP6] TYPE : <0>, UI Policy : <3>, RDS Policy : <3>
10-23 09:10:39.914   316   743 I MAL-RDS :  (       rds_cell_only_vdf, 6095) [RDS-I][RU][rds_cell_only_vdf] RPL Type 0, Ori:(254,254) New:(254,254) sim(0)
10-23 09:10:39.914   316   743 I MAL-RDS :  (          rds_ru_rpl_gen, 7710) [RDS-I][RU][rds_ru_rpl_gen][RDS][OP6] TYPE : <1>, UI Policy : <3>, RDS Policy : <3>
10-23 09:10:39.914   316   743 I MAL-RDS :  (       rds_cell_only_vdf, 6095) [RDS-I][RU][rds_cell_only_vdf] RPL Type 1, Ori:(254,254) New:(254,254) sim(0)
10-23 09:10:39.914   316   743 I MAL-RDS :  (          rds_ru_rpl_gen, 7710) [RDS-I][RU][rds_ru_rpl_gen][RDS][OP6] TYPE : <2>, UI Policy : <3>, RDS Policy : <3>
10-23 09:10:39.914   316   743 I MAL-RDS :  (       rds_cell_only_vdf, 6095) [RDS-I][RU][rds_cell_only_vdf] RPL Type 2, Ori:(254,254) New:(254,254) sim(0)
10-23 09:10:39.914   316   743 I MAL-RDS :  (          rds_ru_rpl_gen, 7710) [RDS-I][RU][rds_ru_rpl_gen][RDS][OP6] TYPE : <3>, UI Policy : <3>, RDS Policy : <3>
10-23 09:10:39.914   316   743 I MAL-RDS :  (          rds_ru_rpl_gen, 7710) [RDS-I][RU][rds_ru_rpl_gen][RDS][OP6] TYPE : <4>, UI Policy : <3>, RDS Policy : <3>
10-23 09:10:39.915   316   743 I MAL-RDS :  (          rds_ru_rpl_gen, 7710) [RDS-I][RU][rds_ru_rpl_gen][RDS][OP6] TYPE : <5>, UI Policy : <3>, RDS Policy : <3>
10-23 09:10:39.915   316   743 I MAL-RDS :  (       rds_emergency_vdf, 6379) [RDS-I][RU][rds_emergency_vdf] EMG RPL Ori:(2,254) New:(2,254) sim(0)
10-23 09:10:39.915   316   743 I MAL-RDS :  (          rds_ru_rpl_gen, 7763) [RDS-I][RU][rds_ru_rpl_gen][RDS] Current policy: fgimsolte_en<1>, fgwfc_en<0>, erdspolicy<3>,||Threshold i4wifirssih<-75>, i4wifirssil<-85>, i4wifirssih_ho<-78>, i4wifirssil_ho<-88>, i4wifisnrh<10>, i4wifisnrl<6>||Threshold i4ltersrph<-106>, i4ltersrpm<-111>, i4ltersrpl<-116>, i4ltersrqh<5>, i4ltersrqm<3>, i4ltersrql<1>||Threshold i43grscph<-104>, i43grscpl<-110>, i42grssih<-94>, i42grssil<-102>, i4lterssnrl<-3>, i43gecnol<-15>||current rds ru status: i4wifirssi<-66>, i4wifisnr<9999>, i4ltersrp<-86>, i4ltersrq<9>, u4active_ran<1>, i4lterssnr<-14>, i43grscp<-86>, i43gecno<-5>, i42grssi<-141>, u4sig_reg_status<6>||current wifi backhaul : rtp_plr<0>, rtp_jitter<0>, ping_ind<0>, ltecsr_ind<0>, ||pcscf acc stat : volte<1>, wfc<1> || wifi acc_ctrl:<0>, || current MD stat : MD1 roam <0>, ||Call stat : IR92<0>, IR94<0>, SMS over IP<0>, IPME<0>, sim<0>
10-23 09:10:39.915   316   743 I MAL-RDS :  (          rds_ru_rpl_gen, 7780) [RDS-I][RU][RDS IMS/MMS][rds_ru_rpl_gen][OP-6] Ori:(254,254)/(255,255) New:(254,254)/(255,255)||[RU][RDS IMS/MMS WIFI]Ori:(254,254)/(255,255) New:(254,254)/(255,255)||[RU][RDS IMS/MMS CELL]Ori:(254,254)/(255,255) New:(254,254)/(255,255) , sim<0>
10-23 09:10:39.915   316   750 I MAL-RDS :  (  rds_ru_wifi_status_ind, 1864) [RDS-I][RU][EVENT_RUM_RU_WIFI_STATUS_REQ] fgwifi_en:1(no use) i4wifirssi:0xffffffbe i4wifisnr:0x270f sim_id:1
10-23 09:10:39.916   316   750 I MAL-RDS :  (          rds_ru_rpl_gen, 7710) [RDS-I][RU][rds_ru_rpl_gen][RDS][OP6] TYPE : <0>, UI Policy : <3>, RDS Policy : <3>
10-23 09:10:39.916   316   750 I MAL-RDS :  (       rds_cell_only_vdf, 6095) [RDS-I][RU][rds_cell_only_vdf] RPL Type 0, Ori:(254,254) New:(254,254) sim(1)
10-23 09:10:39.916   316   750 I MAL-RDS :  (          rds_ru_rpl_gen, 7710) [RDS-I][RU][rds_ru_rpl_gen][RDS][OP6] TYPE : <1>, UI Policy : <3>, RDS Policy : <3>
10-23 09:10:39.916   316   750 I MAL-RDS :  (       rds_cell_only_vdf, 6095) [RDS-I][RU][rds_cell_only_vdf] RPL Type 1, Ori:(254,254) New:(254,254) sim(1)
10-23 09:10:39.916   316   750 I MAL-RDS :  (          rds_ru_rpl_gen, 7710) [RDS-I][RU][rds_ru_rpl_gen][RDS][OP6] TYPE : <2>, UI Policy : <3>, RDS Policy : <3>
10-23 09:10:39.916   316   750 I MAL-RDS :  (       rds_cell_only_vdf, 6095) [RDS-I][RU][rds_cell_only_vdf] RPL Type 2, Ori:(254,254) New:(254,254) sim(1)
10-23 09:10:39.916   316   750 I MAL-RDS :  (          rds_ru_rpl_gen, 7710) [RDS-I][RU][rds_ru_rpl_gen][RDS][OP6] TYPE : <3>, UI Policy : <3>, RDS Policy : <3>
10-23 09:10:39.916   316   750 I MAL-RDS :  (          rds_ru_rpl_gen, 7710) [RDS-I][RU][rds_ru_rpl_gen][RDS][OP6] TYPE : <4>, UI Policy : <3>, RDS Policy : <3>
10-23 09:10:39.916   316   750 I MAL-RDS :  (          rds_ru_rpl_gen, 7710) [RDS-I][RU][rds_ru_rpl_gen][RDS][OP6] TYPE : <5>, UI Policy : <3>, RDS Policy : <3>
10-23 09:10:39.916   316   750 I MAL-RDS :  (       rds_emergency_vdf, 6379) [RDS-I][RU][rds_emergency_vdf] EMG RPL Ori:(2,254) New:(2,254) sim(1)
10-23 09:10:39.916   316   750 I MAL-RDS :  (          rds_ru_rpl_gen, 7763) [RDS-I][RU][rds_ru_rpl_gen][RDS] Current policy: fgimsolte_en<1>, fgwfc_en<0>, erdspolicy<3>,||Threshold i4wifirssih<-75>, i4wifirssil<-85>, i4wifirssih_ho<-78>, i4wifirssil_ho<-88>, i4wifisnrh<10>, i4wifisnrl<6>||Threshold i4ltersrph<-106>, i4ltersrpm<-111>, i4ltersrpl<-116>, i4ltersrqh<5>, i4ltersrqm<3>, i4ltersrql<1>||Threshold i43grscph<-104>, i43grscpl<-110>, i42grssih<-94>, i42grssil<-102>, i4lterssnrl<-3>, i43gecnol<-15>||current rds ru status: i4wifirssi<-66>, i4wifisnr<9999>, i4ltersrp<-141>, i4ltersrq<0>, u4active_ran<1>, i4lterssnr<-50>, i43grscp<-141>, i43gecno<-24>, i42grssi<-141>, u4sig_reg_status<0>||current wifi backhaul : rtp_plr<0>, rtp_jitter<0>, ping_ind<0>, ltecsr_ind<0>, ||pcscf acc stat : volte<1>, wfc<1> || wifi acc_ctrl:<0>, || current MD stat : MD1 roam <0>, ||Call stat : IR92<0>, IR94<0>, SMS over IP<0>, IPME<0>, sim<1>
10-23 09:10:39.917   316   750 I MAL-RDS :  (          rds_ru_rpl_gen, 7780) [RDS-I][RU][RDS IMS/MMS][rds_ru_rpl_gen][OP-6] Ori:(254,254)/(255,255) New:(254,254)/(255,255)||[RU][RDS IMS/MMS WIFI]Ori:(254,254)/(255,255) New:(254,254)/(255,255)||[RU][RDS IMS/MMS CELL]Ori:(254,254)/(255,255) New:(254,254)/(255,255) , sim<1>
10-23 09:10:40.085 12682 12682 V ActivityThread: SVC-Destroying service com.google.android.gms.lockbox.service.LockboxBrokerService@a7464b5
10-23 09:10:40.220  1950  1987 E GED     : Failed to execute ioctl 3222824709, BridgeID(5), err(-1)
10-23 09:10:40.220  1950  1987 E GasService: Error on query GED info, err=1
10-23 09:10:41.221  1950  1987 E GED     : Failed to execute ioctl 3222824709, BridgeID(5), err(-1)
10-23 09:10:41.221  1950  1987 E GasService: Error on query GED info, err=1
10-23 09:10:41.516   304   304 I wmt_launcher: fw log ctrl flag has been set
