10-23 09:15:09.158 D/Email   ( 7128): [BackgroundAsyncTask] >>> [b7f06ce#com.android.email.provider.EmailProvider.reconcileAccountsAsync[452]#com.android.email.provider.EmailProvider.onCreate[1300]]
10-23 09:15:09.162 D/libc-netbsd( 6245): [getaddrinfo]: mtk hostname=play.googleapis.com; servname=(null); netid=0; mark=0
10-23 09:15:09.163 D/libc-netbsd( 6245): [getaddrinfo]: mtk ai_addrlen=0; ai_canonname=(null); ai_flags=4; ai_family=0
10-23 09:15:09.168 D/ActivityThread( 7128): Loading provider com.android.email.provider;com.android.email.notifier: com.android.email.provider.EmailProvider
10-23 09:15:09.178 D/Email   ( 7128): [BackgroundAsyncTask] >>> [f04bce8#com.android.email.provider.EmailProvider.reconcileAccountsAsync[452]#com.android.email.provider.EmailProvider.onCreate[1300]]
10-23 09:15:09.202 D/NativeCrypto( 6245): ssl=0x7ab34c3300 cert_verify_callback => 1
10-23 09:15:09.202 D/NativeCrypto( 6245): ssl=0x7ab34c3300 info_callback where=0x1001 ret=1
10-23 09:15:09.202 D/NativeCrypto( 6245): ssl=0x7ab34c3300 SSL_connect:UNKWN  unknown state
10-23 09:15:09.202 D/NativeCrypto( 6245): ssl=0x7ab34c3300 info_callback ignored
10-23 09:15:09.207 D/NativeCrypto( 6245): ssl=0x7ab34c3300 info_callback where=0x1001 ret=1
10-23 09:15:09.207 D/NativeCrypto( 6245): ssl=0x7ab34c3300 SSL_connect:3RSKEA SSLv3 read server key exchange A
10-23 09:15:09.207 D/NativeCrypto( 6245): ssl=0x7ab34c3300 info_callback ignored
10-23 09:15:09.207 D/NativeCrypto( 6245): ssl=0x7ab34c3300 info_callback where=0x1001 ret=1
10-23 09:15:09.207 D/NativeCrypto( 6245): ssl=0x7ab34c3300 SSL_connect:3RSD_A SSLv3 read server done A
10-23 09:15:09.207 D/NativeCrypto( 6245): ssl=0x7ab34c3300 info_callback ignored
10-23 09:15:09.209 D/NativeCrypto( 6245): ssl=0x7ab34c3300 info_callback where=0x1001 ret=1
10-23 09:15:09.209 D/NativeCrypto( 6245): ssl=0x7ab34c3300 SSL_connect:3WCKEA SSLv3 write client key exchange A
10-23 09:15:09.209 D/NativeCrypto( 6245): ssl=0x7ab34c3300 info_callback ignored
10-23 09:15:09.209 D/NativeCrypto( 6245): ssl=0x7ab34c3300 info_callback where=0x1001 ret=1
10-23 09:15:09.209 D/NativeCrypto( 6245): ssl=0x7ab34c3300 SSL_connect:3WCCSA SSLv3 write change cipher spec A
10-23 09:15:09.209 D/NativeCrypto( 6245): ssl=0x7ab34c3300 info_callback ignored
10-23 09:15:09.209 D/NativeCrypto( 6245): ssl=0x7ab34c3300 info_callback where=0x1001 ret=1
10-23 09:15:09.209 D/NativeCrypto( 6245): ssl=0x7ab34c3300 SSL_connect:3WFINA SSLv3 write finished A
10-23 09:15:09.209 D/NativeCrypto( 6245): ssl=0x7ab34c3300 info_callback ignored
10-23 09:15:09.210 D/NativeCrypto( 6245): ssl=0x7ab34c3300 info_callback where=0x1001 ret=1
10-23 09:15:09.210 D/NativeCrypto( 6245): ssl=0x7ab34c3300 SSL_connect:3FLUSH SSLv3 flush data
10-23 09:15:09.210 D/NativeCrypto( 6245): ssl=0x7ab34c3300 info_callback ignored
10-23 09:15:09.210 D/NativeCrypto( 6245): ssl=0x7ab34c3300 info_callback where=0x1002 ret=1
10-23 09:15:09.210 D/NativeCrypto( 6245): ssl=0x7ab34c3300 SSL_connect:ok exit in UNKWN  SSLv3 read server session ticket A
10-23 09:15:09.210 D/NativeCrypto( 6245): ssl=0x7ab34c3300 info_callback ignored
10-23 09:15:09.210 D/NativeCrypto( 6245): doing handshake -- ret=1
10-23 09:15:09.210 D/NativeCrypto( 6245): ssl=0x7ab34c3300 NativeCrypto_SSL_get_certificate => NULL
10-23 09:15:09.213 I/System.out( 6245): [OkHttp] sendRequest>>
10-23 09:15:09.213 I/System.out( 6245): [OkHttp] sendRequest<<
10-23 09:15:09.214 W/Email   ( 7128): restoreIfNeeded...
10-23 09:15:09.214 D/NativeCrypto( 6245): ssl=0x7ab34c3300 info_callback where=0x1002 ret=-1
10-23 09:15:09.214 D/NativeCrypto( 6245): ssl=0x7ab34c3300 SSL_connect:error exit in UNKWN  SSLv3 read server session ticket A
10-23 09:15:09.214 D/NativeCrypto( 6245): ssl=0x7ab34c3300 info_callback ignored
10-23 09:15:09.217 W/PackageManager( 1091): checkUidPermission(): android.permission.GET_ACCOUNTS of 10042 is denied.
10-23 09:15:09.217 W/PackageManager( 1091): checkUidPermission(): android.permission.GET_ACCOUNTS_PRIVILEGED of 10042 is denied.
10-23 09:15:09.218 W/PackageManager( 1091): checkUidPermission(): android.permission.GET_ACCOUNTS of 10042 is denied.
10-23 09:15:09.218 W/PackageManager( 1091): checkUidPermission(): android.permission.GET_ACCOUNTS_PRIVILEGED of 10042 is denied.
10-23 09:15:09.219 W/PackageManager( 1091): checkUidPermission(): android.permission.GET_ACCOUNTS of 10042 is denied.
10-23 09:15:09.219 W/PackageManager( 1091): checkUidPermission(): android.permission.GET_ACCOUNTS_PRIVILEGED of 10042 is denied.
10-23 09:15:09.229 D/Email   ( 7128): Fixing parent keys
10-23 09:15:09.229 D/SQLiteDatabase( 7128): beginTransaction()
10-23 09:15:09.231 D/SQLiteDatabase( 7128): endTransaction()
10-23 09:15:09.233 D/NativeCrypto( 6245): ssl=0x7ab34c3300 info_callback where=0x1001 ret=1
10-23 09:15:09.233 D/NativeCrypto( 6245): ssl=0x7ab34c3300 SSL_connect:UNKWN  SSLv3 read server session ticket A
10-23 09:15:09.233 D/NativeCrypto( 6245): ssl=0x7ab34c3300 info_callback ignored
10-23 09:15:09.233 D/NativeCrypto( 6245): ssl=0x7ab34c3300 info_callback where=0x1001 ret=1
10-23 09:15:09.233 D/NativeCrypto( 6245): ssl=0x7ab34c3300 SSL_connect:3RCCS_ SSLv3 read change cipher spec
10-23 09:15:09.233 D/NativeCrypto( 6245): ssl=0x7ab34c3300 info_callback ignored
10-23 09:15:09.233 D/NativeCrypto( 6245): ssl=0x7ab34c3300 info_callback where=0x1001 ret=1
10-23 09:15:09.233 D/NativeCrypto( 6245): ssl=0x7ab34c3300 SSL_connect:3RFINA SSLv3 read finished A
10-23 09:15:09.233 D/NativeCrypto( 6245): ssl=0x7ab34c3300 info_callback ignored
10-23 09:15:09.233 D/NativeCrypto( 6245): ssl=0x7ab34c3300 info_callback where=0x20 ret=1
10-23 09:15:09.233 D/NativeCrypto( 6245): ssl=0x7ab34c3300 handshake done in SSLOK  SSL negotiation finished successfully
10-23 09:15:09.233 D/NativeCrypto( 6245): ssl=0x7ab34c3300 info_callback calling handshakeCompleted
10-23 09:15:09.233 D/NativeCrypto( 6245): ssl=0x7ab34c3300 info_callback completed
10-23 09:15:09.233 D/NativeCrypto( 6245): ssl=0x7ab34c3300 info_callback where=0x1002 ret=1
10-23 09:15:09.233 D/NativeCrypto( 6245): ssl=0x7ab34c3300 SSL_connect:ok exit in SSLOK  SSL negotiation finished successfully
10-23 09:15:09.233 D/NativeCrypto( 6245): ssl=0x7ab34c3300 info_callback ignored
10-23 09:15:09.257 W/PackageManager( 1091): checkUidPermission(): android.permission.GET_ACCOUNTS of 10042 is denied.
10-23 09:15:09.257 W/PackageManager( 1091): checkUidPermission(): android.permission.GET_ACCOUNTS_PRIVILEGED of 10042 is denied.
10-23 09:15:09.257 W/PackageManager( 1091): checkUidPermission(): android.permission.GET_ACCOUNTS of 10042 is denied.
10-23 09:15:09.258 W/PackageManager( 1091): checkUidPermission(): android.permission.GET_ACCOUNTS_PRIVILEGED of 10042 is denied.
10-23 09:15:09.261 W/PackageManager( 1091): checkUidPermission(): android.permission.GET_ACCOUNTS of 10042 is denied.
10-23 09:15:09.261 W/PackageManager( 1091): checkUidPermission(): android.permission.GET_ACCOUNTS_PRIVILEGED of 10042 is denied.
10-23 09:15:09.262 D/Email   ( 7128): reconcileAccountsInternal
10-23 09:15:09.266 D/Email   ( 7128): Enabling EAS authenticator
10-23 09:15:09.267 W/PackageManager( 1091): checkUidPermission(): android.permission.CHANGE_COMPONENT_ENABLED_STATE of 10042 is denied.
10-23 09:15:09.268 W/PackageManager( 1091): checkUidPermission(): android.permission.CHANGE_COMPONENT_ENABLED_STATE of 10042 is denied.
10-23 09:15:09.269 W/PackageManager( 1091): checkUidPermission(): android.permission.CHANGE_COMPONENT_ENABLED_STATE of 10042 is denied.
10-23 09:15:09.269 D/NativeCrypto( 6245): ssl=0x7ab34c3300 NativeCrypto_SSL_interrupt
10-23 09:15:09.270 D/NativeCrypto( 6245): ssl=0x7ab34c3300 info_callback where=0x4008 ret=256
10-23 09:15:09.270 D/Email   ( 7128): Setting compose activity to disabled
10-23 09:15:09.270 D/NativeCrypto( 6245): ssl=0x7ab34c3300 SSL3 alert write:!:!! warning close notify
10-23 09:15:09.270 D/NativeCrypto( 6245): ssl=0x7ab34c3300 info_callback ignored
10-23 09:15:09.270 I/System.out( 6245): close [socket][/2a02:810c:340:4f36:6916:e1e5:1d62:35ff:40455]
10-23 09:15:09.270 D/Email   ( 7128): [BackgroundAsyncTask] <<< [b7f06ce#com.android.email.provider.EmailProvider.reconcileAccountsAsync[452]#com.android.email.provider.EmailProvider.onCreate[1300]]
10-23 09:15:09.271 I/System.out( 6245): Close in OkHttp
10-23 09:15:09.276 W/PackageManager( 1091): checkUidPermission(): android.permission.GET_ACCOUNTS of 10042 is denied.
10-23 09:15:09.276 W/PackageManager( 1091): checkUidPermission(): android.permission.GET_ACCOUNTS_PRIVILEGED of 10042 is denied.
10-23 09:15:09.277 I/NetworkIdentity( 1091): buildNetworkIdentity:
10-23 09:15:09.277 I/NetworkIdentity( 1091): networkId = KabelBox-6C6C
10-23 09:15:09.277 W/PackageManager( 1091): checkUidPermission(): android.permission.GET_ACCOUNTS of 10042 is denied.
10-23 09:15:09.277 W/PackageManager( 1091): checkUidPermission(): android.permission.GET_ACCOUNTS_PRIVILEGED of 10042 is denied.
10-23 09:15:09.278 W/PackageManager( 1091): checkUidPermission(): android.permission.GET_ACCOUNTS of 10042 is denied.
10-23 09:15:09.278 W/PackageManager( 1091): checkUidPermission(): android.permission.GET_ACCOUNTS_PRIVILEGED of 10042 is denied.
10-23 09:15:09.278 D/Email   ( 7128): [BackgroundAsyncTask] >>> [e553018#com.android.email.provider.EmailProvider.setServicesEnabledAsync[7661]#com.android.email.EmailApplication.onCreate[130]]
10-23 09:15:09.279 D/Email   ( 7128): reconcileAccountsInternal
10-23 09:15:09.280 I/System.out( 6245): [CDS][DNS] getAllByNameOnNet netId = 190
10-23 09:15:09.280 D/libc-netbsd( 6245): [getaddrinfo]: mtk hostname=r5---sn-4g5e6nsk.gvt1.com; servname=(null); netid=0; mark=0
10-23 09:15:09.280 D/libc-netbsd( 6245): [getaddrinfo]: mtk ai_addrlen=0; ai_canonname=(null); ai_flags=4; ai_family=0
10-23 09:15:09.281 D/libc-netbsd( 6245): [getaddrinfo]: mtk hostname=r5---sn-4g5e6nsk.gvt1.com; servname=(null); netid=190; mark=0
10-23 09:15:09.281 D/libc-netbsd( 6245): [getaddrinfo]: mtk ai_addrlen=0; ai_canonname=(null); ai_flags=1024; ai_family=0
10-23 09:15:09.281 D/FrameworkListener(  454): dispatchCommand data = (getaddrinfo r5---sn-4g5e6nsk.gvt1.com ^ 1024 0 1 0 190)
10-23 09:15:09.282 D/Email   ( 7128): Enabling EAS authenticator
10-23 09:15:09.283 W/PackageManager( 1091): checkUidPermission(): android.permission.CHANGE_COMPONENT_ENABLED_STATE of 10042 is denied.
10-23 09:15:09.283 W/PackageManager( 1091): checkUidPermission(): android.permission.CHANGE_COMPONENT_ENABLED_STATE of 10042 is denied.
10-23 09:15:09.283 D/Email/VIP_Settings( 7128): VipMemberCache init...
10-23 09:15:09.284 W/PackageManager( 1091): checkUidPermission(): android.permission.CHANGE_COMPONENT_ENABLED_STATE of 10042 is denied.
10-23 09:15:09.284 W/PackageManager( 1091): checkUidPermission(): android.permission.CHANGE_COMPONENT_ENABLED_STATE of 10042 is denied.
10-23 09:15:09.285 D/Email   ( 7128): Setting compose activity to disabled
10-23 09:15:09.285 D/Email   ( 7128): [BackgroundAsyncTask] <<< [f04bce8#com.android.email.provider.EmailProvider.reconcileAccountsAsync[452]#com.android.email.provider.EmailProvider.onCreate[1300]]
10-23 09:15:09.287 W/ActivityManager( 1091): Unable to start service Intent { cmp=com.android.email/.service.AttachmentService } U=0: not found
10-23 09:15:09.294 D/libc-netbsd(  454): [getaddrinfo]: mtk hostname=r5---sn-4g5e6nsk.gvt1.com; servname=(null); netid=190; mark=983230
10-23 09:15:09.294 D/libc-netbsd(  454): [getaddrinfo]: mtk ai_addrlen=0; ai_canonname=(null); ai_flags=1024; ai_family=0
10-23 09:15:09.294 D/libc-netbsd(  454): getaddrinfo: r5---sn-4g5e6nsk.gvt1.com get result from proxy gai_error = 11
10-23 09:15:09.295 D/libc-netbsd(  454): default dns: query_ipv6=1, query_ipv4=1
10-23 09:15:09.295 D/libc-netbsd(  454): res_queryN name = r5---sn-4g5e6nsk.gvt1.com, class = 1, type = 28
10-23 09:15:09.295 D/libc-netbsd(  454): netid=190, dns0:2a02:810c:340:4f36:925c:44ff:fef9:5436
10-23 09:15:09.295 D/libc-netbsd(  454): netid=190, dns1:192.168.0.1
10-23 09:15:09.295 D/libc-netbsd(  454): netid=190, dns2:8.8.8.8
10-23 09:15:09.296 D/Email   ( 7128): Registering unread count observer for launcher 
10-23 09:15:09.296 D/ThrottleContentObserver( 7128): UnreadMessagesCountObserver unregister
10-23 09:15:09.298 D/Email/VIP_Settings( 7128): VipContentObserver register
10-23 09:15:09.298 D/Email   ( 7128): [BackgroundAsyncTask] <<< [e553018#com.android.email.provider.EmailProvider.setServicesEnabledAsync[7661]#com.android.email.EmailApplication.onCreate[130]]
10-23 09:15:09.299 D/ThrottleContentObserver( 7128): UnreadMessagesCountObserver register
10-23 09:15:09.302 D/Email   ( 7128): [BackgroundAsyncTask] >>> [448c8d7#com.mediatek.mail.vip.VipMemberCache.<init>[49]#com.mediatek.mail.vip.VipMemberCache.init[58]]
10-23 09:15:09.302 D/Email   ( 7128): register LowStorage Handler: com.mediatek.email.util.EmailLowStorageHandler@495ccad
10-23 09:15:09.304 D/Email   ( 7128): setIsStorageLow to: false
10-23 09:15:09.306 I/Email   ( 7128): Observing account changes for notifications
10-23 09:15:09.307 V/ActivityManager( 1091): Broadcast: Intent { act=com.android.mail.ACTION_NOTIFY_DATASET_CHANGED typ=application/email-ls flg=0x10 (has extras) } ordered=false userid=0 callerApp=ProcessRecord{8f1738d 7128:com.android.email/u0a42}
10-23 09:15:09.309 D/ActivityThread( 7128): BDC-Calling onReceive: intent=Intent { act=android.accounts.LOGIN_ACCOUNTS_CHANGED flg=0x4000010 cmp=com.android.email/.service.EmailBroadcastReceiver }, receiver=com.android.email.service.EmailBroadcastReceiver@2f30be2
10-23 09:15:09.309 D/Email   ( 7128): onReceive:action = android.accounts.LOGIN_ACCOUNTS_CHANGED
10-23 09:15:09.310 D/Email   ( 7128): processBroadcastIntent
10-23 09:15:09.311 D/Email   ( 7128): [BackgroundAsyncTask] <<< [448c8d7#com.mediatek.mail.vip.VipMemberCache.<init>[49]#com.mediatek.mail.vip.VipMemberCache.init[58]]
10-23 09:15:09.314 I/wind/AppLockService(30388): pid7128procState10
10-23 09:15:09.318 D/Email   ( 7128): Cursor with 0 accounts returned
10-23 09:15:09.320 D/Email   ( 7128): [BackgroundAsyncTask] >>> [6ef86a9#com.android.emailcommon.service.ServiceProxy$ProxyConnection.onServiceConnected[117]#android.app.LoadedApk$ServiceDispatcher.doConnected[1493]]
10-23 09:15:09.321 D/Email   ( 7128): [BackgroundAsyncTask] >>> [1e71b73#com.android.emailcommon.service.ServiceProxy$ProxyConnection.onServiceConnected[117]#android.app.LoadedApk$ServiceDispatcher.doConnected[1493]]
10-23 09:15:09.322 D/Email   ( 7128): [BackgroundAsyncTask] <<< [6ef86a9#com.android.emailcommon.service.ServiceProxy$ProxyConnection.onServiceConnected[117]#android.app.LoadedApk$ServiceDispatcher.doConnected[1493]]
10-23 09:15:09.323 D/libc-netbsd(  454): res_queryN name = r5---sn-4g5e6nsk.gvt1.com, class = 1, type = 1
10-23 09:15:09.323 D/libc-netbsd(  454): netid=190, dns0:2a02:810c:340:4f36:925c:44ff:fef9:5436
10-23 09:15:09.323 D/libc-netbsd(  454): netid=190, dns1:192.168.0.1
10-23 09:15:09.324 D/libc-netbsd(  454): netid=190, dns2:8.8.8.8
10-23 09:15:09.324 V/ActivityThread( 7128): SVC-Creating service CreateServiceData{token=android.os.BinderProxy@c1885eb className=com.android.email.service.EmailBroadcastProcessorService packageName=com.android.email intent=null}
10-23 09:15:09.324 D/Email   ( 7128): [BackgroundAsyncTask] >>> [c0dfbcf#com.android.emailcommon.service.ServiceProxy$ProxyConnection.onServiceConnected[117]#android.app.LoadedApk$ServiceDispatcher.doConnected[1493]]
10-23 09:15:09.324 D/Email   ( 7128): [BackgroundAsyncTask] <<< [1e71b73#com.android.emailcommon.service.ServiceProxy$ProxyConnection.onServiceConnected[117]#android.app.LoadedApk$ServiceDispatcher.doConnected[1493]]
10-23 09:15:09.325 D/Email   ( 7128): [BackgroundAsyncTask] >>> [610e465#com.android.emailcommon.service.ServiceProxy$ProxyConnection.onServiceConnected[117]#android.app.LoadedApk$ServiceDispatcher.doConnected[1493]]
10-23 09:15:09.326 D/ActivityThread( 7128): SVC-Calling onStartCommand: com.android.email.service.EmailBroadcastProcessorService@e00cf48, flags=0, startId=1
10-23 09:15:09.326 D/Email   ( 7128): [BackgroundAsyncTask] <<< [c0dfbcf#com.android.emailcommon.service.ServiceProxy$ProxyConnection.onServiceConnected[117]#android.app.LoadedApk$ServiceDispatcher.doConnected[1493]]
10-23 09:15:09.326 D/Email   ( 7128): onHandleIntent start:action = broadcast_receiver
10-23 09:15:09.327 D/Email   ( 7128): [BackgroundAsyncTask] <<< [610e465#com.android.emailcommon.service.ServiceProxy$ProxyConnection.onServiceConnected[117]#android.app.LoadedApk$ServiceDispatcher.doConnected[1493]]
10-23 09:15:09.330 D/Email   ( 7128): onHandleIntent:broadcastAction = android.accounts.LOGIN_ACCOUNTS_CHANGED
10-23 09:15:09.330 I/Email   ( 7128): System accounts updated.
10-23 09:15:09.334 D/Exchange(12497): IEmailService.setLogging 1, storing to shared pref
10-23 09:15:09.335 D/Exchange(12497): IEmailService.setLogging 1, storing to shared pref
10-23 09:15:09.337 D/ActivityThread(12497): BDC-Calling onReceive: intent=Intent { act=android.accounts.LOGIN_ACCOUNTS_CHANGED flg=0x4000010 cmp=com.android.exchange/.ExchangeBroadcastReceiver }, receiver=com.android.exchange.ExchangeBroadcastReceiver@4e11a3e
10-23 09:15:09.339 W/PackageManager( 1091): checkUidPermission(): android.permission.GET_ACCOUNTS of 10042 is denied.
10-23 09:15:09.339 W/PackageManager( 1091): checkUidPermission(): android.permission.GET_ACCOUNTS_PRIVILEGED of 10042 is denied.
10-23 09:15:09.340 W/PackageManager( 1091): checkUidPermission(): android.permission.GET_ACCOUNTS of 10042 is denied.
10-23 09:15:09.340 W/PackageManager( 1091): checkUidPermission(): android.permission.GET_ACCOUNTS_PRIVILEGED of 10042 is denied.
10-23 09:15:09.340 W/PackageManager( 1091): checkUidPermission(): android.permission.GET_ACCOUNTS of 10042 is denied.
10-23 09:15:09.340 W/PackageManager( 1091): checkUidPermission(): android.permission.GET_ACCOUNTS_PRIVILEGED of 10042 is denied.
10-23 09:15:09.341 D/StatusBar( 1537): mDeviceProvisioned is true
10-23 09:15:09.342 D/StatusBar( 1537): No peeking: not in use: 0|com.android.providers.downloads|0|1:com.android.vending|10009
10-23 09:15:09.342 D/Email   ( 7128): reconcileAccountsInternal
10-23 09:15:09.343 D/libc-netbsd(  454): res_queryN name = r5---sn-4g5e6nsk.gvt1.com succeed
10-23 09:15:09.343 I/Exchange(12497): Accounts changed - requesting FolderSync for unsynced accounts
10-23 09:15:09.343 D/SocketClient(  454): SocketClient sendData done: 222
10-23 09:15:09.343 D/SocketClient(  454): SocketClient sendData done: 
10-23 09:15:09.343 D/SocketClient(  454): SocketClient sendData done: 
10-23 09:15:09.344 D/SocketClient(  454): SocketClient sendData done: 
10-23 09:15:09.344 D/SocketClient(  454): SocketClient sendData done: 
10-23 09:15:09.344 D/SocketClient(  454): SocketClient sendData done: 
10-23 09:15:09.344 D/SocketClient(  454): SocketClient sendData done: 
10-23 09:15:09.344 D/SocketClient(  454): SocketClient sendData done: 
10-23 09:15:09.344 D/SocketClient(  454): SocketClient sendData done: 
10-23 09:15:09.344 D/SocketClient(  454): SocketClient sendData done: 
10-23 09:15:09.344 D/SocketClient(  454): SocketClient sendData done: 
10-23 09:15:09.344 D/SocketClient(  454): SocketClient sendData done: 
10-23 09:15:09.344 D/SocketClient(  454): SocketClient sendData done: 
10-23 09:15:09.344 D/SocketClient(  454): SocketClient sendData done: 
10-23 09:15:09.344 D/SocketClient(  454): SocketClient sendData done: 
10-23 09:15:09.345 D/libc-netbsd( 6245): getaddrinfo: r5---sn-4g5e6nsk.gvt1.com get result from proxy gai_error = 0
10-23 09:15:09.345 D/StatusBar( 1537): mDeviceProvisioned is true
10-23 09:15:09.345 D/StatusBar( 1537): mDeviceProvisioned is true
10-23 09:15:09.345 D/StatusBar( 1537): mDeviceProvisioned is true
10-23 09:15:09.345 D/StatusBar( 1537): mDeviceProvisioned is true
10-23 09:15:09.345 D/StatusBar( 1537): mDeviceProvisioned is true
10-23 09:15:09.345 D/StatusBar( 1537): mDeviceProvisioned is true
10-23 09:15:09.345 D/StatusBar( 1537): mDeviceProvisioned is true
10-23 09:15:09.345 D/StatusBar( 1537): mDeviceProvisioned is true
10-23 09:15:09.345 D/StatusBar( 1537): mDeviceProvisioned is true
10-23 09:15:09.345 D/StatusBar( 1537): mDeviceProvisioned is true
10-23 09:15:09.345 D/StatusBar( 1537): mDeviceProvisioned is true
10-23 09:15:09.345 D/StatusBar( 1537): mDeviceProvisioned is true
10-23 09:15:09.345 D/StatusBar( 1537): mDeviceProvisioned is true
10-23 09:15:09.345 D/StatusBar( 1537): mDeviceProvisioned is true
10-23 09:15:09.345 D/StatusBar( 1537): mDeviceProvisioned is true
10-23 09:15:09.346 D/StatusBar( 1537): mDeviceProvisioned is true
10-23 09:15:09.346 D/StatusBar( 1537): mDeviceProvisioned is true
10-23 09:15:09.346 D/StatusBar( 1537): mDeviceProvisioned is true
10-23 09:15:09.346 D/StatusBar( 1537): mDeviceProvisioned is true
10-23 09:15:09.346 D/StatusBar( 1537): mDeviceProvisioned is true
10-23 09:15:09.346 D/StatusBar( 1537): mDeviceProvisioned is true
10-23 09:15:09.346 D/StatusBar( 1537): mDeviceProvisioned is true
10-23 09:15:09.346 D/StatusBar( 1537): mDeviceProvisioned is true
10-23 09:15:09.346 D/StatusBar( 1537): mDeviceProvisioned is true
10-23 09:15:09.346 D/StatusBar( 1537): mDeviceProvisioned is true
10-23 09:15:09.346 D/StatusBar( 1537): mDeviceProvisioned is true
10-23 09:15:09.346 D/StatusBar( 1537): mDeviceProvisioned is true
10-23 09:15:09.346 D/StatusBar( 1537): mDeviceProvisioned is true
10-23 09:15:09.346 D/StatusBar( 1537): mDeviceProvisioned is true
10-23 09:15:09.346 D/StatusBar( 1537): mDeviceProvisioned is true
10-23 09:15:09.346 D/StatusBar( 1537): mDeviceProvisioned is true
10-23 09:15:09.346 D/StatusBar( 1537): mDeviceProvisioned is true
10-23 09:15:09.346 D/StatusBar( 1537): mDeviceProvisioned is true
10-23 09:15:09.347 I/System.out( 6245): [socket][1] connection r5---sn-4g5e6nsk.gvt1.com/2a00:1450:4001:62::a:443;LocalPort=-1(60000)
10-23 09:15:09.347 D/        ( 6245): [Posix_connect Debug]Process android.process.media :443 
10-23 09:15:09.347 D/StatusBar( 1537): mDeviceProvisioned is true
10-23 09:15:09.347 D/StatusBar( 1537): mDeviceProvisioned is true
10-23 09:15:09.347 D/StatusBar( 1537): mDeviceProvisioned is true
10-23 09:15:09.347 D/StatusBar( 1537): mDeviceProvisioned is true
10-23 09:15:09.347 D/StatusBar( 1537): mDeviceProvisioned is true
10-23 09:15:09.347 D/StatusBar( 1537): mDeviceProvisioned is true
10-23 09:15:09.347 D/StatusBar( 1537): mDeviceProvisioned is true
10-23 09:15:09.347 D/StatusBar( 1537): mDeviceProvisioned is true
10-23 09:15:09.347 D/StatusBar( 1537): mDeviceProvisioned is true
10-23 09:15:09.347 D/StatusBar( 1537): mDeviceProvisioned is true
10-23 09:15:09.348 D/StatusBar( 1537): mDeviceProvisioned is true
10-23 09:15:09.348 D/StatusBar( 1537): mDeviceProvisioned is true
10-23 09:15:09.348 D/StatusBar( 1537): mDeviceProvisioned is true
10-23 09:15:09.348 D/StatusBar( 1537): mDeviceProvisioned is true
10-23 09:15:09.348 D/StatusBar( 1537): mDeviceProvisioned is true
10-23 09:15:09.348 D/StatusBar( 1537): mDeviceProvisioned is true
10-23 09:15:09.348 D/StatusBar( 1537): mDeviceProvisioned is true
10-23 09:15:09.348 D/StatusBar( 1537): mDeviceProvisioned is true
10-23 09:15:09.348 D/StatusBar( 1537): mDeviceProvisioned is true
10-23 09:15:09.348 D/StatusBar( 1537): mDeviceProvisioned is true
10-23 09:15:09.348 D/StatusBar( 1537): mDeviceProvisioned is true
10-23 09:15:09.348 D/StatusBar( 1537): mDeviceProvisioned is true
10-23 09:15:09.348 D/StatusBar( 1537): mDeviceProvisioned is true
10-23 09:15:09.348 D/StatusBar( 1537): mDeviceProvisioned is true
10-23 09:15:09.348 D/StatusBar( 1537): mDeviceProvisioned is true
10-23 09:15:09.348 D/StatusBar( 1537): mDeviceProvisioned is true
10-23 09:15:09.348 D/StatusBar( 1537): mDeviceProvisioned is true
10-23 09:15:09.348 D/StatusBar( 1537): mDeviceProvisioned is true
10-23 09:15:09.348 D/StatusBar( 1537): mDeviceProvisioned is true
10-23 09:15:09.348 D/Email   ( 7128): Enabling EAS authenticator
10-23 09:15:09.348 D/StatusBar( 1537): mDeviceProvisioned is true
10-23 09:15:09.348 D/StatusBar( 1537): mDeviceProvisioned is true
10-23 09:15:09.348 D/StatusBar( 1537): mDeviceProvisioned is true
10-23 09:15:09.348 D/StatusBar( 1537): mDeviceProvisioned is true
10-23 09:15:09.348 W/PackageManager( 1091): checkUidPermission(): android.permission.CHANGE_COMPONENT_ENABLED_STATE of 10042 is denied.
10-23 09:15:09.349 W/PackageManager( 1091): checkUidPermission(): android.permission.CHANGE_COMPONENT_ENABLED_STATE of 10042 is denied.
10-23 09:15:09.349 D/Email   ( 7128): [BackgroundAsyncTask] >>> [bf795c7#com.android.emailcommon.service.ServiceProxy$ProxyConnection.onServiceConnected[117]#android.app.LoadedApk$ServiceDispatcher.doConnected[1493]]
10-23 09:15:09.350 W/PackageManager( 1091): checkUidPermission(): android.permission.CHANGE_COMPONENT_ENABLED_STATE of 10042 is denied.
10-23 09:15:09.350 D/Email   ( 7128): Setting compose activity to disabled
10-23 09:15:09.350 D/Email   ( 7128): [BackgroundAsyncTask] <<< [bf795c7#com.android.emailcommon.service.ServiceProxy$ProxyConnection.onServiceConnected[117]#android.app.LoadedApk$ServiceDispatcher.doConnected[1493]]
10-23 09:15:09.352 D/ActivityThread(12497): SVC-Calling onStartCommand: com.android.exchange.service.EasService@667260b, flags=0, startId=76
10-23 09:15:09.356 D/ActivityThread( 1532): BDC-Calling onReceive: intent=Intent { act=android.accounts.LOGIN_ACCOUNTS_CHANGED flg=0x4000010 cmp=com.android.inputmethod.latin/.accounts.AccountsChangedReceiver }, receiver=com.android.inputmethod.latin.accounts.AccountsChangedReceiver@d03d36d
10-23 09:15:09.358 I/NotifActionUtils( 7128): resendNotifications account: null, folder: null
10-23 09:15:09.362 D/Email   ( 7128): onHandleIntent end = broadcast_receiver
10-23 09:15:09.362 V/ActivityThread( 7128): SVC-Creating service CreateServiceData{token=android.os.BinderProxy@2703b1d className=com.android.email.EmailIntentService packageName=com.android.email intent=null}
10-23 09:15:09.364 D/ActivityThread( 7128): SVC-Calling onStartCommand: com.android.email.EmailIntentService@13a3192, flags=0, startId=1
10-23 09:15:09.365 V/ActivityThread( 7128): SVC-Destroying service com.android.email.service.EmailBroadcastProcessorService@e00cf48
10-23 09:15:09.368 I/NotifUtils( 7128): resendNotifications cancelExisting: false, account: null, folder: null
10-23 09:15:09.369 D/ActivityThread( 6229): BDC-Calling onReceive: intent=Intent { act=android.accounts.LOGIN_ACCOUNTS_CHANGED flg=0x4000010 cmp=com.android.vending/com.google.android.finsky.accounts.impl.AccountsChangedReceiver }, receiver=com.google.android.finsky.accounts.impl.AccountsChangedReceiver@66c1ff
10-23 09:15:09.372 I/System.out( 6245): [socket][/2a02:810c:340:4f36:6916:e1e5:1d62:35ff:46541] connected
10-23 09:15:09.373 D/libc-netbsd( 6245): [getaddrinfo]: mtk hostname=r5---sn-4g5e6nsk.gvt1.com; servname=(null); netid=0; mark=0
10-23 09:15:09.373 D/libc-netbsd( 6245): [getaddrinfo]: mtk ai_addrlen=0; ai_canonname=(null); ai_flags=4; ai_family=0
10-23 09:15:09.374 D/NativeCrypto( 6245): ssl=0x7ab34c3300 NativeCrypto_SSL_do_handshake fd=0x7aa0a38348 shc=0x7aa0a3834c timeout_millis=60000 client_mode=1 npn=0x0
10-23 09:15:09.374 D/NativeCrypto( 6245): doing handshake ++
10-23 09:15:09.374 D/NativeCrypto( 6245): ssl=0x7ab34c3300 info_callback where=0x10 ret=1
10-23 09:15:09.374 D/NativeCrypto( 6245): ssl=0x7ab34c3300 handshake start in CINIT  before connect initialization
10-23 09:15:09.374 D/NativeCrypto( 6245): ssl=0x7ab34c3300 info_callback calling handshakeCompleted
10-23 09:15:09.374 D/NativeCrypto( 6245): ssl=0x7ab34c3300 info_callback completed
10-23 09:15:09.374 D/NativeCrypto( 6245): ssl=0x7ab34c3300 info_callback where=0x1001 ret=1
10-23 09:15:09.374 D/NativeCrypto( 6245): ssl=0x7ab34c3300 SSL_connect:CINIT  before connect initialization
10-23 09:15:09.374 D/NativeCrypto( 6245): ssl=0x7ab34c3300 info_callback ignored
10-23 09:15:09.374 D/NativeCrypto( 6245): ssl=0x7ab34c3300 info_callback where=0x1001 ret=1
10-23 09:15:09.374 D/NativeCrypto( 6245): ssl=0x7ab34c3300 SSL_connect:3WCH_A SSLv3 write client hello A
10-23 09:15:09.374 D/NativeCrypto( 6245): ssl=0x7ab34c3300 info_callback ignored
10-23 09:15:09.374 D/NativeCrypto( 6245): ssl=0x7ab34c3300 info_callback where=0x1002 ret=-1
10-23 09:15:09.374 D/NativeCrypto( 6245): ssl=0x7ab34c3300 SSL_connect:error exit in 3RSH_A SSLv3 read server hello A
10-23 09:15:09.374 D/NativeCrypto( 6245): ssl=0x7ab34c3300 info_callback ignored
10-23 09:15:09.374 D/NativeCrypto( 6245): doing handshake -- ret=-1
10-23 09:15:09.374 D/NativeCrypto( 6245): ssl=0x7ab34c3300 NativeCrypto_SSL_do_handshake ret=-1 errno=11 sslError=2 timeout_millis=60000
10-23 09:15:09.376 W/PackageManager( 1091): checkUidPermission(): android.permission.GET_ACCOUNTS of 10020 is denied.
10-23 09:15:09.376 V/ActivityThread( 7128): SVC-Destroying service com.android.email.EmailIntentService@13a3192
10-23 09:15:09.377 W/PackageManager( 1091): checkUidPermission(): android.permission.GET_ACCOUNTS of 10020 is denied.
10-23 09:15:09.378 W/PackageManager( 1091): checkUidPermission(): android.permission.GET_ACCOUNTS of 10020 is denied.
10-23 09:15:09.379 I/wind/AppLockService(30388): pid7128procState16
10-23 09:15:09.385 D/StatusBar( 1537): mDeviceProvisioned is true
10-23 09:15:09.387 W/PackageManager( 1091): checkUidPermission(): android.permission.GET_ACCOUNTS of 10020 is denied.
10-23 09:15:09.390 D/DefaultStatusBarPlmnPlugin( 1537): into supportCustomizeCarrierLabel: false
10-23 09:15:09.392 W/PackageManager( 1091): checkUidPermission(): android.permission.GET_ACCOUNTS of 10020 is denied.
10-23 09:15:09.397 I/Finsky  ( 6229): [1] com.google.android.finsky.accounts.impl.AccountsChangedReceiver.a(66): Accounts changed, prefetching preloads for account [kSMF4MK1qFi5WcXw-pw8eaDw4yw] (previously null)
10-23 09:15:09.401 D/NativeCrypto( 6245): doing handshake ++
10-23 09:15:09.402 D/NativeCrypto( 6245): ssl=0x7ab34c3300 info_callback where=0x1001 ret=1
10-23 09:15:09.402 D/NativeCrypto( 6245): ssl=0x7ab34c3300 SSL_connect:3RSH_A SSLv3 read server hello A
10-23 09:15:09.402 D/NativeCrypto( 6245): ssl=0x7ab34c3300 info_callback ignored
10-23 09:15:09.402 D/NativeCrypto( 6245): ssl=0x7ab34c3300 info_callback where=0x1002 ret=-1
10-23 09:15:09.402 D/NativeCrypto( 6245): ssl=0x7ab34c3300 SSL_connect:error exit in 3RSC_A SSLv3 read server certificate A
10-23 09:15:09.402 D/NativeCrypto( 6245): ssl=0x7ab34c3300 info_callback ignored
10-23 09:15:09.402 D/NativeCrypto( 6245): doing handshake -- ret=-1
10-23 09:15:09.402 D/NativeCrypto( 6245): ssl=0x7ab34c3300 NativeCrypto_SSL_do_handshake ret=-1 errno=11 sslError=2 timeout_millis=60000
10-23 09:15:09.402 D/ConnectivityService( 1091): allowed status for uid 10020 when rule is 0 (NONE): true
10-23 09:15:09.402 D/NativeCrypto( 6245): doing handshake ++
10-23 09:15:09.402 I/NetworkIdentity( 1091): buildNetworkIdentity:
10-23 09:15:09.402 D/NativeCrypto( 6245): ssl=0x7ab34c3300 info_callback where=0x1002 ret=-1
10-23 09:15:09.402 D/NativeCrypto( 6245): ssl=0x7ab34c3300 SSL_connect:error exit in 3RSC_A SSLv3 read server certificate A
10-23 09:15:09.402 D/NativeCrypto( 6245): ssl=0x7ab34c3300 info_callback ignored
10-23 09:15:09.402 D/NativeCrypto( 6245): doing handshake -- ret=-1
10-23 09:15:09.402 D/NativeCrypto( 6245): ssl=0x7ab34c3300 NativeCrypto_SSL_do_handshake ret=-1 errno=11 sslError=2 timeout_millis=60000
10-23 09:15:09.402 I/NetworkIdentity( 1091): networkId = KabelBox-6C6C
10-23 09:15:09.402 I/Finsky  ( 6229): [3229] com.google.android.finsky.setup.ak.a(39): Prefetching preloads for account [kSMF4MK1qFi5WcXw-pw8eaDw4yw]
10-23 09:15:09.402 D/ConnectivityService( 1091): getActiveNetworkInfo networkInfo = [type: WIFI[], state: CONNECTED/CONNECTED, reason: (unspecified), extra: "KabelBox-6C6C", failover: false, available: true, roaming: false, metered: false]
10-23 09:15:09.403 D/NativeCrypto( 6245): doing handshake ++
10-23 09:15:09.403 D/ConnectivityService( 1091): allowed status for uid 10020 when rule is 0 (NONE): true
10-23 09:15:09.403 I/NetworkIdentity( 1091): buildNetworkIdentity:
10-23 09:15:09.404 I/NetworkIdentity( 1091): networkId = KabelBox-6C6C
10-23 09:15:09.404 D/NativeCrypto( 6245): ssl=0x7ab34c3300 info_callback where=0x1001 ret=1
10-23 09:15:09.404 D/ConnectivityService( 1091): getActiveNetworkInfo networkInfo = [type: WIFI[], state: CONNECTED/CONNECTED, reason: (unspecified), extra: "KabelBox-6C6C", failover: false, available: true, roaming: false, metered: false]
10-23 09:15:09.404 D/NativeCrypto( 6245): ssl=0x7ab34c3300 SSL_connect:3RSC_A SSLv3 read server certificate A
10-23 09:15:09.404 D/NativeCrypto( 6245): ssl=0x7ab34c3300 info_callback ignored
10-23 09:15:09.404 E/NativeCrypto( 6245): ssl=0x7ab34c3300 cert_verify_callback x509_store_ctx=0x7aa0a380b8 arg=0x0
10-23 09:15:09.404 E/NativeCrypto( 6245): ssl=0x7ab34c3300 cert_verify_callback calling verifyCertificateChain authMethod=ECDHE_RSA
10-23 09:15:09.405 D/ConnectivityService( 1091): allowed status for uid 10020 when rule is 0 (NONE): true
10-23 09:15:09.405 D/libc-netbsd( 6245): [getaddrinfo]: mtk hostname=r5---sn-4g5e6nsk.gvt1.com; servname=(null); netid=0; mark=0
10-23 09:15:09.405 I/NetworkIdentity( 1091): buildNetworkIdentity:
10-23 09:15:09.405 D/libc-netbsd( 6245): [getaddrinfo]: mtk ai_addrlen=0; ai_canonname=(null); ai_flags=4; ai_family=0
10-23 09:15:09.405 I/NetworkIdentity( 1091): networkId = KabelBox-6C6C
10-23 09:15:09.405 D/ConnectivityService( 1091): getActiveNetworkInfo networkInfo = [type: WIFI[], state: CONNECTED/CONNECTED, reason: (unspecified), extra: "KabelBox-6C6C", failover: false, available: true, roaming: false, metered: false]
10-23 09:15:09.412 W/PackageManager( 1091): checkUidPermission(): android.permission.WRITE_MEDIA_STORAGE of 10060 is denied.
10-23 09:15:09.413 W/View    ( 1537): requestLayout() improperly called by com.android.systemui.statusbar.NotificationOverflowIconsView{58258aa V.E...... ......ID 180,30-1044,102 #7f120276 app:id/overflow_icons_view} during layout: running second layout pass
10-23 09:15:09.413 W/View    ( 1537): requestLayout() improperly called by StatusBarIconView(slot= icon=StatusBarIcon(icon=Icon(typ=RESOURCE pkg=android id=0x010806c2) visible user=-1 ) notification=Notification(pri=0 contentView=null vibrate=null sound=null tick defaults=0x0 flags=0x2 color=0xff607d8b vis=PUBLIC)) during layout: running second layout pass
10-23 09:15:09.414 W/View    ( 1537): requestLayout() improperly called by StatusBarIconView(slot= icon=StatusBarIcon(icon=Icon(typ=RESOURCE pkg=com.redstone.ota.ui id=0x7f020024) visible user=0 ) notification=Notification(pri=0 contentView=null vibrate=null sound=null defaults=0x0 flags=0x10 color=0x00000000 vis=PRIVATE)) during layout: running second layout pass
10-23 09:15:09.415 W/View    ( 1537): requestLayout() improperly called by StatusBarIconView(slot= icon=StatusBarIcon(icon=Icon(typ=RESOURCE pkg=de.gmx.mobile.android.mail id=0x7f080b16) visible user=0 num=8 ) notification=Notification(pri=0 contentView=null vibrate=null sound=null tick defaults=0x0 flags=0x210 color=0xff08358a category=email groupKey=de.gmx.mobile.android.mail.notificationGroup0 vis=PRIVATE publicVersion=Notification(pri=0 contentView=null vibrate=[0] sound=content://settings/system/notification_sound tick defaults=0x0 flags=0x1 color=0xff08358a category=email vis=PRIVATE))) during layout: running second layout pass
10-23 09:15:09.415 W/View    ( 1537): requestLayout() improperly called by StatusBarIconView(slot= icon=StatusBarIcon(icon=Icon(typ=RESOURCE pkg=com.google.android.youtube id=0x7f0203bf) visible user=0 ) notification=Notification(pri=0 contentView=com.google.android.youtube/0x7f040157 vibrate=null sound=null defaults=0x0 flags=0x10 color=0xffe62117 category= groupKey= actions=3 vis=PRIVATE)) during layout: running second layout pass
10-23 09:15:09.416 W/View    ( 1537): requestLayout() improperly called by StatusBarIconView(slot= icon=StatusBarIcon(icon=Icon(typ=RESOURCE pkg=de.sde.mobile id=0x7f080090) visible user=0 ) notification=Notification(pri=0 contentView=null vibrate=null sound=null defaults=0x0 flags=0x600 color=0x00000000 groupKey=ranker_bundle vis=PRIVATE)) during layout: running second layout pass
10-23 09:15:09.422 D/SQLiteDatabase( 6229): beginTransaction()
10-23 09:15:09.424 D/SQLiteDatabase( 6229): endTransaction()
10-23 09:15:09.434 I/Finsky  ( 6229): [3229] com.google.android.finsky.setup.ak.a(50): No PAI stub found
10-23 09:15:09.435 D/NativeCrypto( 6245): ssl=0x7ab34c3300 cert_verify_callback => 1
10-23 09:15:09.435 D/NativeCrypto( 6245): ssl=0x7ab34c3300 info_callback where=0x1001 ret=1
10-23 09:15:09.435 D/NativeCrypto( 6245): ssl=0x7ab34c3300 SSL_connect:UNKWN  unknown state
10-23 09:15:09.435 D/NativeCrypto( 6245): ssl=0x7ab34c3300 info_callback ignored
10-23 09:15:09.436 D/NativeCrypto( 6245): ssl=0x7ab34c3300 info_callback where=0x1001 ret=1
10-23 09:15:09.436 D/NativeCrypto( 6245): ssl=0x7ab34c3300 SSL_connect:3RSKEA SSLv3 read server key exchange A
10-23 09:15:09.436 D/NativeCrypto( 6245): ssl=0x7ab34c3300 info_callback ignored
10-23 09:15:09.436 D/NativeCrypto( 6245): ssl=0x7ab34c3300 info_callback where=0x1001 ret=1
10-23 09:15:09.436 D/NativeCrypto( 6245): ssl=0x7ab34c3300 SSL_connect:3RSD_A SSLv3 read server done A
10-23 09:15:09.436 D/NativeCrypto( 6245): ssl=0x7ab34c3300 info_callback ignored
10-23 09:15:09.437 D/NativeCrypto( 6245): ssl=0x7ab34c3300 info_callback where=0x1001 ret=1
10-23 09:15:09.437 D/NativeCrypto( 6245): ssl=0x7ab34c3300 SSL_connect:3WCKEA SSLv3 write client key exchange A
10-23 09:15:09.437 D/NativeCrypto( 6245): ssl=0x7ab34c3300 info_callback ignored
10-23 09:15:09.438 D/NativeCrypto( 6245): ssl=0x7ab34c3300 info_callback where=0x1001 ret=1
10-23 09:15:09.438 D/NativeCrypto( 6245): ssl=0x7ab34c3300 SSL_connect:3WCCSA SSLv3 write change cipher spec A
10-23 09:15:09.438 D/NativeCrypto( 6245): ssl=0x7ab34c3300 info_callback ignored
10-23 09:15:09.438 D/NativeCrypto( 6245): ssl=0x7ab34c3300 info_callback where=0x1001 ret=1
10-23 09:15:09.438 D/NativeCrypto( 6245): ssl=0x7ab34c3300 SSL_connect:3WFINA SSLv3 write finished A
10-23 09:15:09.438 D/NativeCrypto( 6245): ssl=0x7ab34c3300 info_callback ignored
10-23 09:15:09.438 D/NativeCrypto( 6245): ssl=0x7ab34c3300 info_callback where=0x1001 ret=1
10-23 09:15:09.438 D/NativeCrypto( 6245): ssl=0x7ab34c3300 SSL_connect:3FLUSH SSLv3 flush data
10-23 09:15:09.438 D/NativeCrypto( 6245): ssl=0x7ab34c3300 info_callback ignored
10-23 09:15:09.438 D/NativeCrypto( 6245): ssl=0x7ab34c3300 info_callback where=0x1002 ret=-1
10-23 09:15:09.438 D/NativeCrypto( 6245): ssl=0x7ab34c3300 SSL_connect:error exit in UNKWN  SSLv3 read server session ticket A
10-23 09:15:09.438 D/NativeCrypto( 6245): ssl=0x7ab34c3300 info_callback ignored
10-23 09:15:09.438 D/NativeCrypto( 6245): doing handshake -- ret=-1
10-23 09:15:09.438 D/NativeCrypto( 6245): ssl=0x7ab34c3300 NativeCrypto_SSL_do_handshake ret=-1 errno=11 sslError=2 timeout_millis=60000
10-23 09:15:09.439 D/ConnectivityService( 1091): allowed status for uid 10020 when rule is 0 (NONE): true
10-23 09:15:09.440 I/NetworkIdentity( 1091): buildNetworkIdentity:
10-23 09:15:09.440 I/NetworkIdentity( 1091): networkId = KabelBox-6C6C
10-23 09:15:09.440 D/ConnectivityService( 1091): getActiveNetworkInfo networkInfo = [type: WIFI[], state: CONNECTED/CONNECTED, reason: (unspecified), extra: "KabelBox-6C6C", failover: false, available: true, roaming: false, metered: false]
10-23 09:15:09.441 D/ConnectivityService( 1091): allowed status for uid 10020 when rule is 0 (NONE): true
10-23 09:15:09.441 I/NetworkIdentity( 1091): buildNetworkIdentity:
10-23 09:15:09.441 I/NetworkIdentity( 1091): networkId = KabelBox-6C6C
10-23 09:15:09.441 D/ConnectivityService( 1091): getActiveNetworkInfo networkInfo = [type: WIFI[], state: CONNECTED/CONNECTED, reason: (unspecified), extra: "KabelBox-6C6C", failover: false, available: true, roaming: false, metered: false]
10-23 09:15:09.444 E/Finsky  ( 6229): [3229] com.google.android.finsky.setup.ak.a(78): Error prefetching preloads, using account=null, preloads=NULL, preloadGroups=NULL
10-23 09:15:09.444 E/Finsky  ( 6229): com.google.android.finsky.setup.fetchers.RawDocumentsFetchException[reason=pai_config, account=[kSMF4MK1qFi5WcXw-pw8eaDw4yw]]
10-23 09:15:09.444 E/Finsky  ( 6229): 	at com.google.android.finsky.setup.ak.a(SourceFile:51)
10-23 09:15:09.444 E/Finsky  ( 6229): 	at com.google.android.finsky.setup.an.call(Unknown Source)
10-23 09:15:09.444 E/Finsky  ( 6229): 	at java.util.concurrent.FutureTask.run(FutureTask.java:237)
10-23 09:15:09.444 E/Finsky  ( 6229): 	at java.util.concurrent.ThreadPoolExecutor.runWorker(ThreadPoolExecutor.java:1133)
10-23 09:15:09.444 E/Finsky  ( 6229): 	at java.util.concurrent.ThreadPoolExecutor$Worker.run(ThreadPoolExecutor.java:607)
10-23 09:15:09.444 E/Finsky  ( 6229): 	at java.lang.Thread.run(Thread.java:761)
10-23 09:15:09.445 I/Finsky  ( 6229): [3229] com.google.android.finsky.setup.ak.a(19): VpaSelectionActivity will be disabled
10-23 09:15:09.445 I/Finsky  ( 6229): [1] com.google.android.finsky.scheduler.JobSchedulerEngine.a(108): Cancelling existing job with id: 9000
10-23 09:15:09.446 V/AlarmManager( 1091): APP set with listener(*job.delay*) : type=2 triggerAtTime=1955389395 win=-1 tElapsed=1955389395 maxElapsed=1955550845 interval=0 flags=0x0
10-23 09:15:09.456 D/NativeCrypto( 6245): doing handshake ++
10-23 09:15:09.456 D/NativeCrypto( 6245): ssl=0x7ab34c3300 info_callback where=0x1001 ret=1
10-23 09:15:09.456 D/NativeCrypto( 6245): ssl=0x7ab34c3300 SSL_connect:UNKWN  SSLv3 read server session ticket A
10-23 09:15:09.456 D/NativeCrypto( 6245): ssl=0x7ab34c3300 info_callback ignored
10-23 09:15:09.457 D/NativeCrypto( 6245): ssl=0x7ab34c3300 info_callback where=0x1001 ret=1
10-23 09:15:09.457 D/NativeCrypto( 6245): ssl=0x7ab34c3300 SSL_connect:3RCCS_ SSLv3 read change cipher spec
10-23 09:15:09.457 D/NativeCrypto( 6245): ssl=0x7ab34c3300 info_callback ignored
10-23 09:15:09.457 D/NativeCrypto( 6245): ssl=0x7ab34c3300 info_callback where=0x1001 ret=1
10-23 09:15:09.457 D/NativeCrypto( 6245): ssl=0x7ab34c3300 SSL_connect:3RFINA SSLv3 read finished A
10-23 09:15:09.457 D/NativeCrypto( 6245): ssl=0x7ab34c3300 info_callback ignored
10-23 09:15:09.457 D/NativeCrypto( 6245): ssl=0x7ab34c3300 info_callback where=0x20 ret=1
10-23 09:15:09.457 D/NativeCrypto( 6245): ssl=0x7ab34c3300 handshake done in SSLOK  SSL negotiation finished successfully
10-23 09:15:09.457 D/NativeCrypto( 6245): ssl=0x7ab34c3300 info_callback calling handshakeCompleted
10-23 09:15:09.457 D/NativeCrypto( 6245): ssl=0x7ab34c3300 info_callback completed
10-23 09:15:09.457 D/NativeCrypto( 6245): ssl=0x7ab34c3300 info_callback where=0x1002 ret=1
10-23 09:15:09.457 D/NativeCrypto( 6245): ssl=0x7ab34c3300 SSL_connect:ok exit in SSLOK  SSL negotiation finished successfully
10-23 09:15:09.457 D/NativeCrypto( 6245): ssl=0x7ab34c3300 info_callback ignored
10-23 09:15:09.457 D/NativeCrypto( 6245): doing handshake -- ret=1
10-23 09:15:09.457 D/NativeCrypto( 6245): ssl=0x7ab34c3300 NativeCrypto_SSL_get_certificate => NULL
10-23 09:15:09.457 I/System.out( 6245): gba_cipher_suite:TLS_ECDHE_RSA_WITH_AES_128_GCM_SHA256
10-23 09:15:09.460 I/System.out( 6245): [OkHttp] sendRequest>>
10-23 09:15:09.460 I/System.out( 6245): [OkHttp] sendRequest<<
10-23 09:15:09.478 I/ActivityManager( 1091): Start proc 7173:com.google.android.apps.photos/u0a60 for broadcast com.google.android.apps.photos/.account.full.RefreshAccountsReceiver
10-23 09:15:09.479 D/AlarmManager( 1091): remove(operation) changed bounds; rebatching operation = null
10-23 09:15:09.480 I/ActivityManager( 1091): Killing 5886:com.google.android.gms.unstable/u0a12 (adj 906): empty #17
10-23 09:15:09.482 V/AlarmManager( 1091): APP set with listener(*job.deadline*) : type=2 triggerAtTime=1958649295 win=-1 tElapsed=1958649295 maxElapsed=1961255643 interval=0 flags=0x0
10-23 09:15:09.482 D/AlarmManager( 1091): remove(operation) changed bounds; rebatching operation = null
10-23 09:15:09.485 V/NetworkPolicy( 1091): updateRuleForRestrictBackgroundLocked(10060): isForeground=true, isBlacklisted=false, isWhitelisted=false, oldRule=0 (NONE), newRule=0 (NONE), newUidRules=0 (NONE), oldUidRules=0 (NONE)
10-23 09:15:09.485 V/NetworkPolicy( 1091): updateRulesForNonMeteredNetworksLocked(10060), isIdle: false, mRestrictPower: false, mDeviceIdleMode: false, isForeground=true, isWhitelisted=false, oldRule=0 (NONE), newRule=0 (NONE), newUidRules=0 (NONE), oldUidRules=0 (NONE)
10-23 09:15:09.486 I/Finsky  ( 6229): [1] com.google.android.finsky.scheduler.JobSchedulerEngine.a(108): Cancelling existing job with id: 9004
10-23 09:15:09.486 V/NetworkPolicy( 1091): updateRuleForRestrictBackgroundLocked(10060): isForeground=false, isBlacklisted=false, isWhitelisted=false, oldRule=0 (NONE), newRule=0 (NONE), newUidRules=0 (NONE), oldUidRules=0 (NONE)
10-23 09:15:09.486 I/wind/AppLockService(30388): pid6229procState16
10-23 09:15:09.486 V/NetworkPolicy( 1091): updateRulesForNonMeteredNetworksLocked(10060), isIdle: false, mRestrictPower: false, mDeviceIdleMode: false, isForeground=false, isWhitelisted=false, oldRule=0 (NONE), newRule=0 (NONE), newUidRules=0 (NONE), oldUidRules=0 (NONE)
10-23 09:15:09.486 V/AlarmManager( 1091): APP set with listener(*job.delay*) : type=2 triggerAtTime=1955389395 win=-1 tElapsed=1955389395 maxElapsed=1955550814 interval=0 flags=0x0
10-23 09:15:09.487 D/AlarmManager( 1091): remove(operation) changed bounds; rebatching operation = null
10-23 09:15:09.491 V/AlarmManager( 1091): APP set with listener(*job.deadline*) : type=2 triggerAtTime=1958649295 win=-1 tElapsed=1958649295 maxElapsed=1961255636 interval=0 flags=0x0
10-23 09:15:09.495 D/AlarmManager( 1091): remove(operation) changed bounds; rebatching operation = null
10-23 09:15:09.495 I/wind/AppLockService(30388): pid7173procState11
10-23 09:15:09.499 I/NetworkIdentity( 1091): buildNetworkIdentity:
10-23 09:15:09.499 I/Finsky  ( 6229): [1] com.google.android.finsky.scheduler.JobSchedulerEngine.a(18): Scheduling immediate wakeup job with id: 9000
10-23 09:15:09.499 D/IpReachabilityMonitor( 1091): RtNetlinkNeighborMessage{ nlmsghdr{StructNlMsgHdr{ nlmsg_len{88}, nlmsg_type{28(RTM_NEWNEIGH)}, nlmsg_flags{0())}, nlmsg_seq{0}, nlmsg_pid{0} }}, ndmsg{StructNdMsg{ family{AF_INET6}, ifindex{25}, state{16 (NUD_PROBE)}, flags{-128 (NTF_ROUTER)}, type{1} }}, destination{2a02:810c:340:4f36:925c:44ff:fef9:5436} linklayeraddr{905C44F95436} probes{1} cacheinfo{NdaCacheInfo{ ndm_used{31120}, ndm_confirmed{0}, ndm_updated{0}, ndm_refcnt{2} }} }
10-23 09:15:09.499 I/NetworkIdentity( 1091): networkId = KabelBox-6C6C
10-23 09:15:09.501 V/AlarmManager( 1091): APP set with listener(*job.deadline*) : type=2 triggerAtTime=1955174183 win=-1 tElapsed=1955179183 maxElapsed=1955179183 interval=0 flags=0x0
10-23 09:15:09.502 D/AlarmManager( 1091): remove(operation) changed bounds; rebatching operation = null
10-23 09:15:09.502 W/PackageManager( 1091): checkUidPermission(): android.permission.ACCESS_ALL_DOWNLOADS of 10020 is denied.
10-23 09:15:09.503 D/IpReachabilityMonitor( 1091): RtNetlinkNeighborMessage{ nlmsghdr{StructNlMsgHdr{ nlmsg_len{88}, nlmsg_type{28(RTM_NEWNEIGH)}, nlmsg_flags{0())}, nlmsg_seq{0}, nlmsg_pid{0} }}, ndmsg{StructNdMsg{ family{AF_INET6}, ifindex{25}, state{2 (NUD_REACHABLE)}, flags{-128 (NTF_ROUTER)}, type{1} }}, destination{2a02:810c:340:4f36:925c:44ff:fef9:5436} linklayeraddr{905C44F95436} probes{1} cacheinfo{NdaCacheInfo{ ndm_used{0}, ndm_confirmed{0}, ndm_updated{0}, ndm_refcnt{2} }} }
10-23 09:15:09.505 D/AlarmManager( 1091): set alarm to RTC 1955179183
10-23 09:15:09.510 V/NotificationService( 1091): enqueueNotificationInternal: pkg=com.android.providers.downloads id=0 notification=Notification(pri=0 contentView=null vibrate=null sound=null defaults=0x0 flags=0x2 color=0xff607d8b actions=1 vis=PRIVATE)
10-23 09:15:09.512 V/DownloadManager( 6245): target file: downloadfile extension: .bin
10-23 09:15:09.512 D/SQLiteDatabase( 6229): beginTransaction()
10-23 09:15:09.514 D/SQLiteDatabase( 6229): endTransaction()
10-23 09:15:09.517 E/GED     ( 1950): Failed to execute ioctl 3222824709, BridgeID(5), err(-1)
10-23 09:15:09.517 E/GasService( 1950): Error on query GED info, err=1
10-23 09:15:09.517 D/NotificationService( 1091): EnqueueNotificationRunnable.run for: 0|com.android.providers.downloads|0|1:com.android.vending|10009
10-23 09:15:09.517 I/wind/AppLockService(30388): pid6229procState7
10-23 09:15:09.517 V/ActivityManager( 1091): Broadcast: Intent { act=com.android.launcher.action.ACTION_PACKAGE_DOWNLOADING dat=package:com.google.android.ims flg=0x10 pkg=com.google.android.googlequicksearchbox } ordered=false userid=0 callerApp=ProcessRecord{b9e8ae4 6229:com.android.vending/u0a20}
10-23 09:15:09.521 V/ActivityThread( 6229): SVC-Creating service CreateServiceData{token=android.os.BinderProxy@5fd9f6 className=com.google.android.finsky.scheduler.JobSchedulerEngine$PhoneskyJobSchedulerJobService packageName=com.android.vending intent=null}
10-23 09:15:09.523 V/NotificationService( 1091): pkg=com.android.providers.downloads canInterrupt=false intercept=false
10-23 09:15:09.525 D/DisplayPowerController( 1091): requestPowerState: policy=OFF, useProximitySensor=false, screenBrightness=102, screenAutoBrightnessAdjustment=0.0, brightnessSetByUser=true, useAutoBrightness=false, blockScreenOn=false, lowPowerMode=false, boostScreenBrightness=false, dozeScreenBrightness=-1, dozeScreenState=UNKNOWN, useTwilight=false,autoModeScreenBrightness=255,autoModeManualOp=false, waitForNegativeProximity=false, changed=false
10-23 09:15:09.525 D/PowerManagerNotifier( 1091): onWakeLockAcquired: flags=1, tag="*job*/com.android.vending/com.google.android.finsky.scheduler.JobSchedulerEngine$PhoneskyJobSchedulerJobService", packageName=android, ownerUid=1000, ownerPid=1091, workSource=WorkSource{10020}
