--------- beginning of crash
10-18 11:01:10.994 E/AndroidRuntime( 4217): FATAL EXCEPTION: HandlerThread
10-18 11:01:10.994 E/AndroidRuntime( 4217): Process: com.elektrobit.solysagent, PID: 4217
10-18 11:01:10.994 E/AndroidRuntime( 4217): java.lang.NullPointerException: Attempt to invoke interface method 'void com.elektrobit.solysagent.fwk.recording.CloseMessageCallback.onCloseMessageProcessed()' on a null object reference
10-18 11:01:10.994 E/AndroidRuntime( 4217): 	at com.elektrobit.solysagent.fwk.recording.WriteHandler.closeFile(WriteHandler.java:84)
10-18 11:01:10.994 E/AndroidRuntime( 4217): 	at com.elektrobit.solysagent.fwk.recording.WriteHandler.handleMessage(WriteHandler.java:113)
10-18 11:01:10.994 E/AndroidRuntime( 4217): 	at android.os.Handler.dispatchMessage(Handler.java:110)
10-18 11:01:10.994 E/AndroidRuntime( 4217): 	at android.os.Looper.loop(Looper.java:203)
10-18 11:01:10.994 E/AndroidRuntime( 4217): 	at android.os.HandlerThread.run(HandlerThread.java:61)
10-18 11:02:11.004 E/AndroidRuntime( 4311): FATAL EXCEPTION: HandlerThread
10-18 11:02:11.004 E/AndroidRuntime( 4311): Process: com.elektrobit.solysagent, PID: 4311
10-18 11:02:11.004 E/AndroidRuntime( 4311): java.lang.NullPointerException: Attempt to invoke interface method 'void com.elektrobit.solysagent.fwk.recording.CloseMessageCallback.onCloseMessageProcessed()' on a null object reference
10-18 11:02:11.004 E/AndroidRuntime( 4311): 	at com.elektrobit.solysagent.fwk.recording.WriteHandler.closeFile(WriteHandler.java:84)
10-18 11:02:11.004 E/AndroidRuntime( 4311): 	at com.elektrobit.solysagent.fwk.recording.WriteHandler.handleMessage(WriteHandler.java:113)
10-18 11:02:11.004 E/AndroidRuntime( 4311): 	at android.os.Handler.dispatchMessage(Handler.java:110)
10-18 11:02:11.004 E/AndroidRuntime( 4311): 	at android.os.Looper.loop(Looper.java:203)
10-18 11:02:11.004 E/AndroidRuntime( 4311): 	at android.os.HandlerThread.run(HandlerThread.java:61)
10-18 11:05:19.112 E/AndroidRuntime( 4612): FATAL EXCEPTION: HandlerThread
10-18 11:05:19.112 E/AndroidRuntime( 4612): Process: com.elektrobit.solysagent, PID: 4612
10-18 11:05:19.112 E/AndroidRuntime( 4612): java.lang.NullPointerException: Attempt to invoke interface method 'void com.elektrobit.solysagent.fwk.recording.CloseMessageCallback.onCloseMessageProcessed()' on a null object reference
10-18 11:05:19.112 E/AndroidRuntime( 4612): 	at com.elektrobit.solysagent.fwk.recording.WriteHandler.closeFile(WriteHandler.java:84)
10-18 11:05:19.112 E/AndroidRuntime( 4612): 	at com.elektrobit.solysagent.fwk.recording.WriteHandler.handleMessage(WriteHandler.java:113)
10-18 11:05:19.112 E/AndroidRuntime( 4612): 	at android.os.Handler.dispatchMessage(Handler.java:110)
10-18 11:05:19.112 E/AndroidRuntime( 4612): 	at android.os.Looper.loop(Looper.java:203)
10-18 11:05:19.112 E/AndroidRuntime( 4612): 	at android.os.HandlerThread.run(HandlerThread.java:61)
10-18 11:22:08.166 E/AndroidRuntime( 5599): FATAL EXCEPTION: HandlerThread
10-18 11:22:08.166 E/AndroidRuntime( 5599): Process: com.elektrobit.solysagent, PID: 5599
10-18 11:22:08.166 E/AndroidRuntime( 5599): java.lang.NullPointerException: Attempt to invoke interface method 'void com.elektrobit.solysagent.fwk.recording.CloseMessageCallback.onCloseMessageProcessed()' on a null object reference
10-18 11:22:08.166 E/AndroidRuntime( 5599): 	at com.elektrobit.solysagent.fwk.recording.WriteHandler.closeFile(WriteHandler.java:86)
10-18 11:22:08.166 E/AndroidRuntime( 5599): 	at com.elektrobit.solysagent.fwk.recording.WriteHandler.handleMessage(WriteHandler.java:115)
10-18 11:22:08.166 E/AndroidRuntime( 5599): 	at android.os.Handler.dispatchMessage(Handler.java:110)
10-18 11:22:08.166 E/AndroidRuntime( 5599): 	at android.os.Looper.loop(Looper.java:203)
10-18 11:22:08.166 E/AndroidRuntime( 5599): 	at android.os.HandlerThread.run(HandlerThread.java:61)
10-18 11:25:07.724 E/AndroidRuntime( 5782): FATAL EXCEPTION: HandlerThread
10-18 11:25:07.724 E/AndroidRuntime( 5782): Process: com.elektrobit.solysagent, PID: 5782
10-18 11:25:07.724 E/AndroidRuntime( 5782): java.lang.NullPointerException: Attempt to invoke interface method 'void com.elektrobit.solysagent.fwk.recording.CloseMessageCallback.onCloseMessageProcessed()' on a null object reference
10-18 11:25:07.724 E/AndroidRuntime( 5782): 	at com.elektrobit.solysagent.fwk.recording.WriteHandler.closeFile(WriteHandler.java:89)
10-18 11:25:07.724 E/AndroidRuntime( 5782): 	at com.elektrobit.solysagent.fwk.recording.WriteHandler.handleMessage(WriteHandler.java:121)
10-18 11:25:07.724 E/AndroidRuntime( 5782): 	at android.os.Handler.dispatchMessage(Handler.java:110)
10-18 11:25:07.724 E/AndroidRuntime( 5782): 	at android.os.Looper.loop(Looper.java:203)
10-18 11:25:07.724 E/AndroidRuntime( 5782): 	at android.os.HandlerThread.run(HandlerThread.java:61)
10-18 11:43:47.511 E/AndroidRuntime( 5899): FATAL EXCEPTION: HandlerThread
10-18 11:43:47.511 E/AndroidRuntime( 5899): Process: com.elektrobit.solysagent, PID: 5899
10-18 11:43:47.511 E/AndroidRuntime( 5899): java.lang.NullPointerException: Attempt to invoke interface method 'void com.elektrobit.solysagent.fwk.recording.CloseMessageCallback.onCloseMessageProcessed()' on a null object reference
10-18 11:43:47.511 E/AndroidRuntime( 5899): 	at com.elektrobit.solysagent.fwk.recording.WriteHandler.handleMessage(WriteHandler.java:116)
10-18 11:43:47.511 E/AndroidRuntime( 5899): 	at android.os.Handler.dispatchMessage(Handler.java:110)
10-18 11:43:47.511 E/AndroidRuntime( 5899): 	at android.os.Looper.loop(Looper.java:203)
10-18 11:43:47.511 E/AndroidRuntime( 5899): 	at android.os.HandlerThread.run(HandlerThread.java:61)
10-18 12:37:55.346 E/AndroidRuntime( 8352): FATAL EXCEPTION: Test Handler
10-18 12:37:55.346 E/AndroidRuntime( 8352): Process: com.elektrobit.solysagent, PID: 8352
10-18 12:37:55.346 E/AndroidRuntime( 8352): java.lang.NullPointerException: Attempt to invoke interface method 'void com.elektrobit.solysagent.fwk.recording.CloseMessageCallback.onCloseMessageProcessed()' on a null object reference
10-18 12:37:55.346 E/AndroidRuntime( 8352): 	at com.elektrobit.solysagent.fwk.recording.WriteHandler.handleMessage(WriteHandler.java:116)
10-18 12:37:55.346 E/AndroidRuntime( 8352): 	at android.os.Handler.dispatchMessage(Handler.java:110)
10-18 12:37:55.346 E/AndroidRuntime( 8352): 	at android.os.Looper.loop(Looper.java:203)
10-18 12:37:55.346 E/AndroidRuntime( 8352): 	at android.os.HandlerThread.run(HandlerThread.java:61)
10-18 12:38:50.506 E/AndroidRuntime( 8503): FATAL EXCEPTION: Test Handler
10-18 12:38:50.506 E/AndroidRuntime( 8503): Process: com.elektrobit.solysagent, PID: 8503
10-18 12:38:50.506 E/AndroidRuntime( 8503): java.lang.NullPointerException: Attempt to invoke interface method 'void com.elektrobit.solysagent.fwk.recording.CloseMessageCallback.onCloseMessageProcessed()' on a null object reference
10-18 12:38:50.506 E/AndroidRuntime( 8503): 	at com.elektrobit.solysagent.fwk.recording.WriteHandler.handleMessage(WriteHandler.java:116)
10-18 12:38:50.506 E/AndroidRuntime( 8503): 	at android.os.Handler.dispatchMessage(Handler.java:110)
10-18 12:38:50.506 E/AndroidRuntime( 8503): 	at android.os.Looper.loop(Looper.java:203)
10-18 12:38:50.506 E/AndroidRuntime( 8503): 	at android.os.HandlerThread.run(HandlerThread.java:61)
10-18 12:39:25.615 E/AndroidRuntime( 8652): FATAL EXCEPTION: Test Handler
10-18 12:39:25.615 E/AndroidRuntime( 8652): Process: com.elektrobit.solysagent, PID: 8652
10-18 12:39:25.615 E/AndroidRuntime( 8652): java.lang.NullPointerException: Attempt to invoke interface method 'void com.elektrobit.solysagent.fwk.recording.CloseMessageCallback.onCloseMessageProcessed()' on a null object reference
10-18 12:39:25.615 E/AndroidRuntime( 8652): 	at com.elektrobit.solysagent.fwk.recording.WriteHandler.handleMessage(WriteHandler.java:116)
10-18 12:39:25.615 E/AndroidRuntime( 8652): 	at android.os.Handler.dispatchMessage(Handler.java:110)
10-18 12:39:25.615 E/AndroidRuntime( 8652): 	at android.os.Looper.loop(Looper.java:203)
10-18 12:39:25.615 E/AndroidRuntime( 8652): 	at android.os.HandlerThread.run(HandlerThread.java:61)
10-18 12:49:53.517 E/AndroidRuntime( 9128): FATAL EXCEPTION: HandlerThread
10-18 12:49:53.517 E/AndroidRuntime( 9128): Process: com.elektrobit.solysagent, PID: 9128
10-18 12:49:53.517 E/AndroidRuntime( 9128): java.lang.NullPointerException: Attempt to invoke interface method 'void com.elektrobit.solysagent.fwk.recording.CloseMessageCallback.onCloseMessageProcessed()' on a null object reference
10-18 12:49:53.517 E/AndroidRuntime( 9128): 	at com.elektrobit.solysagent.fwk.recording.WriteHandler.handleMessage(WriteHandler.java:116)
10-18 12:49:53.517 E/AndroidRuntime( 9128): 	at android.os.Handler.dispatchMessage(Handler.java:110)
10-18 12:49:53.517 E/AndroidRuntime( 9128): 	at android.os.Looper.loop(Looper.java:203)
10-18 12:49:53.517 E/AndroidRuntime( 9128): 	at android.os.HandlerThread.run(HandlerThread.java:61)
--------- beginning of main
10-23 09:15:05.170 D/SQLiteDatabase(12682): beginTransaction()
10-23 09:15:05.174 D/SQLiteDatabase(12682): endTransaction()
10-23 09:15:05.176 I/Finsky  ( 6229): [1] com.google.android.finsky.scheduler.JobSchedulerEngine$PhoneskyJobSchedulerJobService.onStartJob(7): onJobSchedulerWakeup with jobId 9002
10-23 09:15:05.177 I/wind/AppLockService(30388): pid6823procState6
10-23 09:15:05.177 W/TachyonJobs( 6823): Skipped job duo-load-system-contacts because user is not registered
10-23 09:15:05.178 I/wind/AppLockService(30388): pid30889procState6
10-23 09:15:05.191 I/Finsky  ( 6229): [1] com.google.android.finsky.scheduler.ae.a(39): Scheduling fallback in 43199987 (absolute: 1998369860)
10-23 09:15:05.214 W/art     ( 1091): Suspending all threads took: 13.699ms
10-23 09:15:05.217 E/ActivityManager( 1091): Sending non-protected broadcast com.android.deskclock.ON_QUARTER_HOUR from system uid 1000 pkg com.android.deskclock
10-23 09:15:05.217 E/ActivityManager( 1091): java.lang.Throwable
10-23 09:15:05.217 E/ActivityManager( 1091): 	at com.android.server.am.ActivityManagerService.broadcastIntentLocked(ActivityManagerService.java:18721)
10-23 09:15:05.217 E/ActivityManager( 1091): 	at com.android.server.am.ActivityManagerService.broadcastIntentInPackage(ActivityManagerService.java:19385)
10-23 09:15:05.217 E/ActivityManager( 1091): 	at com.android.server.am.PendingIntentRecord.sendInner(PendingIntentRecord.java:349)
10-23 09:15:05.217 E/ActivityManager( 1091): 	at com.android.server.am.PendingIntentRecord.sendWithResult(PendingIntentRecord.java:246)
10-23 09:15:05.217 E/ActivityManager( 1091): 	at com.android.server.am.ActivityManagerService.sendIntentSender(ActivityManagerService.java:7771)
10-23 09:15:05.217 E/ActivityManager( 1091): 	at android.app.PendingIntent.send(PendingIntent.java:836)
10-23 09:15:05.217 E/ActivityManager( 1091): 	at com.android.server.AlarmManagerService$DeliveryTracker.deliverLocked(AlarmManagerService.java:3506)
10-23 09:15:05.217 E/ActivityManager( 1091): 	at com.android.server.AlarmManagerService.deliverAlarmsLocked(AlarmManagerService.java:2904)
10-23 09:15:05.217 E/ActivityManager( 1091): 	at com.android.server.AlarmManagerService$AlarmThread.run(AlarmManagerService.java:3050)
10-23 09:15:05.226 D/AES     ( 1091): onEndOfErrorDumpThread: system_server_wtf Process: system_server
10-23 09:15:05.226 D/AES     ( 1091): Subject: ActivityManager
10-23 09:15:05.226 D/AES     ( 1091): Build: Gigaset/GS270/Gigaset_GS270:7.0/NRD90M/1525786045:user/release-keys
10-23 09:15:05.226 D/AES     ( 1091): 
10-23 09:15:05.226 D/AES     ( 1091): android.util.Log$TerribleFailure: Sending non-protected broadcast com.android.deskclock.ON_QUARTER_HOUR from system uid 1000 pkg com.android.deskclock
10-23 09:15:05.226 D/AES     ( 1091): 	at android.util.Log.wtf(Log.java:295)
10-23 09:15:05.226 D/AES     ( 1091): 	at android.util.Log.wtf(Log.java:290)
10-23 09:15:05.226 D/AES     ( 1091): 	at com.android.server.am.ActivityManagerService.broadcastIntentLocked(ActivityManagerService.java:18718)
10-23 09:15:05.226 D/AES     ( 1091): 	at com.android.server.am.ActivityManagerService.broadcastIntentInPackage(ActivityManagerService.java:19385)
10-23 09:15:05.226 D/AES     ( 1091): 	at com.android.server.am.PendingIntentRecord.sendInner(PendingIntentRecord.java:349)
10-23 09:15:05.226 D/AES     ( 1091): 	at com.android.server.am.PendingIntentRecord.sendWithResult(PendingIntentRecord.java:246)
10-23 09:15:05.226 D/AES     ( 1091): 	at com.android.server.am.ActivityManagerService.sendIntentSender(ActivityManagerService.java:7771)
10-23 09:15:05.226 D/AES     ( 1091): 	at android.app.PendingIntent.send(PendingIntent.java:836)
10-23 09:15:05.226 D/AES     ( 1091): 	at com.android.server.AlarmManagerService$DeliveryTracker.deliverLocked(AlarmManagerService.java:3506)
10-23 09:15:05.226 D/AES     ( 1091): 	at com.android.server.AlarmManagerService.deliverAlarmsLocked(AlarmManagerService.java:2904)
10-23 09:15:05.226 D/AES     ( 1091): 	at com.android.server.AlarmManagerService$AlarmThread.run(AlarmManagerService.java:3050)
10-23 09:15:05.226 D/AES     ( 1091): Caused by: java.lang.Throwable
10-23 09:15:05.226 D/AES     ( 1091): 	at com.android.server.am.ActivityManagerService.broadcastIntentLocked(ActivityManagerService.java:18721)
10-23 09:15:05.226 D/AES     ( 1091): 	... 8 more
10-23 09:15:05.226 D/AES     ( 1091):  1091
10-23 09:15:05.226 W/AES     ( 1091): Exception Log handling...
10-23 09:15:05.233 I/art     ( 1091): Background sticky concurrent mark sweep GC freed 42011(5MB) AllocSpace objects, 6(272KB) LOS objects, 4% free, 66MB/68MB, paused 17.036ms total 91.055ms
10-23 09:15:05.236 I/Icing   ( 5704): Indexing com.google.android.apps.docs-internal.3p:DigitalDocument from com.google.android.apps.docs
10-23 09:15:05.311 I/Finsky  ( 6229): [1] com.google.android.finsky.scheduler.ae.a(39): Scheduling fallback in 64799883 (absolute: 2019969875)
10-23 09:15:05.311 D/SQLiteDatabase( 1091): beginTransaction()
10-23 09:15:05.314 D/SQLiteDatabase( 1091): endTransaction()
10-23 09:15:05.316 D/KeyguardUpdateMonitor( 1537): received broadcast android.intent.action.TIME_TICK
10-23 09:15:05.317 D/KeyguardUpdateMonitor( 1537): handleTimeUpdate
10-23 09:15:05.337 I/Icing   ( 5704): Indexing done com.google.android.apps.docs-internal.3p:DigitalDocument
10-23 09:15:05.346 I/AccountManagerService( 1091): the accounts changed, sending broadcast of android.accounts.LOGIN_ACCOUNTS_CHANGED
10-23 09:15:05.356 I/Icing   ( 5704): Removing corpus key com.google.android.apps.docs-internal.3p:PresentationDigitalDocument for package com.google.android.apps.docs
10-23 09:15:05.364 D/AppOps  ( 1091): startOperation: allowing code 40 uid 1000 package android
10-23 09:15:05.364 D/SQLiteDatabase(12682): beginTransaction()
10-23 09:15:05.370 D/SQLiteDatabase(12682): endTransaction()
10-23 09:15:05.373 I/wind/AppLockService(30388): pid6905procState11
10-23 09:15:05.381 I/wind/AppLockService(30388): pid6823procState10
10-23 09:15:05.382 D/MusicLifecycle( 6386): com.google.android.music.awareness.AwarenessRouter$2 generated event: Broadcast received with context com.google.android.music.ui.PhoneMusicApplication@c1cb0d5 and intent Intent { act=android.accounts.LOGIN_ACCOUNTS_CHANGED flg=0x4000010 }
10-23 09:15:05.383 D/ContactsProvider(29516): performBackgroundTask()+ **** task=3
10-23 09:15:05.387 D/ConnectivityService( 1091): allowed status for uid 10012 when rule is 1 (ALLOW_METERED): true
10-23 09:15:05.388 D/CalendarProvider2( 6640): onAccountsUpdated()
10-23 09:15:05.392 I/wind/AppLockService(30388): pid30889procState13
10-23 09:15:05.392 I/wind/AppLockService(30388): pid6823procState16
10-23 09:15:05.392 D/ContactsApp/AccountTypeManager(29655): loadAccountsInBackground()+
10-23 09:15:05.393 D/SQLiteDatabase( 6640): beginTransaction()
10-23 09:15:05.394 I/FetchOptInStatusTask(12253): Audio History Disabled: Deleting model
10-23 09:15:05.398 D/MusicLifecycle( 6386): com.google.android.music.eventlog.MusicEventLogger$1 generated event: Broadcast received with context com.google.android.music.ui.PhoneMusicApplication@c1cb0d5 and intent Intent { act=android.accounts.LOGIN_ACCOUNTS_CHANGED flg=0x4000010 }
10-23 09:15:05.398 D/SQLiteDatabase( 6640): endTransaction()
10-23 09:15:05.400 D/SQLiteDatabase(30889): beginTransaction()
10-23 09:15:05.402 D/ConnectivityService( 1091): allowed status for uid 10012 when rule is 1 (ALLOW_METERED): true
10-23 09:15:05.402 D/ContactsApp/AccountTypeManager(29655): the AuthenticatorDescription [] auths = [Landroid.accounts.AuthenticatorDescription;@1878a32
10-23 09:15:05.402 D/ContactsApp/AccountTypeManager(29655): the   type is com.android.exchange the auth is = AuthenticatorDescription {type=com.android.exchange}
10-23 09:15:05.405 D/SQLiteDatabase(12682): beginTransaction()
10-23 09:15:05.409 D/SQLiteDatabase(30889): endTransaction()
10-23 09:15:05.409 D/AppOps  ( 1091): startOperation: allowing code 40 uid 1000 package android
10-23 09:15:05.413 D/MPlugin (29655): com.mediatek.common.telephony.IOnlyOwnerSimSupportClazz exists on mapping table : false
10-23 09:15:05.413 E/MPlugin (29655): Unsupported class: com.mediatek.common.telephony.IOnlyOwnerSimSupport
10-23 09:15:05.414 D/SQLiteDatabase(12253): beginTransaction()
10-23 09:15:05.416 D/SQLiteDatabase(12253): endTransaction()
10-23 09:15:05.418 D/SQLiteDatabase(12682): endTransaction()
10-23 09:15:05.420 D/SQLiteDatabase(12682): beginTransaction()
10-23 09:15:05.421 W/System  ( 6905): ClassLoader referenced unknown path: /system/app/DeskClock/lib/arm64
10-23 09:15:05.427 W/art     (12253): Suspending all threads took: 5.601ms
10-23 09:15:05.429 D/SQLiteDatabase(12682): endTransaction()
10-23 09:15:05.434 D/SQLiteDatabase(12682): beginTransaction()
10-23 09:15:05.436 D/ContactsApp/AccountTypeManager(29655): the AuthenticatorDescription [] auths = [Landroid.accounts.AuthenticatorDescription;@1878a32
10-23 09:15:05.436 D/ContactsApp/AccountTypeManager(29655): the   type is com.google.android.apps.tachyon the auth is = AuthenticatorDescription {type=com.google.android.apps.tachyon}
10-23 09:15:05.436 D/ContactsApp/AccountTypeManager(29655): Registering external account type=com.google.android.apps.tachyon, packageName=com.google.android.apps.tachyon
10-23 09:15:05.437 D/ConnectivityService( 1091): allowed status for uid 10020 when rule is 0 (NONE): true
10-23 09:15:05.437 D/AppOps  ( 1091): startOperation: allowing code 40 uid 1000 package android
10-23 09:15:05.442 D/ConnectivityService( 1091): allowed status for uid 10012 when rule is 1 (ALLOW_METERED): true
10-23 09:15:05.443 D/AppOps  ( 1091): startOperation: allowing code 40 uid 1000 package android
10-23 09:15:05.445 D/ConnectivityService( 1091): allowed status for uid 10020 when rule is 0 (NONE): true
10-23 09:15:05.446 D/SQLiteDatabase(12682): endTransaction()
10-23 09:15:05.447 D/SQLiteDatabase(12682): beginTransaction()
10-23 09:15:05.447 I/art     ( 1091): Background sticky concurrent mark sweep GC freed 27644(3MB) AllocSpace objects, 5(208KB) LOS objects, 3% free, 66MB/68MB, paused 5.705ms total 52.803ms
10-23 09:15:05.449 D/ContactsApp/ExternalAccountType(29655): Metadata loaded from: com.google.android.apps.tachyon, com.google.android.apps.tachyon.contacts.sync.SyncService, android.provider.CONTACTS_STRUCTURE
10-23 09:15:05.450 D/SQLiteDatabase(12682): endTransaction()
10-23 09:15:05.450 W/ResourceType(29655): For resource 0x7f0800f8, entry index(248) is beyond type entryCount(16)
10-23 09:15:05.450 W/ResourceType(29655): Failure getting entry for 0x7f0800f8 (t=7 e=248) (error -75)
10-23 09:15:05.450 W/ResourceType(29655): For resource 0x7f0800f8, entry index(248) is beyond type entryCount(16)
10-23 09:15:05.450 W/ResourceType(29655): Failure getting entry for 0x7f0800f8 (t=7 e=248) (error -75)
10-23 09:15:05.451 D/ContactsApp/ExternalAccountType(29655): [resolveExternalResId]resourceName = null,packageName = com.google.android.apps.tachyon,xmlAttributeName = inviteContactActionLabel
10-23 09:15:05.451 D/ContactsApp/ExternalAccountType(29655): [resolveExternalResId]resourceName = null,packageName = com.google.android.apps.tachyon,xmlAttributeName = viewGroupActionLabel
10-23 09:15:05.451 D/ContactsApp/ExternalAccountType(29655): [resolveExternalResId]resourceName = null,packageName = com.google.android.apps.tachyon,xmlAttributeName = accountTypeLabel
10-23 09:15:05.451 D/ContactsApp/ExternalAccountType(29655): [resolveExternalResId]resourceName = null,packageName = com.google.android.apps.tachyon,xmlAttributeName = accountTypeIcon
10-23 09:15:05.455 D/SQLiteDatabase( 5704): beginTransaction()
10-23 09:15:05.455 D/ContactsProvider(29516): performBackgroundTask()- **** task=3
10-23 09:15:05.455 D/ContactsApp/AccountTypeManager(29655): the AuthenticatorDescription [] auths = [Landroid.accounts.AuthenticatorDescription;@1878a32
10-23 09:15:05.455 D/ContactsApp/AccountTypeManager(29655): the   type is com.google.android.gm.exchange the auth is = AuthenticatorDescription {type=com.google.android.gm.exchange}
10-23 09:15:05.455 D/MPlugin (29655): com.mediatek.common.telephony.IOnlyOwnerSimSupportClazz exists on mapping table : false
10-23 09:15:05.455 E/MPlugin (29655): Unsupported class: com.mediatek.common.telephony.IOnlyOwnerSimSupport
10-23 09:15:05.461 D/SQLiteDatabase( 5704): endTransaction()
10-23 09:15:05.464 W/SearchServiceCore(12253): Abort, client detached.
10-23 09:15:05.464 W/SearchServiceCore(12253): Abort, client detached.
10-23 09:15:05.464 W/SearchServiceCore(12253): Abort, client detached.
10-23 09:15:05.482 D/ContactsApp/AccountTypeManager(29655): the AuthenticatorDescription [] auths = [Landroid.accounts.AuthenticatorDescription;@1878a32
10-23 09:15:05.482 D/ContactsApp/AccountTypeManager(29655): the   type is org.thoughtcrime.securesms the auth is = AuthenticatorDescription {type=org.thoughtcrime.securesms}
10-23 09:15:05.482 D/ContactsApp/AccountTypeManager(29655): Registering external account type=org.thoughtcrime.securesms, packageName=org.thoughtcrime.securesms
10-23 09:15:05.483 I/art     ( 6905): Starting a blocking GC HeapTrim
10-23 09:15:05.487 D/ContactsApp/ExternalAccountType(29655): Metadata loaded from: org.thoughtcrime.securesms, org.thoughtcrime.securesms.service.ContactsSyncAdapterService, android.provider.CONTACTS_STRUCTURE
10-23 09:15:05.487 D/ContactsApp/ExternalAccountType(29655): [resolveExternalResId]resourceName = null,packageName = org.thoughtcrime.securesms,xmlAttributeName = inviteContactActionLabel
10-23 09:15:05.488 D/ContactsApp/ExternalAccountType(29655): [resolveExternalResId]resourceName = null,packageName = org.thoughtcrime.securesms,xmlAttributeName = viewGroupActionLabel
10-23 09:15:05.488 D/ContactsApp/ExternalAccountType(29655): [resolveExternalResId]resourceName = null,packageName = org.thoughtcrime.securesms,xmlAttributeName = accountTypeLabel
10-23 09:15:05.488 D/ContactsApp/ExternalAccountType(29655): [resolveExternalResId]resourceName = null,packageName = org.thoughtcrime.securesms,xmlAttributeName = accountTypeIcon
10-23 09:15:05.488 D/ContactsApp/AccountTypeManager(29655): the AuthenticatorDescription [] auths = [Landroid.accounts.AuthenticatorDescription;@1878a32
10-23 09:15:05.488 D/ContactsApp/AccountTypeManager(29655): the   type is de.gmx.mobile.android.mail.ACCOUNT the auth is = AuthenticatorDescription {type=de.gmx.mobile.android.mail.ACCOUNT}
10-23 09:15:05.488 D/ContactsApp/AccountTypeManager(29655): Registering external account type=de.gmx.mobile.android.mail.ACCOUNT, packageName=de.gmx.mobile.android.mail
10-23 09:15:05.491 D/ContactsApp/ExternalAccountType(29655): Metadata loaded from: de.gmx.mobile.android.mail, com.unitedinternet.davsync.syncservice.carddav.CardDavSyncService, android.provider.CONTACTS_STRUCTURE
10-23 09:15:05.491 D/AwarenessRouter( 6386): 0 new fences
10-23 09:15:05.491 D/ContactsApp/BaseAccountType(29655): Adding DataKind: vnd.android.cursor.item/name
10-23 09:15:05.491 D/ContactsApp/BaseAccountType(29655): Adding DataKind: #displayName
10-23 09:15:05.491 D/ContactsApp/BaseAccountType(29655): Adding DataKind: #phoneticName
10-23 09:15:05.491 D/ContactsApp/BaseAccountType(29655): Adding DataKind: vnd.android.cursor.item/photo
10-23 09:15:05.495 D/ContactsApp/BaseAccountType(29655): Adding DataKind: vnd.android.cursor.item/phone_v2
10-23 09:15:05.495 D/ContactsApp/BaseAccountType(29655): Adding DataKind: vnd.android.cursor.item/email_v2
10-23 09:15:05.496 D/ContactsApp/BaseAccountType(29655): Adding DataKind: vnd.android.cursor.item/nickname
10-23 09:15:05.496 D/ContactsApp/BaseAccountType(29655): Adding DataKind: vnd.android.cursor.item/im
10-23 09:15:05.496 D/ContactsApp/BaseAccountType(29655): Adding DataKind: vnd.android.cursor.item/postal-address_v2
10-23 09:15:05.496 D/ContactsApp/BaseAccountType(29655): Adding DataKind: vnd.android.cursor.item/organization
10-23 09:15:05.496 D/ContactsApp/BaseAccountType(29655): Adding DataKind: vnd.android.cursor.item/website
10-23 09:15:05.496 D/ContactsApp/BaseAccountType(29655): Adding DataKind: vnd.android.cursor.item/note
10-23 09:15:05.496 D/ContactsApp/BaseAccountType(29655): Adding DataKind: vnd.android.cursor.item/group_membership
10-23 09:15:05.496 D/ContactsApp/BaseAccountType(29655): Adding DataKind: vnd.android.cursor.item/contact_event
10-23 09:15:05.496 D/ContactsApp/ExternalAccountType(29655): [resolveExternalResId]resourceName = null,packageName = de.gmx.mobile.android.mail,xmlAttributeName = inviteContactActionLabel
10-23 09:15:05.496 D/ContactsApp/ExternalAccountType(29655): [resolveExternalResId]resourceName = null,packageName = de.gmx.mobile.android.mail,xmlAttributeName = viewGroupActionLabel
10-23 09:15:05.496 D/ContactsApp/ExternalAccountType(29655): [resolveExternalResId]resourceName = null,packageName = de.gmx.mobile.android.mail,xmlAttributeName = accountTypeLabel
10-23 09:15:05.496 D/ContactsApp/ExternalAccountType(29655): [resolveExternalResId]resourceName = null,packageName = de.gmx.mobile.android.mail,xmlAttributeName = accountTypeIcon
10-23 09:15:05.496 D/ContactsApp/AccountTypeManager(29655): the AuthenticatorDescription [] auths = [Landroid.accounts.AuthenticatorDescription;@1878a32
10-23 09:15:05.496 D/ContactsApp/AccountTypeManager(29655): the   type is com.google.android.gms.matchstick the auth is = AuthenticatorDescription {type=com.google.android.gms.matchstick}
10-23 09:15:05.497 D/ContactsApp/AccountTypeManager(29655): Registering external account type=com.google.android.gms.matchstick, packageName=com.google.android.gms
10-23 09:15:05.505 D/ContactsApp/ExternalAccountType(29655): Metadata loaded from: com.google.android.gms, com.google.android.gms.matchstick.contacts.sync.TachystickSyncService, android.provider.CONTACTS_STRUCTURE
10-23 09:15:05.505 W/ResourceType(29655): For resource 0x7f02040c, entry index(1036) is beyond type entryCount(182)
10-23 09:15:05.505 W/ResourceType(29655): Failure getting entry for 0x7f02040c (t=1 e=1036) (error -75)
10-23 09:15:05.506 W/ResourceType(29655): For resource 0x7f02040c, entry index(1036) is beyond type entryCount(182)
10-23 09:15:05.506 W/ResourceType(29655): Failure getting entry for 0x7f02040c (t=1 e=1036) (error -75)
10-23 09:15:05.506 D/ContactsApp/ExternalAccountType(29655): [resolveExternalResId]resourceName = null,packageName = com.google.android.gms,xmlAttributeName = inviteContactActionLabel
10-23 09:15:05.506 D/ContactsApp/ExternalAccountType(29655): [resolveExternalResId]resourceName = null,packageName = com.google.android.gms,xmlAttributeName = viewGroupActionLabel
10-23 09:15:05.506 D/ContactsApp/ExternalAccountType(29655): [resolveExternalResId]resourceName = null,packageName = com.google.android.gms,xmlAttributeName = accountTypeLabel
10-23 09:15:05.506 D/ContactsApp/ExternalAccountType(29655): [resolveExternalResId]resourceName = null,packageName = com.google.android.gms,xmlAttributeName = accountTypeIcon
10-23 09:15:05.506 D/ContactsApp/AccountTypeManager(29655): the AuthenticatorDescription [] auths = [Landroid.accounts.AuthenticatorDescription;@1878a32
10-23 09:15:05.506 D/ContactsApp/AccountTypeManager(29655): the   type is com.google the auth is = AuthenticatorDescription {type=com.google}
10-23 09:15:05.506 D/MPlugin (29655): com.mediatek.common.telephony.IOnlyOwnerSimSupportClazz exists on mapping table : false
10-23 09:15:05.507 E/MPlugin (29655): Unsupported class: com.mediatek.common.telephony.IOnlyOwnerSimSupport
10-23 09:15:05.509 E/GED     ( 1950): Failed to execute ioctl 3222824709, BridgeID(5), err(-1)
10-23 09:15:05.510 E/GasService( 1950): Error on query GED info, err=1
10-23 09:15:05.510 I/ContactsApp/SimAccountType(29655): [SimAccountType]resPackageName:null
10-23 09:15:05.510 I/ContactsApp/UsimAccountType(29655): [UsimAccountType]resPackageName:null
10-23 09:15:05.510 E/ContactsApp/UsimAccountType(29655): [addDataKindEmail]for AAS.
10-23 09:15:05.510 I/ContactsApp/LocalPhoneAccountType(29655): [LocalPhoneAccountType]resPackageName:null
10-23 09:15:05.511 D/MPlugin (29655): com.mediatek.common.telephony.IOnlyOwnerSimSupportClazz exists on mapping table : false
10-23 09:15:05.511 E/MPlugin (29655): Unsupported class: com.mediatek.common.telephony.IOnlyOwnerSimSupport
10-23 09:15:05.512 I/ContactsApp/LocalPhoneAccountType(29655): [LocalPhoneAccountType]isVoiceCapable = true,isVoipSupported = false
10-23 09:15:05.512 I/ContactsApp/UimAccountType(29655): [UimAccountType]resPackageName:null
10-23 09:15:05.513 I/ContactsApp/CsimAccountType(29655): [CsimAccountType]resPackageName:null
10-23 09:15:05.513 E/ContactsApp/CsimAccountType(29655): [addDataKindEmail]for AAS.
10-23 09:15:05.513 D/ContactsApp/AccountTypeManager(29655): Registering 1 extension packages
10-23 09:15:05.522 D/AwarenessRouter( 6386): 0 fences already registered
10-23 09:15:05.524 D/ContactsApp/ExternalAccountType(29655): Metadata loaded from: com.google.android.gms, com.google.android.gms.matchstick.contacts.sync.TachystickSyncService, android.provider.CONTACTS_STRUCTURE
10-23 09:15:05.524 W/ResourceType(29655): For resource 0x7f02040c, entry index(1036) is beyond type entryCount(182)
10-23 09:15:05.524 W/ResourceType(29655): Failure getting entry for 0x7f02040c (t=1 e=1036) (error -75)
10-23 09:15:05.524 W/ResourceType(29655): For resource 0x7f02040c, entry index(1036) is beyond type entryCount(182)
10-23 09:15:05.524 W/ResourceType(29655): Failure getting entry for 0x7f02040c (t=1 e=1036) (error -75)
10-23 09:15:05.524 D/ContactsApp/ExternalAccountType(29655): [resolveExternalResId]resourceName = null,packageName = com.google.android.gms,xmlAttributeName = inviteContactActionLabel
10-23 09:15:05.524 D/ContactsApp/ExternalAccountType(29655): [resolveExternalResId]resourceName = null,packageName = com.google.android.gms,xmlAttributeName = viewGroupActionLabel
10-23 09:15:05.524 D/ContactsApp/ExternalAccountType(29655): [resolveExternalResId]resourceName = null,packageName = com.google.android.gms,xmlAttributeName = accountTypeLabel
10-23 09:15:05.524 D/ContactsApp/ExternalAccountType(29655): [resolveExternalResId]resourceName = null,packageName = com.google.android.gms,xmlAttributeName = accountTypeIcon
10-23 09:15:05.524 W/ContactsApp/AccountTypeManager(29655): Skipping extension package com.google.android.gms because the CONTACTS_STRUCTURE metadata doesn't have the accountType attribute
10-23 09:15:05.527 D/ConnectivityService( 1091): allowed status for uid 10012 when rule is 1 (ALLOW_METERED): true
10-23 09:15:05.527 D/ConnectivityService( 1091): allowed status for uid 10020 when rule is 0 (NONE): true
10-23 09:15:05.528 D/AppOps  ( 1091): startOperation: allowing code 40 uid 1000 package android
10-23 09:15:05.530 D/ConnectivityService( 1091): allowed status for uid 10020 when rule is 0 (NONE): true
10-23 09:15:05.536 D/AwarenessRouter( 6386): Successfully removed 0 context fences
10-23 09:15:05.536 W/TaskServiceHelper(12253): Not enough time has passed between starts of two UPLOAD_HOTWORD_SETTINGS periodic tasks.
10-23 09:15:05.539 I/Finsky  ( 6229): [1] com.google.android.finsky.scheduler.am.handleMessage(16): DeviceState: DeviceState{currentTime=1540278905523, isCharging=true, isIdle=true, netAny=true, netNotRoaming=true, netUnmetered=true}
10-23 09:15:05.540 D/SQLiteDatabase(12682): beginTransaction()
10-23 09:15:05.546 D/SQLiteDatabase(12682): endTransaction()
10-23 09:15:05.551 D/SQLiteDatabase(12682): beginTransaction()
10-23 09:15:05.553 I/ContactsApp/AccountTypeManagerEx(29655): [loadIccAccount]subscriptionInfoList: [{id=1, iccId=894920241XXXXXXXXXXX simSlotIndex=0 displayName=Vodafone.de carrierName=klarmobil nameSource=0 iconTint=-16746133 dataRoaming=0 iconBitmap=android.graphics.Bitmap@77d4383 mcc 262 mnc 2 SimProvisioningStatus 0}]
10-23 09:15:05.556 D/SQLiteDatabase(12682): endTransaction()
10-23 09:15:05.560 D/ConnectivityService( 1091): allowed status for uid 10012 when rule is 1 (ALLOW_METERED): true
10-23 09:15:05.561 D/ConnectivityService( 1091): allowed status for uid 10026 when rule is 0 (NONE): true
10-23 09:15:05.561 D/MPlugin ( 1091): com.mediatek.common.telephony.IOnlyOwnerSimSupportClazz exists on mapping table : false
10-23 09:15:05.561 E/MPlugin ( 1091): Unsupported class: com.mediatek.common.telephony.IOnlyOwnerSimSupport
10-23 09:15:05.562 D/AppOps  ( 1091): startOperation: allowing code 40 uid 1000 package android
10-23 09:15:05.564 I/Finsky  ( 6229): [1] com.google.android.finsky.scheduler.bp.a(66): Jobs in database: 1-1337 4-821848295 26-1414141414 
10-23 09:15:05.570 D/PhoneInterfaceManagerEx( 1752): [PhoneIntfMgrEx] [isPhbReady] phoneType is: 1
10-23 09:15:05.570 D/PhoneInterfaceManagerEx( 1752): [PhoneIntfMgrEx] [isPhbReady] subId:1, slotId: 0, isPhbReady: true,strSimState: READY,ABSENT
10-23 09:15:05.570 D/ContactsApp/SimCardUtils(29655): [isPhoneBookReady]subId:1, isPbReady:true
10-23 09:15:05.570 I/ContactsApp/AccountTypeManagerEx(29655): [loadIccAccount]subId: 1,phbReady:true
10-23 09:15:05.571 D/ContactsApp/AccountTypeManagerEx(29655): [addIccAccount] add Icc Account, subId: 1
10-23 09:15:05.571 D/PhoneInterfaceManagerEx( 1752): [PhoneIntfMgrEx] getIccCardType  subId=1
10-23 09:15:05.572 D/ContactsApp/SimCardUtils(29655): [getIccCardType]subId:1,iccCardType:USIM
10-23 09:15:05.572 D/ContactsApp/AccountTypeManagerEx(29655): [getAccountNameUsingSubId]subId:1,iccCardType =USIM,accountName:USIM1
10-23 09:15:05.572 D/PhoneInterfaceManagerEx( 1752): [PhoneIntfMgrEx] getIccCardType  subId=1
10-23 09:15:05.573 D/ContactsApp/SimCardUtils(29655): [getSimTypeBySubId]subId:1,simType:1
10-23 09:15:05.573 D/ContactsApp/AccountTypeManagerEx(29655): [getAccountTypeUsingSubId]subId:1,AccountType:USIM Account
10-23 09:15:05.574 I/ContactsApp/AccountWithDataSetEx(29655): [AccountWithDataSetEx]name:USIM1,type:USIM Account,subId:-1,dataSet = null
10-23 09:15:05.574 I/ContactsApp/AccountWithDataSetEx(29655): [AccountWithDataSetEx]name:USIM1,type:USIM Account,subId:1
10-23 09:15:05.574 I/ContactsApp/AccountWithDataSetEx(29655): [AccountWithDataSetEx]name:USIM1,type:USIM Account,subId:-1,dataSet = null
10-23 09:15:05.574 I/ContactsApp/AccountWithDataSetEx(29655): [AccountWithDataSetEx]name:USIM1,type:USIM Account,subId:1
10-23 09:15:05.574 D/PhoneInterfaceManagerEx( 1752): [PhoneIntfMgrEx] getIccCardType  subId=1
10-23 09:15:05.575 D/ContactsApp/SimCardUtils(29655): [isSimUsimType]subId:1,isUsim:true
10-23 09:15:05.575 I/ContactsApp/AccountWithDataSetEx(29655): [AccountWithDataSetEx]name:USIM1,type:USIM Account,subId:-1,dataSet = null
10-23 09:15:05.576 I/ContactsApp/AccountWithDataSetEx(29655): [AccountWithDataSetEx]name:USIM1,type:USIM Account,subId:1
10-23 09:15:05.576 D/ContactsApp/AccountTypeManagerEx(29655): [addIccAccount] new AccountWithDataSetEx, AccountName:USIM1, AccountType: USIM Account
10-23 09:15:05.576 I/ContactsApp/AccountTypeManagerEx(29655): [addLocalAccount] isAddTabletAccount: false
10-23 09:15:05.579 W/SearchServiceCore(12253): Abort, client detached.
10-23 09:15:05.579 W/SearchServiceCore(12253): Abort, client detached.
10-23 09:15:05.581 I/ContactsApp/AccountTypeManager(29655): Loaded meta-data for 12 account types, 4 accounts in 188ms(wall) 33ms(cpu)
10-23 09:15:05.581 I/ContactsApp/AccountTypeManager(29655): loadAccountsInBackground()-
10-23 09:15:05.582 I/wind/AppLockService(30388): pid6245procState3
10-23 09:15:05.585 D/ConnectivityService( 1091): allowed status for uid 10026 when rule is 0 (NONE): true
10-23 09:15:05.592 I/art     ( 1091): Background sticky concurrent mark sweep GC freed 31799(3MB) AllocSpace objects, 5(176KB) LOS objects, 3% free, 66MB/68MB, paused 12.666ms total 57.004ms
10-23 09:15:05.609 V/NetworkPolicy( 1091): updateRuleForRestrictBackgroundLocked(10009): isForeground=true, isBlacklisted=false, isWhitelisted=true, oldRule=0 (NONE), newRule=1 (ALLOW_METERED), newUidRules=1 (ALLOW_METERED), oldUidRules=0 (NONE)
10-23 09:15:05.609 V/NetworkPolicy( 1091): handleMessage(): msg=1
10-23 09:15:05.609 V/NetworkPolicy( 1091): updateRulesForNonMeteredNetworksLocked(10009), isIdle: false, mRestrictPower: false, mDeviceIdleMode: false, isForeground=true, isWhitelisted=true, oldRule=0 (NONE), newRule=0 (NONE), newUidRules=1 (ALLOW_METERED), oldUidRules=1 (ALLOW_METERED)
10-23 09:15:05.611 D/ConnectivityService( 1091): allowed status for uid 10090 when rule is 0 (NONE): true
10-23 09:15:05.613 D/ConnectivityService( 1091): allowed status for uid 10026 when rule is 0 (NONE): true
10-23 09:15:05.614 W/TaskServiceHelper(12253): Not enough time has passed between starts of two UPLOAD_AUDIO_LOGS periodic tasks.
10-23 09:15:05.616 D/SQLiteDatabase( 6229): beginTransaction()
10-23 09:15:05.617 I/Finsky  ( 6229): [1] com.google.android.finsky.scheduler.ah.a(59): Running job: 4-821848295
10-23 09:15:05.620 D/SQLiteDatabase( 6229): endTransaction()
10-23 09:15:05.631 D/SQLiteDatabase( 6229): beginTransaction()
10-23 09:15:05.634 D/SQLiteDatabase( 6229): endTransaction()
10-23 09:15:05.660 D/ConnectivityService( 1091): allowed status for uid 10026 when rule is 0 (NONE): true
10-23 09:15:05.662 I/Finsky  ( 6229): [1] com.google.android.finsky.updatechecker.impl.ReschedulerUsingPhoneskySchedulerPostL$AutoUpdatePostLPhoneskyJob.a(8): JobScheduler invoked, loading libraries.
10-23 09:15:05.663 W/TaskServiceHelper(12253): Not enough time has passed between starts of two UPDATE_GSERVICES_CONFIG periodic tasks.
10-23 09:15:05.664 D/AppOps  ( 1091): startOperation: allowing code 40 uid 10020 package com.android.vending
10-23 09:15:05.670 I/Finsky  ( 6229): [1] com.google.android.finsky.scheduler.ah.a(105): RunningQueue size: 1, PendingQueue size: 0
10-23 09:15:05.670 D/WifiStateMachine( 1091):  ConnectedState CMD_GET_CONFIGURED_NETWORKS uid=1000  rt=468310310/1955170352 1000 0 num=4
10-23 09:15:05.670 D/WifiStateMachine( 1091):  L2ConnectedState CMD_GET_CONFIGURED_NETWORKS uid=1000  rt=468310311/1955170352 1000 0 num=4
10-23 09:15:05.670 D/WifiStateMachine( 1091):  ConnectModeState CMD_GET_CONFIGURED_NETWORKS uid=1000  rt=468310311/1955170352 1000 0 num=4
10-23 09:15:05.670 I/Finsky  ( 6229): [1] com.google.android.finsky.scheduler.ah.a(116): Running queue: 4-821848295 
10-23 09:15:05.672 V/SettingsBackupAgent( 1091):   + setting WPA_PSK bit
10-23 09:15:05.684 D/AppOps  ( 1091): startOperation: allowing code 40 uid 1000 package android
10-23 09:15:05.690 I/wind/AppLockService(30388): pid6386procState7
10-23 09:15:05.697 D/ConnectivityService( 1091): allowed status for uid 10020 when rule is 0 (NONE): true
10-23 09:15:05.698 D/ConnectivityService( 1091): allowed status for uid 10020 when rule is 0 (NONE): true
10-23 09:15:05.699 D/ConnectivityService( 1091): allowed status for uid 10020 when rule is 0 (NONE): true
10-23 09:15:05.700 D/ConnectivityService( 1091): allowed status for uid 10020 when rule is 0 (NONE): true
10-23 09:15:05.705 I/BgTaskExecutorImpl(12253): Starting EXCLUSIVE background task NOW_UPDATE_GCM_REGISTRATION.
10-23 09:15:05.707 I/wind/AppLockService(30388): pid6245procState10
10-23 09:15:05.708 V/NetworkPolicy( 1091): updateRuleForRestrictBackgroundLocked(10009): isForeground=false, isBlacklisted=false, isWhitelisted=true, oldRule=1 (ALLOW_METERED), newRule=0 (NONE), newUidRules=0 (NONE), oldUidRules=1 (ALLOW_METERED)
10-23 09:15:05.708 V/NetworkPolicy( 1091): updateRulesForNonMeteredNetworksLocked(10009), isIdle: false, mRestrictPower: false, mDeviceIdleMode: false, isForeground=false, isWhitelisted=true, oldRule=0 (NONE), newRule=0 (NONE), newUidRules=0 (NONE), oldUidRules=0 (NONE)
10-23 09:15:05.708 V/NetworkPolicy( 1091): handleMessage(): msg=1
10-23 09:15:05.716 W/TaskServiceHelper(12253): Not enough time has passed between starts of two FETCH_OPT_IN_STATUSES periodic tasks.
10-23 09:15:05.723 I/OptInChecker(12253): Sidekick thinks 1 is Eligible = true
10-23 09:15:05.724 I/OptInChecker(12253): Sidekick thinks 2 is Eligible = true
10-23 09:15:05.725 I/OptInChecker(12253): Sidekick thinks 4 is Eligible = true
10-23 09:15:05.725 I/OptInChecker(12253): Sidekick thinks 5 is Eligible = true
10-23 09:15:05.725 I/OptInChecker(12253): Sidekick thinks 6 is Eligible = true
10-23 09:15:05.725 I/OptInChecker(12253): Sidekick thinks 7 is Eligible = true
10-23 09:15:05.725 I/OptInChecker(12253): Sidekick thinks 8 is Eligible = true
10-23 09:15:05.725 I/OptInChecker(12253): Sidekick thinks 9 is Eligible = true
10-23 09:15:05.725 I/OptInChecker(12253): Sidekick thinks 11 is Eligible = true
10-23 09:15:05.726 I/OptInChecker(12253): Sidekick thinks 12 is Eligible = true
10-23 09:15:05.726 W/OptInChecker(12253): Missing cached UDC setting for NOW_CARDS
10-23 09:15:05.726 I/OptInChecker(12253): Falling back to non-UDC sources
10-23 09:15:05.726 I/OptInChecker(12253): Setting = NOW_CARDS, optedInt = true
10-23 09:15:05.755 D/AppOps  ( 1091): startOperation: allowing code 40 uid 1000 package android
10-23 09:15:05.760 I/MusicPreferencesBackup( 6386): Backing up music preferences
10-23 09:15:05.761 D/AppWidgetHost( 2190): viewDataChanged HANDLE_VIEW_DATA_CHANGED 
10-23 09:15:05.762 D/AppWidgetHost( 2190): viewDataChanged appWidgetId 3
10-23 09:15:05.762 D/AppWidgetHost( 2190): viewDataChanged mViews get 
10-23 09:15:05.762 D/AppWidgetHost( 2190): viewDataChanged mViews get 1111 com.android.launcher3.LauncherAppWidgetHostView{8432ea7 VFE....L. R.....ID 0,302-1056,604 #2}
10-23 09:15:05.762 D/AppWidgetHost( 2190): viewDataChanged v != null 
10-23 09:15:05.763 D/RemoteViewsAdapter( 2190): notifyDataSetChanged
10-23 09:15:05.770 I/wind/AppLockService(30388): pid6905procState6
10-23 09:15:05.779 I/wmt_launcher(  304): fw log ctrl flag has been set
10-23 09:15:05.779 I/wmt_launcher(  304): fw dynamic ctrl flag has been set
10-23 09:15:05.791 I/OptInChecker(12253): Sidekick thinks 1 is Eligible = true
10-23 09:15:05.791 I/OptInChecker(12253): Sidekick thinks 2 is Eligible = true
10-23 09:15:05.791 I/OptInChecker(12253): Sidekick thinks 4 is Eligible = true
10-23 09:15:05.791 I/OptInChecker(12253): Sidekick thinks 5 is Eligible = true
10-23 09:15:05.791 I/OptInChecker(12253): Sidekick thinks 6 is Eligible = true
10-23 09:15:05.792 I/OptInChecker(12253): Sidekick thinks 7 is Eligible = true
10-23 09:15:05.792 I/OptInChecker(12253): Sidekick thinks 8 is Eligible = true
10-23 09:15:05.792 I/OptInChecker(12253): Sidekick thinks 9 is Eligible = true
10-23 09:15:05.792 I/OptInChecker(12253): Sidekick thinks 11 is Eligible = true
10-23 09:15:05.792 I/OptInChecker(12253): Sidekick thinks 12 is Eligible = true
10-23 09:15:05.792 I/OptInChecker(12253): UDC thinks - Setting = WEB_AND_APP_HISTORY, Eligibility = ELIGIBLE
10-23 09:15:05.793 I/OptInChecker(12253): Using UDC cache for Setting: WEB_AND_APP_HISTORY
10-23 09:15:05.793 I/OptInChecker(12253): UDC Setting = WEB_AND_APP_HISTORY, optedIn = true
10-23 09:15:05.796 D/ConnectivityService( 1091): allowed status for uid 10026 when rule is 0 (NONE): true
10-23 09:15:05.797 W/SearchServiceCore(12253): Abort, client detached.
10-23 09:15:05.797 W/SearchServiceCore(12253): Abort, client detached.
10-23 09:15:05.848 D/AppOps  ( 1091): startOperation: allowing code 40 uid 1000 package android
10-23 09:15:05.850 D/BackupHelperDispatcher( 6386): handling existing helper 'music_prefs' android.app.backup.FileBackupHelper@caa700d
10-23 09:15:05.878 D/SQLiteDatabase(12682): beginTransaction()
10-23 09:15:05.879 I/wind/AppLockService(30388): pid6386procState16
10-23 09:15:05.888 D/AppWidgetHost( 2190): updateAppWidgetView HANDLE_UPDATE 
10-23 09:15:05.888 D/AppWidgetHost( 2190): updateAppWidgetView appWidgetId 3 com.android.launcher3.LauncherAppWidgetHost@5a0a509
10-23 09:15:05.890 D/AppOps  ( 1091): startOperation: allowing code 40 uid 1000 package android
10-23 09:15:05.891 I/art     ( 6229): Do partial code cache collection, code=23KB, data=30KB
10-23 09:15:05.893 D/SQLiteDatabase(12682): endTransaction()
10-23 09:15:05.893 D/SQLiteDatabase(12682): beginTransaction()
10-23 09:15:05.895 I/art     ( 6229): After code cache collection, code=21KB, data=30KB
10-23 09:15:05.895 I/art     ( 6229): Increasing code cache capacity to 128KB
10-23 09:15:05.901 D/SQLiteDatabase(12682): endTransaction()
10-23 09:15:05.914 I/Backup  (12682): [GmsBackupTransport] Performing unencrypted kv backup: com.google.android.music
10-23 09:15:05.919 I/Backup  (12682): [GmsBackupTransport] Starting new backup session
10-23 09:15:05.921 I/Backup  (12682): [GmsBackupTransport] performBackup done for com.google.android.music
10-23 09:15:05.937 D/RemoteViewsAdapter( 2190): onServiceConnected
10-23 09:15:05.938 D/AppOps  ( 1091): startOperation: allowing code 40 uid 1000 package android
10-23 09:15:05.941 I/wind/AppLockService(30388): pid5704procState3
10-23 09:15:05.942 D/AppOps  ( 1091): startOperation: allowing code 40 uid 1000 package android
10-23 09:15:06.015 D/AppOps  ( 1091): startOperation: allowing code 40 uid 1000 package android
10-23 09:15:06.016 V/MDH     (12253): Opening MDH wipeout table.
10-23 09:15:06.062 W/SearchServiceCore(12253): Abort, client detached.
10-23 09:15:06.065 I/art     ( 1091): Background sticky concurrent mark sweep GC freed 11655(1128KB) AllocSpace objects, 4(192KB) LOS objects, 1% free, 67MB/68MB, paused 11.888ms total 44.010ms
10-23 09:15:06.099 I/wind/AppLockService(30388): pid5704procState7
10-23 09:15:06.099 I/wind/AppLockService(30388): pid6934procState7
10-23 09:15:06.103 D/RemoteViewsAdapter( 2190): superNotifyDataSetChanged
10-23 09:15:06.109 D/AppOps  ( 1091): startOperation: allowing code 40 uid 1000 package android
10-23 09:15:06.142 D/AppOps  ( 1091): startOperation: allowing code 40 uid 1000 package android
10-23 09:15:06.146 I/wind/AppLockService(30388): pid5704procState7
10-23 09:15:06.150 I/wind/AppLockService(30388): pid6934procState3
10-23 09:15:06.150 I/wind/AppLockService(30388): pid6952procState11
10-23 09:15:06.151 D/ConnectivityService( 1091): allowed status for uid 10026 when rule is 0 (NONE): true
10-23 09:15:06.160 D/AppOps  ( 1091): startOperation: allowing code 40 uid 1000 package android
10-23 09:15:06.163 I/native  ( 5704): document-store.cc:1762 Scored 977 usage reports, missing_corpora 0 update_failed 6
10-23 09:15:06.192 I/art     ( 6934): Starting a blocking GC HeapTrim
10-23 09:15:06.193 I/wind/AppLockService(30388): pid6934procState3
10-23 09:15:06.194 I/wind/AppLockService(30388): pid12253procState10
10-23 09:15:06.194 I/wind/AppLockService(30388): pid5704procState3
10-23 09:15:06.209 D/AppOps  ( 1091): startOperation: allowing code 40 uid 1000 package android
10-23 09:15:06.220 W/ChimeraUtils(12682): Non Chimera context
10-23 09:15:06.232 D/SQLiteDatabase(12682): beginTransaction()
10-23 09:15:06.239 D/SQLiteDatabase(12682): endTransaction()
10-23 09:15:06.246 D/SQLiteDatabase(12682): beginTransaction()
10-23 09:15:06.258 D/SQLiteDatabase(12682): endTransaction()
10-23 09:15:06.269 I/art     ( 6952): Starting a blocking GC AddRemoveAppImageSpace
10-23 09:15:06.309 I/art     ( 6952): Starting a blocking GC HeapTrim
10-23 09:15:06.312 I/art     ( 1091): Background partial concurrent mark sweep GC freed 73533(7MB) AllocSpace objects, 50(2MB) LOS objects, 5% free, 64MB/68MB, paused 2.735ms total 200.673ms
10-23 09:15:06.326 I/FA      ( 6823): App measurement is starting up, version: 13001
10-23 09:15:06.326 I/FA      ( 6823): To enable debug logging run: adb shell setprop log.tag.FA VERBOSE
10-23 09:15:06.326 I/FA      ( 6823): To enable faster debug mode event logging run:
10-23 09:15:06.326 I/FA      ( 6823):   adb shell setprop debug.firebase.analytics.app com.google.android.apps.tachyon
10-23 09:15:06.339 D/OpenSSLLib( 6823): OpensslErr:Module:12(175:); file:external/boringssl/src/crypto/asn1/asn1_lib.c ;Line:175;Function:ASN1_get_object
10-23 09:15:06.340 I/wind/AppLockService(30388): pid6966procState7
10-23 09:15:06.350 I/Icing   ( 5704): updateResources: need to parse zjt{com.google.android.gms}
10-23 09:15:06.352 I/wind/AppLockService(30388): pid30889procState7
10-23 09:15:06.355 D/libc-netbsd(12682): [getaddrinfo]: mtk hostname=android.clients.google.com; servname=(null); netid=0; mark=0
10-23 09:15:06.355 D/libc-netbsd(12682): [getaddrinfo]: mtk ai_addrlen=0; ai_canonname=(null); ai_flags=4; ai_family=0
10-23 09:15:06.356 D/libc-netbsd(12682): [getaddrinfo]: mtk hostname=android.clients.google.com; servname=(null); netid=0; mark=0
10-23 09:15:06.356 D/libc-netbsd(12682): [getaddrinfo]: mtk ai_addrlen=0; ai_canonname=(null); ai_flags=1024; ai_family=0
10-23 09:15:06.364 I/MultiDex( 6952): VM with version 2.1.0 has multidex support
10-23 09:15:06.368 D/libc-netbsd(  454): [getaddrinfo]: mtk hostname=android.clients.google.com; servname=(null); netid=190; mark=917694
10-23 09:15:06.368 D/libc-netbsd(  454): [getaddrinfo]: mtk ai_addrlen=0; ai_canonname=(null); ai_flags=1024; ai_family=0
10-23 09:15:06.368 D/libc-netbsd(  454): getaddrinfo: android.clients.google.com get result from proxy gai_error = 11
10-23 09:15:06.368 D/libc-netbsd(  454): default dns: query_ipv6=1, query_ipv4=1
10-23 09:15:06.369 D/libc-netbsd(  454): res_queryN name = android.clients.google.com, class = 1, type = 28
