10-23 09:15:08.512 D/PowerManagerNotifier( 1091): onWakeLockReleased: flags=1, tag="*job*/de.gmx.mobile.android.mail/com.evernote.android.job.v21.PlatformJobService", packageName=android, ownerUid=1000, ownerPid=1091, workSource=WorkSource{10090}
10-23 09:15:08.513 D/DisplayPowerController( 1091): requestPowerState: policy=OFF, useProximitySensor=false, screenBrightness=102, screenAutoBrightnessAdjustment=0.0, brightnessSetByUser=true, useAutoBrightness=false, blockScreenOn=false, lowPowerMode=false, boostScreenBrightness=false, dozeScreenBrightness=-1, dozeScreenState=UNKNOWN, useTwilight=false,autoModeScreenBrightness=255,autoModeManualOp=false, waitForNegativeProximity=false, changed=false
10-23 09:15:08.514 V/AlarmManager( 1091): APP set with listener(*job.delay*) : type=2 triggerAtTime=1955389395 win=-1 tElapsed=1955389395 maxElapsed=1955551544 interval=0 flags=0x0
10-23 09:15:08.514 D/libc-netbsd( 6952): [getaddrinfo]: mtk hostname=8.8.8.8; servname=(null); netid=0; mark=0
10-23 09:15:08.514 D/AlarmManager( 1091): remove(operation) changed bounds; rebatching operation = null
10-23 09:15:08.514 D/libc-netbsd( 6952): [getaddrinfo]: mtk ai_addrlen=0; ai_canonname=(null); ai_flags=4; ai_family=0
10-23 09:15:08.515 D/libc-netbsd( 6952): [getaddrinfo]: mtk hostname=2001:4860:4860::8888; servname=(null); netid=0; mark=0
10-23 09:15:08.515 D/libc-netbsd( 6952): [getaddrinfo]: mtk ai_addrlen=0; ai_canonname=(null); ai_flags=4; ai_family=0
10-23 09:15:08.515 E/GED     ( 1950): Failed to execute ioctl 3222824709, BridgeID(5), err(-1)
10-23 09:15:08.515 E/GasService( 1950): Error on query GED info, err=1
10-23 09:15:08.518 D/AlarmManager( 1091): set alarm to RTC 1955172992
10-23 09:15:08.518 D/AlarmManager( 1091): set alarm to RTC 1955288461
10-23 09:15:08.518 D/DataShapingService( 1091): Alarm manager openLteDataUpLinkGate: false
10-23 09:15:08.518 V/AlarmManager( 1091): openLteGateSuccess = false
10-23 09:15:08.518 D/AlarmManager( 1091): wakeup alarm = Alarm{965ff5c type 2 when 1955172992 android}; listener package = *job.deadline*needGrouping = false
10-23 09:15:08.519 V/AlarmManager( 1091): APP set with listener(*job.deadline*) : type=2 triggerAtTime=1958649295 win=-1 tElapsed=1958649295 maxElapsed=1961256366 interval=0 flags=0x0
10-23 09:15:08.535 V/AlarmManager( 1091): APP set with listener(*job.deadline*) : type=2 triggerAtTime=1958649295 win=-1 tElapsed=1958649295 maxElapsed=1961256352 interval=0 flags=0x0
10-23 09:15:08.542 D/PowerManagerNotifier( 1091): onWakeLockReleased: flags=1, tag="*job*/de.gmx.mobile.android.mail/com.evernote.android.job.v21.PlatformJobService", packageName=android, ownerUid=1000, ownerPid=1091, workSource=WorkSource{10090}
10-23 09:15:08.542 D/DisplayPowerController( 1091): requestPowerState: policy=OFF, useProximitySensor=false, screenBrightness=102, screenAutoBrightnessAdjustment=0.0, brightnessSetByUser=true, useAutoBrightness=false, blockScreenOn=false, lowPowerMode=false, boostScreenBrightness=false, dozeScreenBrightness=-1, dozeScreenState=UNKNOWN, useTwilight=false,autoModeScreenBrightness=255,autoModeManualOp=false, waitForNegativeProximity=false, changed=false
10-23 09:15:08.544 I/wind/AppLockService(30388): pid6952procState10
10-23 09:15:08.544 V/ActivityThread( 6952): SVC-Destroying service com.evernote.android.job.v21.PlatformJobService@c426461
10-23 09:15:08.558 D/ConnectivityService( 1091): allowed status for uid 10020 when rule is 0 (NONE): true
10-23 09:15:08.558 I/NetworkIdentity( 1091): buildNetworkIdentity:
10-23 09:15:08.558 I/NetworkIdentity( 1091): networkId = KabelBox-6C6C
10-23 09:15:08.558 D/ConnectivityService( 1091): getActiveNetworkInfo networkInfo = [type: WIFI[], state: CONNECTED/CONNECTED, reason: (unspecified), extra: "KabelBox-6C6C", failover: false, available: true, roaming: false, metered: false]
10-23 09:15:08.559 D/ConnectivityService( 1091): allowed status for uid 10020 when rule is 0 (NONE): true
10-23 09:15:08.559 I/NetworkIdentity( 1091): buildNetworkIdentity:
10-23 09:15:08.559 I/NetworkIdentity( 1091): networkId = KabelBox-6C6C
10-23 09:15:08.560 D/ConnectivityService( 1091): getActiveNetworkInfo networkInfo = [type: WIFI[], state: CONNECTED/CONNECTED, reason: (unspecified), extra: "KabelBox-6C6C", failover: false, available: true, roaming: false, metered: false]
10-23 09:15:08.565 D/ActivityThread( 7085): BDC-Calling onReceive: intent=Intent { act=android.accounts.LOGIN_ACCOUNTS_CHANGED flg=0x4000010 cmp=com.android.chrome/org.chromium.chrome.browser.services.AccountsChangedReceiver }, receiver=org.chromium.chrome.browser.services.AccountsChangedReceiver@667260b
10-23 09:15:08.592 D/PowerManagerNotifier( 1091): onWakeLockReleased: flags=1, tag="*backup*", packageName=android, ownerUid=1000, ownerPid=1091, workSource=WorkSource{1000}
10-23 09:15:08.592 D/PowerManagerNotifier( 1091): onWakeLockAcquired: flags=1, tag="*backup*", packageName=android, ownerUid=1000, ownerPid=1091, workSource=null
10-23 09:15:08.592 D/AppOps  ( 1091): startOperation: allowing code 40 uid 1000 package android
10-23 09:15:08.592 I/BackupRestoreController( 1091): Getting widget state for user: 0
10-23 09:15:08.597 D/ActivityThread(12682): SVC-Calling onStartCommand: com.google.android.gms.chimera.PersistentDirectBootAwareApiService@9d1246b, flags=0, startId=51992
10-23 09:15:08.600 D/SQLiteDatabase(12682): beginTransaction()
10-23 09:15:08.605 D/SQLiteDatabase(12682): endTransaction()
10-23 09:15:08.605 D/SQLiteDatabase(12682): beginTransaction()
10-23 09:15:08.608 D/SQLiteDatabase(12682): endTransaction()
10-23 09:15:08.612 I/Backup  (12682): [GmsBackupTransport] Performing unencrypted kv backup: android
10-23 09:15:08.613 I/Backup  (12682): [GmsBackupTransport] Starting new backup session
10-23 09:15:08.613 I/Backup  (12682): [GmsBackupTransport] performBackup done for android
10-23 09:15:08.666 I/native  ( 5704): document-store.cc:1762 Scored 977 usage reports, missing_corpora 0 update_failed 6
10-23 09:15:08.684 I/ActivityManager( 1091): Start proc 7128:com.android.email/u0a42 for broadcast com.android.email/.service.EmailBroadcastReceiver
10-23 09:15:08.684 V/NetworkPolicy( 1091): updateRuleForRestrictBackgroundLocked(10042): isForeground=true, isBlacklisted=false, isWhitelisted=false, oldRule=0 (NONE), newRule=0 (NONE), newUidRules=0 (NONE), oldUidRules=0 (NONE)
10-23 09:15:08.686 V/NetworkPolicy( 1091): updateRulesForNonMeteredNetworksLocked(10042), isIdle: false, mRestrictPower: false, mDeviceIdleMode: false, isForeground=true, isWhitelisted=false, oldRule=0 (NONE), newRule=0 (NONE), newUidRules=0 (NONE), oldUidRules=0 (NONE)
10-23 09:15:08.688 I/ActivityManager( 1091): Killing 6280:com.mediatek.engineermode/1001 (adj 906): empty #17
10-23 09:15:08.688 I/ActivityManager( 1091): Killing 6054:com.android.settings/1000 (adj 906): empty #18
10-23 09:15:08.690 V/ActivityThread( 5704): SVC-Creating service CreateServiceData{token=android.os.BinderProxy@a7f907d className=com.google.android.gms.chimera.GmsInternalBoundBrokerService packageName=com.google.android.gms intent=null}
10-23 09:15:08.693 I/wind/AppLockService(30388): pid7085procState16
10-23 09:15:08.693 I/wind/AppLockService(30388): pid7020procState16
10-23 09:15:08.693 V/NetworkPolicy( 1091): updateRuleForRestrictBackgroundLocked(10042): isForeground=false, isBlacklisted=false, isWhitelisted=false, oldRule=0 (NONE), newRule=0 (NONE), newUidRules=0 (NONE), oldUidRules=0 (NONE)
10-23 09:15:08.693 V/NetworkPolicy( 1091): updateRulesForNonMeteredNetworksLocked(10042), isIdle: false, mRestrictPower: false, mDeviceIdleMode: false, isForeground=false, isWhitelisted=false, oldRule=0 (NONE), newRule=0 (NONE), newUidRules=0 (NONE), oldUidRules=0 (NONE)
10-23 09:15:08.701 V/ActivityThread( 5704): SVC-Destroying service com.google.android.gms.chimera.GmsInternalBoundBrokerService@404cb72
10-23 09:15:08.712 V/ActivityThread(12682): SVC-Creating service CreateServiceData{token=android.os.BinderProxy@6318821 className=com.google.android.gms.auth.account.authenticator.GoogleAccountAuthenticatorService packageName=com.google.android.gms intent=null}
10-23 09:15:08.740 V/ActivityThread(12682): SVC-Destroying service com.google.android.gms.auth.account.authenticator.GoogleAccountAuthenticatorService@1ea334
10-23 09:15:08.746 D/libc-netbsd(12682): [getaddrinfo]: mtk hostname=android.clients.google.com; servname=(null); netid=0; mark=0
10-23 09:15:08.746 D/libc-netbsd(12682): [getaddrinfo]: mtk ai_addrlen=0; ai_canonname=(null); ai_flags=4; ai_family=0
10-23 09:15:08.750 D/libc-netbsd(12682): [getaddrinfo]: mtk hostname=android.clients.google.com; servname=(null); netid=0; mark=0
10-23 09:15:08.751 D/libc-netbsd(12682): [getaddrinfo]: mtk ai_addrlen=0; ai_canonname=(null); ai_flags=1024; ai_family=0
10-23 09:15:08.751 D/FrameworkListener(  454): dispatchCommand data = (getaddrinfo android.clients.google.com ^ 1024 0 1 0 0)
10-23 09:15:08.752 D/libc-netbsd(  454): [getaddrinfo]: mtk hostname=android.clients.google.com; servname=(null); netid=190; mark=917694
10-23 09:15:08.752 D/libc-netbsd(  454): [getaddrinfo]: mtk ai_addrlen=0; ai_canonname=(null); ai_flags=1024; ai_family=0
10-23 09:15:08.752 D/libc-netbsd(  454): getaddrinfo: android.clients.google.com get result from proxy gai_error = 11
10-23 09:15:08.753 D/libc-netbsd(  454): default dns: query_ipv6=1, query_ipv4=1
10-23 09:15:08.753 D/libc-netbsd(  454): res_queryN name = android.clients.google.com, class = 1, type = 28
10-23 09:15:08.753 D/libc-netbsd(  454): res_queryN name = android.clients.google.com, class = 1, type = 1
10-23 09:15:08.753 D/libc-netbsd(  454): res_queryN name = android.clients.google.com succeed
10-23 09:15:08.754 D/SocketClient(  454): SocketClient sendData done: 222
10-23 09:15:08.754 D/SocketClient(  454): SocketClient sendData done: 
10-23 09:15:08.754 D/SocketClient(  454): SocketClient sendData done: 
10-23 09:15:08.754 D/SocketClient(  454): SocketClient sendData done: 
10-23 09:15:08.754 D/SocketClient(  454): SocketClient sendData done: 
10-23 09:15:08.754 D/SocketClient(  454): SocketClient sendData done: 
10-23 09:15:08.754 D/SocketClient(  454): SocketClient sendData done: 
10-23 09:15:08.754 D/SocketClient(  454): SocketClient sendData done: 
10-23 09:15:08.754 D/SocketClient(  454): SocketClient sendData done: 
10-23 09:15:08.754 D/SocketClient(  454): SocketClient sendData done: 
10-23 09:15:08.754 D/SocketClient(  454): SocketClient sendData done: 
10-23 09:15:08.754 D/SocketClient(  454): SocketClient sendData done: 
10-23 09:15:08.754 D/SocketClient(  454): SocketClient sendData done: 
10-23 09:15:08.754 D/SocketClient(  454): SocketClient sendData done: 
10-23 09:15:08.754 D/SocketClient(  454): SocketClient sendData done: 
10-23 09:15:08.754 D/SocketClient(  454): SocketClient sendData done: 
10-23 09:15:08.754 D/SocketClient(  454): SocketClient sendData done: 
10-23 09:15:08.754 D/SocketClient(  454): SocketClient sendData done: 
10-23 09:15:08.754 D/SocketClient(  454): SocketClient sendData done: 
10-23 09:15:08.754 D/SocketClient(  454): SocketClient sendData done: 
10-23 09:15:08.754 D/SocketClient(  454): SocketClient sendData done: 
10-23 09:15:08.754 D/SocketClient(  454): SocketClient sendData done: 
10-23 09:15:08.754 D/SocketClient(  454): SocketClient sendData done: 
10-23 09:15:08.754 D/SocketClient(  454): SocketClient sendData done: 
10-23 09:15:08.755 D/SocketClient(  454): SocketClient sendData done: 
10-23 09:15:08.755 D/SocketClient(  454): SocketClient sendData done: 
10-23 09:15:08.755 D/SocketClient(  454): SocketClient sendData done: 
10-23 09:15:08.755 D/SocketClient(  454): SocketClient sendData done: 
10-23 09:15:08.755 D/SocketClient(  454): SocketClient sendData done: 
10-23 09:15:08.755 D/SocketClient(  454): SocketClient sendData done: 
10-23 09:15:08.755 D/SocketClient(  454): SocketClient sendData done: 
10-23 09:15:08.755 D/SocketClient(  454): SocketClient sendData done: 
10-23 09:15:08.755 D/SocketClient(  454): SocketClient sendData done: 
10-23 09:15:08.755 D/SocketClient(  454): SocketClient sendData done: 
10-23 09:15:08.755 D/SocketClient(  454): SocketClient sendData done: 
10-23 09:15:08.755 D/SocketClient(  454): SocketClient sendData done: 
10-23 09:15:08.755 D/SocketClient(  454): SocketClient sendData done: 
10-23 09:15:08.755 D/SocketClient(  454): SocketClient sendData done: 
10-23 09:15:08.755 D/SocketClient(  454): SocketClient sendData done: 
10-23 09:15:08.755 D/SocketClient(  454): SocketClient sendData done: 
10-23 09:15:08.755 D/SocketClient(  454): SocketClient sendData done: 
10-23 09:15:08.755 D/SocketClient(  454): SocketClient sendData done: 
10-23 09:15:08.755 D/SocketClient(  454): SocketClient sendData done: 
10-23 09:15:08.755 D/SocketClient(  454): SocketClient sendData done: 
10-23 09:15:08.755 D/SocketClient(  454): SocketClient sendData done: 
10-23 09:15:08.755 D/SocketClient(  454): SocketClient sendData done: 
10-23 09:15:08.755 D/SocketClient(  454): SocketClient sendData done: 
10-23 09:15:08.755 D/SocketClient(  454): SocketClient sendData done: 
10-23 09:15:08.755 D/SocketClient(  454): SocketClient sendData done: 
10-23 09:15:08.755 D/SocketClient(  454): SocketClient sendData done: 
10-23 09:15:08.755 D/SocketClient(  454): SocketClient sendData done: 
10-23 09:15:08.755 D/SocketClient(  454): SocketClient sendData done: 
10-23 09:15:08.755 D/SocketClient(  454): SocketClient sendData done: 
10-23 09:15:08.755 D/SocketClient(  454): SocketClient sendData done: 
10-23 09:15:08.755 D/SocketClient(  454): SocketClient sendData done: 
10-23 09:15:08.755 D/SocketClient(  454): SocketClient sendData done: 
10-23 09:15:08.755 D/SocketClient(  454): SocketClient sendData done: 
10-23 09:15:08.755 D/SocketClient(  454): SocketClient sendData done: 
10-23 09:15:08.755 D/SocketClient(  454): SocketClient sendData done: 
10-23 09:15:08.755 D/SocketClient(  454): SocketClient sendData done: 
10-23 09:15:08.756 D/SocketClient(  454): SocketClient sendData done: 
10-23 09:15:08.756 D/SocketClient(  454): SocketClient sendData done: 
10-23 09:15:08.756 D/SocketClient(  454): SocketClient sendData done: 
10-23 09:15:08.756 D/SocketClient(  454): SocketClient sendData done: 
10-23 09:15:08.756 D/SocketClient(  454): SocketClient sendData done: 
10-23 09:15:08.756 D/SocketClient(  454): SocketClient sendData done: 
10-23 09:15:08.756 D/SocketClient(  454): SocketClient sendData done: 
10-23 09:15:08.756 D/SocketClient(  454): SocketClient sendData done: 
10-23 09:15:08.756 D/SocketClient(  454): SocketClient sendData done: 
10-23 09:15:08.756 D/SocketClient(  454): SocketClient sendData done: 
10-23 09:15:08.756 D/SocketClient(  454): SocketClient sendData done: 
10-23 09:15:08.756 D/SocketClient(  454): SocketClient sendData done: 
10-23 09:15:08.756 D/SocketClient(  454): SocketClient sendData done: 
10-23 09:15:08.756 D/SocketClient(  454): SocketClient sendData done: 
10-23 09:15:08.756 D/SocketClient(  454): SocketClient sendData done: 
10-23 09:15:08.756 D/SocketClient(  454): SocketClient sendData done: 
10-23 09:15:08.756 D/SocketClient(  454): SocketClient sendData done: 
10-23 09:15:08.756 D/SocketClient(  454): SocketClient sendData done: 
10-23 09:15:08.756 D/SocketClient(  454): SocketClient sendData done: 
10-23 09:15:08.756 D/SocketClient(  454): SocketClient sendData done: 
10-23 09:15:08.756 D/SocketClient(  454): SocketClient sendData done: 
10-23 09:15:08.756 D/SocketClient(  454): SocketClient sendData done: 
10-23 09:15:08.757 D/SocketClient(  454): SocketClient sendData done: 
10-23 09:15:08.757 D/SocketClient(  454): SocketClient sendData done: 
10-23 09:15:08.757 D/SocketClient(  454): SocketClient sendData done: 
10-23 09:15:08.757 D/SocketClient(  454): SocketClient sendData done: 
10-23 09:15:08.757 D/SocketClient(  454): SocketClient sendData done: 
10-23 09:15:08.757 D/SocketClient(  454): SocketClient sendData done: 
10-23 09:15:08.757 D/SocketClient(  454): SocketClient sendData done: 
10-23 09:15:08.757 D/SocketClient(  454): SocketClient sendData done: 
10-23 09:15:08.757 D/SocketClient(  454): SocketClient sendData done: 
10-23 09:15:08.757 D/SocketClient(  454): SocketClient sendData done: 
10-23 09:15:08.757 D/SocketClient(  454): SocketClient sendData done: 
10-23 09:15:08.757 D/SocketClient(  454): SocketClient sendData done: 
10-23 09:15:08.757 D/SocketClient(  454): SocketClient sendData done: 
10-23 09:15:08.757 D/SocketClient(  454): SocketClient sendData done: 
10-23 09:15:08.757 D/SocketClient(  454): SocketClient sendData done: 
10-23 09:15:08.757 D/SocketClient(  454): SocketClient sendData done: 
10-23 09:15:08.757 D/SocketClient(  454): SocketClient sendData done: 
10-23 09:15:08.757 D/SocketClient(  454): SocketClient sendData done: 
10-23 09:15:08.757 D/SocketClient(  454): SocketClient sendData done: 
10-23 09:15:08.757 D/SocketClient(  454): SocketClient sendData done: 
10-23 09:15:08.757 D/SocketClient(  454): SocketClient sendData done: 
10-23 09:15:08.757 D/SocketClient(  454): SocketClient sendData done: 
10-23 09:15:08.757 D/SocketClient(  454): SocketClient sendData done: 
10-23 09:15:08.757 D/SocketClient(  454): SocketClient sendData done: 
10-23 09:15:08.757 D/SocketClient(  454): SocketClient sendData done: 
10-23 09:15:08.757 D/SocketClient(  454): SocketClient sendData done: 
10-23 09:15:08.757 D/SocketClient(  454): SocketClient sendData done: 
10-23 09:15:08.757 D/SocketClient(  454): SocketClient sendData done: 
10-23 09:15:08.757 D/SocketClient(  454): SocketClient sendData done: 
10-23 09:15:08.757 D/SocketClient(  454): SocketClient sendData done: 
10-23 09:15:08.757 D/SocketClient(  454): SocketClient sendData done: 
10-23 09:15:08.758 D/libc-netbsd(12682): getaddrinfo: android.clients.google.com get result from proxy gai_error = 0
10-23 09:15:08.760 D/DisplayManagerService( 1091): Display listener for pid 6280 died.
10-23 09:15:08.760 D/DisplayManagerService( 1091): Display listener for pid 6054 died.
10-23 09:15:08.760 D/ActivityManager( 1091): handleAppDiedLocked: app = ProcessRecord{320ddf4 6054:com.android.settings/1000}, app.pid = 6054
10-23 09:15:08.760 D/ActivityManager( 1091): cleanUpApplicationRecord -- 6054
10-23 09:15:08.763 D/ActivityManager( 1091): handleAppDiedLocked: app = ProcessRecord{757091d 6280:com.mediatek.engineermode/1001}, app.pid = 6280
10-23 09:15:08.763 D/ActivityManager( 1091): cleanUpApplicationRecord -- 6280
10-23 09:15:08.770 I/System.out(12682): [socket][4375] connection android.clients.google.com/108.177.119.100:443;LocalPort=-1(60000)
10-23 09:15:08.770 D/        (12682): [Posix_connect Debug]Process com.google.android.gms.persistent :443 
10-23 09:15:08.771 I/Icing   ( 5704): Indexing com.google.android.apps.docs-internal.3p:TextDigitalDocument from com.google.android.apps.docs
10-23 09:15:08.773 I/wind/AppLockService(30388): pid7128procState11
10-23 09:15:08.780 W/ContextImpl(27704): Calling a method in the system process without a qualified user: android.app.ContextImpl.sendBroadcast:889 android.content.ContextWrapper.sendBroadcast:421 com.ads.capacity.a.a:-1 com.ads.capacity.a.a:-1 com.ads.capacity.c.handleMessage:-1 
10-23 09:15:08.781 V/ActivityManager( 1091): Broadcast: Intent { act=pkg_die_broadcast_flag flg=0x10 (has extras) } ordered=false userid=0 callerApp=ProcessRecord{c2e7484 27704:com.redstone.ota.ui/1000}
10-23 09:15:08.781 I/Icing   ( 5704): Indexing done com.google.android.apps.docs-internal.3p:TextDigitalDocument
10-23 09:15:08.782 D/PowerManagerNotifier( 1091): onWakeLockReleased: flags=1, tag="Icing", packageName=com.google.android.gms, ownerUid=10012, ownerPid=5704, workSource=WorkSource{10038 com.google.android.apps.docs}
10-23 09:15:08.783 D/DisplayPowerController( 1091): requestPowerState: policy=OFF, useProximitySensor=false, screenBrightness=102, screenAutoBrightnessAdjustment=0.0, brightnessSetByUser=true, useAutoBrightness=false, blockScreenOn=false, lowPowerMode=false, boostScreenBrightness=false, dozeScreenBrightness=-1, dozeScreenState=UNKNOWN, useTwilight=false,autoModeScreenBrightness=255,autoModeManualOp=false, waitForNegativeProximity=false, changed=false
10-23 09:15:08.787 E/ActivityManager( 1091): Sending non-protected broadcast pkg_die_broadcast_flag from system 27704:com.redstone.ota.ui/1000 pkg com.redstone.ota.ui
10-23 09:15:08.787 E/ActivityManager( 1091): java.lang.Throwable
10-23 09:15:08.787 E/ActivityManager( 1091): 	at com.android.server.am.ActivityManagerService.broadcastIntentLocked(ActivityManagerService.java:18716)
10-23 09:15:08.787 E/ActivityManager( 1091): 	at com.android.server.am.ActivityManagerService.broadcastIntent(ActivityManagerService.java:19337)
10-23 09:15:08.787 E/ActivityManager( 1091): 	at android.app.ActivityManagerNative.onTransact(ActivityManagerNative.java:501)
10-23 09:15:08.787 E/ActivityManager( 1091): 	at com.android.server.am.ActivityManagerService.onTransact(ActivityManagerService.java:2936)
10-23 09:15:08.787 E/ActivityManager( 1091): 	at android.os.Binder.execTransact(Binder.java:570)
10-23 09:15:08.800 W/System  ( 7128): ClassLoader referenced unknown path: /system/app/Email/lib/arm64
10-23 09:15:08.801 I/Finsky  ( 6229): [1] com.google.android.finsky.installer.a.ca.a(28): Downloading patch for com.google.android.ims (adid: com.google.android.ims , isid: UbSKrL_4SrG_zeGRiLL3Zg)
10-23 09:15:08.810 I/System.out(12682): [socket][/192.168.0.3:47839] connected
10-23 09:15:08.814 D/libc-netbsd(12682): [getaddrinfo]: mtk hostname=android.clients.google.com; servname=(null); netid=0; mark=0
10-23 09:15:08.814 D/libc-netbsd(12682): [getaddrinfo]: mtk ai_addrlen=0; ai_canonname=(null); ai_flags=4; ai_family=0
10-23 09:15:08.818 W/Conscrypt(12682): Could not set socket write timeout: java.net.SocketException: Socket closed
10-23 09:15:08.820 W/Conscrypt(12682): 	at com.google.android.gms.org.conscrypt.Platform.setSocketWriteTimeout(:com.google.android.gms@14366021@14.3.66 (040408-213742215):2)
10-23 09:15:08.820 W/Conscrypt(12682): 	at com.google.android.gms.org.conscrypt.ConscryptFileDescriptorSocket.setSoWriteTimeout(:com.google.android.gms@14366021@14.3.66 (040408-213742215):2)
10-23 09:15:08.822 I/Finsky  ( 6229): [1] com.google.android.finsky.download.e.a(45): Duplicate state set for 'com.google.android.ims' (0). Already in that state
10-23 09:15:08.823 I/Finsky  ( 6229): [1] com.google.android.finsky.download.n.a(19): Download com.google.android.ims added to DownloadQueue
10-23 09:15:08.823 I/art     ( 7128): Starting a blocking GC HeapTrim
10-23 09:15:08.825 D/AES     ( 1091): onEndOfErrorDumpThread: system_server_wtf Process: system_server
10-23 09:15:08.825 D/AES     ( 1091): Subject: ActivityManager
10-23 09:15:08.825 D/AES     ( 1091): Build: Gigaset/GS270/Gigaset_GS270:7.0/NRD90M/1525786045:user/release-keys
10-23 09:15:08.825 D/AES     ( 1091): 
10-23 09:15:08.825 D/AES     ( 1091): android.util.Log$TerribleFailure: Sending non-protected broadcast pkg_die_broadcast_flag from system 27704:com.redstone.ota.ui/1000 pkg com.redstone.ota.ui
10-23 09:15:08.825 D/AES     ( 1091): 	at android.util.Log.wtf(Log.java:295)
10-23 09:15:08.825 D/AES     ( 1091): 	at android.util.Log.wtf(Log.java:290)
10-23 09:15:08.825 D/AES     ( 1091): 	at com.android.server.am.ActivityManagerService.broadcastIntentLocked(ActivityManagerService.java:18714)
10-23 09:15:08.825 D/AES     ( 1091): 	at com.android.server.am.ActivityManagerService.broadcastIntent(ActivityManagerService.java:19337)
10-23 09:15:08.825 D/AES     ( 1091): 	at android.app.ActivityManagerNative.onTransact(ActivityManagerNative.java:501)
10-23 09:15:08.825 D/AES     ( 1091): 	at com.android.server.am.ActivityManagerService.onTransact(ActivityManagerService.java:2936)
10-23 09:15:08.825 D/AES     ( 1091): 	at android.os.Binder.execTransact(Binder.java:570)
10-23 09:15:08.825 D/AES     ( 1091): Caused by: java.lang.Throwable
10-23 09:15:08.825 D/AES     ( 1091): 	at com.android.server.am.ActivityManagerService.broadcastIntentLocked(ActivityManagerService.java:18716)
10-23 09:15:08.825 D/AES     ( 1091): 	... 4 more
10-23 09:15:08.825 D/AES     ( 1091):  1091
10-23 09:15:08.825 I/Finsky  ( 6229): [1] com.google.android.finsky.download.e.a(47): com.google.android.ims from 0 to 1.
10-23 09:15:08.825 W/AES     ( 1091): Exception Log handling...
10-23 09:15:08.829 D/ConnectivityService( 1091): allowed status for uid 10020 when rule is 0 (NONE): true
10-23 09:15:08.829 I/NetworkIdentity( 1091): buildNetworkIdentity:
10-23 09:15:08.829 V/ActivityThread( 5704): SVC-Destroying service com.google.android.gms.icing.service.IndexWorkerService@ed72c9e
10-23 09:15:08.829 I/NetworkIdentity( 1091): networkId = KabelBox-6C6C
10-23 09:15:08.829 W/ContextImpl(27704): Calling a method in the system process without a qualified user: android.app.ContextImpl.sendBroadcast:889 android.content.ContextWrapper.sendBroadcast:421 com.ads.capacity.a.a:-1 com.ads.capacity.a.a:-1 com.ads.capacity.c.handleMessage:-1 
10-23 09:15:08.829 V/ActivityManager( 1091): Broadcast: Intent { act=android.intent.action.DROPBOX_ENTRY_ADDED flg=0x10 (has extras) } ordered=false userid=0 callerApp=ProcessRecord{80e9be 1091:system/1000}
10-23 09:15:08.829 D/ConnectivityService( 1091): getActiveNetworkInfo networkInfo = [type: WIFI[], state: CONNECTED/CONNECTED, reason: (unspecified), extra: "KabelBox-6C6C", failover: false, available: true, roaming: false, metered: false]
10-23 09:15:08.830 D/ConnectivityService( 1091): allowed status for uid 10020 when rule is 0 (NONE): true
10-23 09:15:08.831 I/NetworkIdentity( 1091): buildNetworkIdentity:
10-23 09:15:08.831 I/NetworkIdentity( 1091): networkId = KabelBox-6C6C
10-23 09:15:08.831 D/ConnectivityService( 1091): getActiveNetworkInfo networkInfo = [type: WIFI[], state: CONNECTED/CONNECTED, reason: (unspecified), extra: "KabelBox-6C6C", failover: false, available: true, roaming: false, metered: false]
10-23 09:15:08.832 D/ConnectivityService( 1091): allowed status for uid 10020 when rule is 0 (NONE): true
10-23 09:15:08.832 I/NetworkIdentity( 1091): buildNetworkIdentity:
10-23 09:15:08.832 I/NetworkIdentity( 1091): networkId = KabelBox-6C6C
10-23 09:15:08.832 V/ActivityManager( 1091): Broadcast: Intent { act=pkg_die_broadcast_flag flg=0x10 (has extras) } ordered=false userid=0 callerApp=ProcessRecord{c2e7484 27704:com.redstone.ota.ui/1000}
10-23 09:15:08.832 D/ConnectivityService( 1091): getActiveNetworkInfo networkInfo = [type: WIFI[], state: CONNECTED/CONNECTED, reason: (unspecified), extra: "KabelBox-6C6C", failover: false, available: true, roaming: false, metered: false]
10-23 09:15:08.832 E/ActivityManager( 1091): Sending non-protected broadcast pkg_die_broadcast_flag from system 27704:com.redstone.ota.ui/1000 pkg com.redstone.ota.ui
10-23 09:15:08.832 E/ActivityManager( 1091): java.lang.Throwable
10-23 09:15:08.832 E/ActivityManager( 1091): 	at com.android.server.am.ActivityManagerService.broadcastIntentLocked(ActivityManagerService.java:18716)
10-23 09:15:08.832 E/ActivityManager( 1091): 	at com.android.server.am.ActivityManagerService.broadcastIntent(ActivityManagerService.java:19337)
10-23 09:15:08.832 E/ActivityManager( 1091): 	at android.app.ActivityManagerNative.onTransact(ActivityManagerNative.java:501)
10-23 09:15:08.832 E/ActivityManager( 1091): 	at com.android.server.am.ActivityManagerService.onTransact(ActivityManagerService.java:2936)
10-23 09:15:08.832 E/ActivityManager( 1091): 	at android.os.Binder.execTransact(Binder.java:570)
10-23 09:15:08.834 I/        (  449): free_cache(1687870) avail 8756408320
10-23 09:15:08.835 W/PackageManager( 1091): checkUidPermission(): android.permission.ACCESS_ALL_DOWNLOADS of 10020 is denied.
10-23 09:15:08.840 I/Finsky  ( 6229): [1] com.google.android.finsky.download.w.a(22): Download com.google.android.ims starting
10-23 09:15:08.846 D/ConnectivityService( 1091): allowed status for uid 10020 when rule is 0 (NONE): true
10-23 09:15:08.846 I/NetworkIdentity( 1091): buildNetworkIdentity:
10-23 09:15:08.846 I/NetworkIdentity( 1091): networkId = KabelBox-6C6C
10-23 09:15:08.846 D/ConnectivityService( 1091): getActiveNetworkInfo networkInfo = [type: WIFI[], state: CONNECTED/CONNECTED, reason: (unspecified), extra: "KabelBox-6C6C", failover: false, available: true, roaming: false, metered: false]
10-23 09:15:08.852 W/Conscrypt(12682): Could not set socket write timeout: java.net.SocketException: Socket closed
10-23 09:15:08.852 W/Conscrypt(12682): 	at com.google.android.gms.org.conscrypt.Platform.setSocketWriteTimeout(:com.google.android.gms@14366021@14.3.66 (040408-213742215):2)
10-23 09:15:08.852 W/Conscrypt(12682): 	at com.google.android.gms.org.conscrypt.ConscryptFileDescriptorSocket.setSoWriteTimeout(:com.google.android.gms@14366021@14.3.66 (040408-213742215):2)
10-23 09:15:08.856 I/System.out(12682): Check isMmsSendPdu
10-23 09:15:08.857 I/System.out(12682): PDU read len:9679
10-23 09:15:08.857 I/System.out(12682): MMS PDU Type:8:145
10-23 09:15:08.857 I/System.out(12682): [OkHttp] sendRequest>>
10-23 09:15:08.858 I/System.out(12682): [OkHttp] sendRequest<<
10-23 09:15:08.861 D/AES     ( 1091): onEndOfErrorDumpThread: system_server_wtf Process: system_server
10-23 09:15:08.861 D/AES     ( 1091): Subject: ActivityManager
10-23 09:15:08.861 D/AES     ( 1091): Build: Gigaset/GS270/Gigaset_GS270:7.0/NRD90M/1525786045:user/release-keys
10-23 09:15:08.861 D/AES     ( 1091): 
10-23 09:15:08.861 D/AES     ( 1091): android.util.Log$TerribleFailure: Sending non-protected broadcast pkg_die_broadcast_flag from system 27704:com.redstone.ota.ui/1000 pkg com.redstone.ota.ui
10-23 09:15:08.861 D/AES     ( 1091): 	at android.util.Log.wtf(Log.java:295)
10-23 09:15:08.861 D/AES     ( 1091): 	at android.util.Log.wtf(Log.java:290)
10-23 09:15:08.861 D/AES     ( 1091): 	at com.android.server.am.ActivityManagerService.broadcastIntentLocked(ActivityManagerService.java:18714)
10-23 09:15:08.861 D/AES     ( 1091): 	at com.android.server.am.ActivityManagerService.broadcastIntent(ActivityManagerService.java:19337)
10-23 09:15:08.861 D/AES     ( 1091): 	at android.app.ActivityManagerNative.onTransact(ActivityManagerNative.java:501)
10-23 09:15:08.861 D/AES     ( 1091): 	at com.android.server.am.ActivityManagerService.onTransact(ActivityManagerService.java:2936)
10-23 09:15:08.861 D/AES     ( 1091): 	at android.os.Binder.execTransact(Binder.java:570)
10-23 09:15:08.861 D/AES     ( 1091): Caused by: java.lang.Throwable
10-23 09:15:08.861 D/AES     ( 1091): 	at com.android.server.am.ActivityManagerService.broadcastIntentLocked(ActivityManagerService.java:18716)
10-23 09:15:08.861 D/AES     ( 1091): 	... 4 more
10-23 09:15:08.861 D/AES     ( 1091):  1091
10-23 09:15:08.861 W/AES     ( 1091): Exception Log handling...
10-23 09:15:08.864 V/ActivityManager( 1091): Broadcast: Intent { act=android.intent.action.DROPBOX_ENTRY_ADDED flg=0x10 (has extras) } ordered=false userid=0 callerApp=ProcessRecord{80e9be 1091:system/1000}
10-23 09:15:08.886 D/MPlugin ( 6245): com.mediatek.downloadmanager.ext.IDownloadProviderFeatureExtClazz exists on mapping table : false
10-23 09:15:08.886 E/MPlugin ( 6245): Unsupported class: com.mediatek.downloadmanager.ext.IDownloadProviderFeatureExt
10-23 09:15:08.892 I/DownloadProviderPluginExt( 6245): Enter: copyContentValues --default implement
10-23 09:15:08.894 W/PackageManager( 1091): checkUidPermission(): android.permission.DOWNLOAD_CACHE_NON_PURGEABLE of 10020 is denied.
10-23 09:15:08.916 W/PackageManager( 1091): checkUidPermission(): android.permission.ACCESS_ALL_DOWNLOADS of 10020 is denied.
10-23 09:15:08.916 W/PackageManager( 1091): checkUidPermission(): android.permission.ACCESS_ALL_DOWNLOADS of 10020 is denied.
10-23 09:15:08.925 W/PackageManager( 1091): checkUidPermission(): android.permission.ACCESS_ALL_DOWNLOADS of 10020 is denied.
10-23 09:15:08.930 I/DownloadProviderPluginExt( 6245): Enter: setContinueDownload --default implement
10-23 09:15:08.930 I/DownloadProviderPluginExt( 6245): Enter: setDownloadPath --default implement
10-23 09:15:08.935 I/NetworkIdentity( 1091): buildNetworkIdentity:
10-23 09:15:08.935 I/NetworkIdentity( 1091): networkId = KabelBox-6C6C
10-23 09:15:08.940 I/Finsky  ( 6229): [1] com.google.android.finsky.download.u.onPostExecute(3): Enqueued com.google.android.ims as content://downloads/my_downloads/133
10-23 09:15:08.941 I/Finsky  ( 6229): [1] com.google.android.finsky.download.e.a(47): com.google.android.ims from 1 to 2.
10-23 09:15:08.942 I/wind/AppLockService(30388): pid6245procState7
10-23 09:15:08.944 V/ActivityThread( 6245): SVC-Creating service CreateServiceData{token=android.os.BinderProxy@185558a className=com.android.providers.downloads.DownloadJobService packageName=com.android.providers.downloads intent=null}
10-23 09:15:08.946 I/Finsky  ( 6229): [1] com.google.android.finsky.download.n.g(122): com.google.android.ims: onStart
10-23 09:15:08.948 D/EmailContent( 7128): init for com.android.email.provider
10-23 09:15:08.948 D/ConnectivityService( 1091): allowed status for uid 10020 when rule is 0 (NONE): true
10-23 09:15:08.948 I/NetworkIdentity( 1091): buildNetworkIdentity:
10-23 09:15:08.948 I/NetworkIdentity( 1091): networkId = KabelBox-6C6C
10-23 09:15:08.948 D/ConnectivityService( 1091): getActiveNetworkInfo networkInfo = [type: WIFI[], state: CONNECTED/CONNECTED, reason: (unspecified), extra: "KabelBox-6C6C", failover: false, available: true, roaming: false, metered: false]
10-23 09:15:08.949 D/ConnectivityService( 1091): allowed status for uid 10020 when rule is 0 (NONE): true
10-23 09:15:08.949 I/NetworkIdentity( 1091): buildNetworkIdentity:
10-23 09:15:08.950 I/NetworkIdentity( 1091): networkId = KabelBox-6C6C
10-23 09:15:08.950 D/ConnectivityService( 1091): getActiveNetworkInfo networkInfo = [type: WIFI[], state: CONNECTED/CONNECTED, reason: (unspecified), extra: "KabelBox-6C6C", failover: false, available: true, roaming: false, metered: false]
10-23 09:15:08.951 D/ConnectivityService( 1091): allowed status for uid 10020 when rule is 0 (NONE): true
10-23 09:15:08.951 I/NetworkIdentity( 1091): buildNetworkIdentity:
10-23 09:15:08.951 I/NetworkIdentity( 1091): networkId = KabelBox-6C6C
10-23 09:15:08.951 D/ConnectivityService( 1091): getActiveNetworkInfo networkInfo = [type: WIFI[], state: CONNECTED/CONNECTED, reason: (unspecified), extra: "KabelBox-6C6C", failover: false, available: true, roaming: false, metered: false]
10-23 09:15:08.952 D/ConnectivityService( 1091): allowed status for uid 10020 when rule is 0 (NONE): true
10-23 09:15:08.952 D/DisplayPowerController( 1091): requestPowerState: policy=OFF, useProximitySensor=false, screenBrightness=102, screenAutoBrightnessAdjustment=0.0, brightnessSetByUser=true, useAutoBrightness=false, blockScreenOn=false, lowPowerMode=false, boostScreenBrightness=false, dozeScreenBrightness=-1, dozeScreenState=UNKNOWN, useTwilight=false,autoModeScreenBrightness=255,autoModeManualOp=false, waitForNegativeProximity=false, changed=false
10-23 09:15:08.952 I/NetworkIdentity( 1091): buildNetworkIdentity:
10-23 09:15:08.952 D/PowerManagerNotifier( 1091): onWakeLockAcquired: flags=1, tag="*job*/DownloadManager:com.android.providers.downloads", packageName=android, ownerUid=1000, ownerPid=1091, workSource=WorkSource{10020}
10-23 09:15:08.953 I/NetworkIdentity( 1091): networkId = KabelBox-6C6C
10-23 09:15:08.953 D/ConnectivityService( 1091): getActiveNetworkInfo networkInfo = [type: WIFI[], state: CONNECTED/CONNECTED, reason: (unspecified), extra: "KabelBox-6C6C", failover: false, available: true, roaming: false, metered: false]
10-23 09:15:08.954 D/ConnectivityService( 1091): allowed status for uid 10020 when rule is 0 (NONE): true
10-23 09:15:08.954 I/NetworkIdentity( 1091): buildNetworkIdentity:
10-23 09:15:08.954 I/NetworkIdentity( 1091): networkId = KabelBox-6C6C
10-23 09:15:08.955 D/ConnectivityService( 1091): getActiveNetworkInfo networkInfo = [type: WIFI[], state: CONNECTED/CONNECTED, reason: (unspecified), extra: "KabelBox-6C6C", failover: false, available: true, roaming: false, metered: false]
10-23 09:15:08.957 I/DownloadProviderPluginExt( 6245): Enter: setContinueDownload --default implement
10-23 09:15:08.957 I/DownloadProviderPluginExt( 6245): Enter: setDownloadPath --default implement
10-23 09:15:08.961 V/ActivityManager( 1091): Broadcast: Intent { act=com.android.launcher.action.ACTION_PACKAGE_DOWNLOADING dat=package:com.google.android.ims flg=0x10 pkg=com.google.android.googlequicksearchbox } ordered=false userid=0 callerApp=ProcessRecord{b9e8ae4 6229:com.android.vending/u0a20}
10-23 09:15:08.968 I/DownloadManager( 6245): start run download thread
10-23 09:15:08.974 I/DownloadManager( 6245): Download 133 starting ,currentThread id: 16816
10-23 09:15:09.002 D/ConnectivityService( 1091): getActiveNetworkForUidInternal nai = NetworkAgentInfo [WIFI () - 190]
10-23 09:15:09.004 I/NetworkIdentity( 1091): buildNetworkIdentity:
10-23 09:15:09.004 I/NetworkIdentity( 1091): networkId = KabelBox-6C6C
10-23 09:15:09.010 W/PackageManager( 1091): checkUidPermission(): android.permission.ACCESS_ALL_DOWNLOADS of 10020 is denied.
10-23 09:15:09.011 W/System  ( 6245): ClassLoader referenced unknown path: 
10-23 09:15:09.030 I/Finsky  ( 6229): [1] com.google.android.finsky.download.n.a(98): com.google.android.ims: onProgress 0/-1 Status: 192 URI: content://downloads/my_downloads/133.
10-23 09:15:09.031 V/NotificationService( 1091): enqueueNotificationInternal: pkg=com.android.providers.downloads id=0 notification=Notification(pri=0 contentView=null vibrate=null sound=null defaults=0x0 flags=0x2 color=0xff607d8b actions=1 vis=PRIVATE)
10-23 09:15:09.032 D/NetworkSecurityConfig( 6245): No Network Security Config specified, using platform default
10-23 09:15:09.033 V/ActivityManager( 1091): Broadcast: Intent { act=com.android.launcher.action.ACTION_PACKAGE_DOWNLOADING dat=package:com.google.android.ims flg=0x10 pkg=com.google.android.googlequicksearchbox } ordered=false userid=0 callerApp=ProcessRecord{b9e8ae4 6229:com.android.vending/u0a20}
10-23 09:15:09.035 D/NotificationService( 1091): EnqueueNotificationRunnable.run for: 0|com.android.providers.downloads|0|1:com.android.vending|10009
10-23 09:15:09.042 I/NetworkIdentity( 1091): buildNetworkIdentity:
10-23 09:15:09.042 I/NetworkIdentity( 1091): networkId = KabelBox-6C6C
10-23 09:15:09.045 V/NotificationService( 1091): pkg=com.android.providers.downloads canInterrupt=false intercept=false
10-23 09:15:09.052 D/StatusBar( 1537): onNotificationPosted: StatusBarNotification(pkg=com.android.providers.downloads user=UserHandle{0} id=0 tag=1:com.android.vending key=0|com.android.providers.downloads|0|1:com.android.vending|10009: Notification(pri=0 contentView=null vibrate=null sound=null defaults=0x0 flags=0x2 color=0xff607d8b actions=1 vis=PRIVATE))
10-23 09:15:09.058 D/PhoneStatusBar( 1537): addNotification key=0|com.android.providers.downloads|0|1:com.android.vending|10009
10-23 09:15:09.058 D/NetworkSecurityConfig( 6245): No Network Security Config specified, using platform default
10-23 09:15:09.060 I/System.out( 6245): [CDS][DNS] getAllByNameOnNet netId = 190
10-23 09:15:09.061 D/libc-netbsd( 6245): [getaddrinfo]: mtk hostname=play.googleapis.com; servname=(null); netid=0; mark=0
10-23 09:15:09.061 D/libc-netbsd( 6245): [getaddrinfo]: mtk ai_addrlen=0; ai_canonname=(null); ai_flags=4; ai_family=0
10-23 09:15:09.062 D/libc-netbsd( 6245): [getaddrinfo]: mtk hostname=play.googleapis.com; servname=(null); netid=190; mark=0
10-23 09:15:09.062 D/libc-netbsd( 6245): [getaddrinfo]: mtk ai_addrlen=0; ai_canonname=(null); ai_flags=1024; ai_family=0
10-23 09:15:09.062 D/FrameworkListener(  454): dispatchCommand data = (getaddrinfo play.googleapis.com ^ 1024 0 1 0 190)
10-23 09:15:09.067 D/StatusBar( 1537): mDeviceProvisioned is true
10-23 09:15:09.067 D/StatusBar( 1537): mDeviceProvisioned is true
10-23 09:15:09.067 D/StatusBar( 1537): mDeviceProvisioned is true
10-23 09:15:09.067 D/StatusBar( 1537): mDeviceProvisioned is true
10-23 09:15:09.067 D/StatusBar( 1537): mDeviceProvisioned is true
10-23 09:15:09.067 D/StatusBar( 1537): mDeviceProvisioned is true
10-23 09:15:09.067 D/StatusBar( 1537): mDeviceProvisioned is true
10-23 09:15:09.067 D/StatusBar( 1537): mDeviceProvisioned is true
10-23 09:15:09.067 D/StatusBar( 1537): mDeviceProvisioned is true
10-23 09:15:09.067 D/StatusBar( 1537): mDeviceProvisioned is true
10-23 09:15:09.067 D/StatusBar( 1537): mDeviceProvisioned is true
10-23 09:15:09.067 D/StatusBar( 1537): mDeviceProvisioned is true
10-23 09:15:09.067 D/StatusBar( 1537): mDeviceProvisioned is true
10-23 09:15:09.067 D/StatusBar( 1537): mDeviceProvisioned is true
10-23 09:15:09.067 D/StatusBar( 1537): mDeviceProvisioned is true
10-23 09:15:09.067 D/StatusBar( 1537): mDeviceProvisioned is true
10-23 09:15:09.067 D/StatusBar( 1537): mDeviceProvisioned is true
10-23 09:15:09.067 D/StatusBar( 1537): mDeviceProvisioned is true
10-23 09:15:09.067 D/StatusBar( 1537): mDeviceProvisioned is true
10-23 09:15:09.067 D/StatusBar( 1537): mDeviceProvisioned is true
10-23 09:15:09.067 D/StatusBar( 1537): mDeviceProvisioned is true
10-23 09:15:09.069 D/libc-netbsd(  454): [getaddrinfo]: mtk hostname=play.googleapis.com; servname=(null); netid=190; mark=983230
10-23 09:15:09.069 D/libc-netbsd(  454): [getaddrinfo]: mtk ai_addrlen=0; ai_canonname=(null); ai_flags=1024; ai_family=0
10-23 09:15:09.069 D/libc-netbsd(  454): getaddrinfo: play.googleapis.com get result from proxy gai_error = 11
10-23 09:15:09.070 D/libc-netbsd(  454): default dns: query_ipv6=1, query_ipv4=1
10-23 09:15:09.070 D/libc-netbsd(  454): res_queryN name = play.googleapis.com, class = 1, type = 28
10-23 09:15:09.070 D/libc-netbsd(  454): res_queryN name = play.googleapis.com, class = 1, type = 1
10-23 09:15:09.071 D/libc-netbsd(  454): res_queryN name = play.googleapis.com succeed
10-23 09:15:09.071 D/SocketClient(  454): SocketClient sendData done: 222
10-23 09:15:09.071 D/SocketClient(  454): SocketClient sendData done: 
10-23 09:15:09.071 D/SocketClient(  454): SocketClient sendData done: 
10-23 09:15:09.072 D/SocketClient(  454): SocketClient sendData done: 
10-23 09:15:09.072 D/SocketClient(  454): SocketClient sendData done: 
10-23 09:15:09.072 D/SocketClient(  454): SocketClient sendData done: 
10-23 09:15:09.072 D/SocketClient(  454): SocketClient sendData done: 
10-23 09:15:09.072 D/SocketClient(  454): SocketClient sendData done: 
10-23 09:15:09.072 D/SocketClient(  454): SocketClient sendData done: 
10-23 09:15:09.072 D/SocketClient(  454): SocketClient sendData done: 
10-23 09:15:09.072 D/SocketClient(  454): SocketClient sendData done: 
10-23 09:15:09.072 D/SocketClient(  454): SocketClient sendData done: 
10-23 09:15:09.072 D/SocketClient(  454): SocketClient sendData done: 
10-23 09:15:09.072 D/SocketClient(  454): SocketClient sendData done: 
10-23 09:15:09.072 D/SocketClient(  454): SocketClient sendData done: 
10-23 09:15:09.073 D/SocketClient(  454): SocketClient sendData done: 
10-23 09:15:09.073 D/SocketClient(  454): SocketClient sendData done: 
10-23 09:15:09.073 D/SocketClient(  454): SocketClient sendData done: 
10-23 09:15:09.073 D/SocketClient(  454): SocketClient sendData done: 
10-23 09:15:09.073 D/SocketClient(  454): SocketClient sendData done: 
10-23 09:15:09.073 D/SocketClient(  454): SocketClient sendData done: 
10-23 09:15:09.073 D/SocketClient(  454): SocketClient sendData done: 
10-23 09:15:09.073 D/SocketClient(  454): SocketClient sendData done: 
10-23 09:15:09.073 D/SocketClient(  454): SocketClient sendData done: 
10-23 09:15:09.073 D/SocketClient(  454): SocketClient sendData done: 
10-23 09:15:09.073 D/SocketClient(  454): SocketClient sendData done: 
10-23 09:15:09.073 D/SocketClient(  454): SocketClient sendData done: 
10-23 09:15:09.073 D/SocketClient(  454): SocketClient sendData done: 
10-23 09:15:09.073 D/SocketClient(  454): SocketClient sendData done: 
10-23 09:15:09.074 D/libc-netbsd( 6245): getaddrinfo: play.googleapis.com get result from proxy gai_error = 0
10-23 09:15:09.077 D/StatusBar( 1537): mDeviceProvisioned is true
10-23 09:15:09.078 D/StatusBar( 1537): mDeviceProvisioned is true
10-23 09:15:09.078 D/StatusBar( 1537): mDeviceProvisioned is true
10-23 09:15:09.078 D/StatusBar( 1537): mDeviceProvisioned is true
10-23 09:15:09.078 D/StatusBar( 1537): mDeviceProvisioned is true
10-23 09:15:09.078 D/StatusBar( 1537): mDeviceProvisioned is true
10-23 09:15:09.078 D/StatusBar( 1537): mDeviceProvisioned is true
10-23 09:15:09.078 D/StatusBar( 1537): mDeviceProvisioned is true
10-23 09:15:09.078 D/StatusBar( 1537): mDeviceProvisioned is true
10-23 09:15:09.078 D/StatusBar( 1537): mDeviceProvisioned is true
10-23 09:15:09.078 D/StatusBar( 1537): mDeviceProvisioned is true
10-23 09:15:09.079 I/System.out( 6245): [socket][0] connection play.googleapis.com/2a00:1450:4013:c05::5f:443;LocalPort=-1(60000)
10-23 09:15:09.079 D/        ( 6245): [Posix_connect Debug]Process android.process.media :443 
10-23 09:15:09.092 I/Backup  (12682): [BackupHttpRequestUtil] Http Response Code: 200
10-23 09:15:09.094 I/System.out(12682): Wrong owner. Perhaps a late disconnect
10-23 09:15:09.101 V/ActivityThread( 5704): SVC-Creating service CreateServiceData{token=android.os.BinderProxy@a79b779 className=com.google.android.gms.backup.stats.BackupStatsService packageName=com.google.android.gms intent=null}
10-23 09:15:09.115 I/System.out( 6245): [socket][/2a02:810c:340:4f36:6916:e1e5:1d62:35ff:40455] connected
10-23 09:15:09.118 V/ActivityThread( 5704): SVC-Destroying service com.google.android.gms.backup.stats.BackupStatsService@c502cbe
10-23 09:15:09.119 I/Backup  (12682): [GmsBackupTransport] Backup finished for android
10-23 09:15:09.122 I/BackupManagerService( 1091): K/V backup pass finished.
10-23 09:15:09.122 D/PowerManagerNotifier( 1091): onWakeLockReleased: flags=1, tag="*backup*", packageName=android, ownerUid=1000, ownerPid=1091, workSource=null
10-23 09:15:09.123 D/DisplayPowerController( 1091): requestPowerState: policy=OFF, useProximitySensor=false, screenBrightness=102, screenAutoBrightnessAdjustment=0.0, brightnessSetByUser=true, useAutoBrightness=false, blockScreenOn=false, lowPowerMode=false, boostScreenBrightness=false, dozeScreenBrightness=-1, dozeScreenState=UNKNOWN, useTwilight=false,autoModeScreenBrightness=255,autoModeManualOp=false, waitForNegativeProximity=false, changed=false
10-23 09:15:09.123 D/libc-netbsd( 6245): [getaddrinfo]: mtk hostname=play.googleapis.com; servname=(null); netid=0; mark=0
10-23 09:15:09.123 D/libc-netbsd( 6245): [getaddrinfo]: mtk ai_addrlen=0; ai_canonname=(null); ai_flags=4; ai_family=0
10-23 09:15:09.123 D/ActivityThread(12682): SVC-Calling onStartCommand: com.google.android.gms.chimera.PersistentDirectBootAwareApiService@9d1246b, flags=0, startId=51993
10-23 09:15:09.124 D/NativeCrypto( 6245): ssl=0x7ab34c3300 NativeCrypto_SSL_do_handshake fd=0x7aa0a38348 shc=0x7aa0a3834c timeout_millis=60000 client_mode=1 npn=0x0
10-23 09:15:09.125 D/NativeCrypto( 6245): doing handshake ++
10-23 09:15:09.126 D/NativeCrypto( 6245): ssl=0x7ab34c3300 info_callback where=0x10 ret=1
10-23 09:15:09.126 D/NativeCrypto( 6245): ssl=0x7ab34c3300 handshake start in CINIT  before connect initialization
10-23 09:15:09.126 D/NativeCrypto( 6245): ssl=0x7ab34c3300 info_callback calling handshakeCompleted
10-23 09:15:09.126 D/NativeCrypto( 6245): ssl=0x7ab34c3300 info_callback completed
10-23 09:15:09.126 D/NativeCrypto( 6245): ssl=0x7ab34c3300 info_callback where=0x1001 ret=1
10-23 09:15:09.126 D/NativeCrypto( 6245): ssl=0x7ab34c3300 SSL_connect:CINIT  before connect initialization
10-23 09:15:09.126 D/NativeCrypto( 6245): ssl=0x7ab34c3300 info_callback ignored
10-23 09:15:09.127 D/NativeCrypto( 6245): ssl=0x7ab34c3300 info_callback where=0x1001 ret=1
10-23 09:15:09.127 D/NativeCrypto( 6245): ssl=0x7ab34c3300 SSL_connect:3WCH_A SSLv3 write client hello A
10-23 09:15:09.127 D/NativeCrypto( 6245): ssl=0x7ab34c3300 info_callback ignored
10-23 09:15:09.127 D/NativeCrypto( 6245): ssl=0x7ab34c3300 info_callback where=0x1002 ret=-1
10-23 09:15:09.127 D/NativeCrypto( 6245): ssl=0x7ab34c3300 SSL_connect:error exit in 3RSH_A SSLv3 read server hello A
10-23 09:15:09.128 D/NativeCrypto( 6245): ssl=0x7ab34c3300 info_callback ignored
10-23 09:15:09.128 D/NativeCrypto( 6245): doing handshake -- ret=-1
10-23 09:15:09.128 D/NativeCrypto( 6245): ssl=0x7ab34c3300 NativeCrypto_SSL_do_handshake ret=-1 errno=11 sslError=2 timeout_millis=60000
10-23 09:15:09.128 D/SQLiteDatabase(12682): beginTransaction()
10-23 09:15:09.132 D/SQLiteDatabase(12682): endTransaction()
10-23 09:15:09.154 D/NativeCrypto( 6245): doing handshake ++
10-23 09:15:09.154 D/NativeCrypto( 6245): ssl=0x7ab34c3300 info_callback where=0x1001 ret=1
10-23 09:15:09.154 D/NativeCrypto( 6245): ssl=0x7ab34c3300 SSL_connect:3RSH_A SSLv3 read server hello A
10-23 09:15:09.154 D/NativeCrypto( 6245): ssl=0x7ab34c3300 info_callback ignored
10-23 09:15:09.154 D/NativeCrypto( 6245): ssl=0x7ab34c3300 info_callback where=0x1002 ret=-1
10-23 09:15:09.154 D/NativeCrypto( 6245): ssl=0x7ab34c3300 SSL_connect:error exit in 3RSC_A SSLv3 read server certificate A
10-23 09:15:09.154 D/NativeCrypto( 6245): ssl=0x7ab34c3300 info_callback ignored
10-23 09:15:09.154 D/NativeCrypto( 6245): doing handshake -- ret=-1
10-23 09:15:09.154 D/NativeCrypto( 6245): ssl=0x7ab34c3300 NativeCrypto_SSL_do_handshake ret=-1 errno=11 sslError=2 timeout_millis=60000
10-23 09:15:09.155 D/NativeCrypto( 6245): doing handshake ++
10-23 09:15:09.157 D/NativeCrypto( 6245): ssl=0x7ab34c3300 info_callback where=0x1001 ret=1
10-23 09:15:09.157 D/NativeCrypto( 6245): ssl=0x7ab34c3300 SSL_connect:3RSC_A SSLv3 read server certificate A
10-23 09:15:09.157 D/NativeCrypto( 6245): ssl=0x7ab34c3300 info_callback ignored
10-23 09:15:09.157 E/NativeCrypto( 6245): ssl=0x7ab34c3300 cert_verify_callback x509_store_ctx=0x7aa0a380b8 arg=0x0
10-23 09:15:09.157 E/NativeCrypto( 6245): ssl=0x7ab34c3300 cert_verify_callback calling verifyCertificateChain authMethod=ECDHE_ECDSA
