10-23 09:15:10.232 D/StatusBar( 1537): onNotificationRemoved: StatusBarNotification(pkg=com.android.providers.downloads user=UserHandle{0} id=0 tag=1:com.android.vending key=0|com.android.providers.downloads|0|1:com.android.vending|10009: Notification(pri=0 contentView=null vibrate=null sound=null defaults=0x0 flags=0x2 color=0xff607d8b actions=1 vis=PRIVATE))
10-23 09:15:10.232 I/System.out(12682): Check isMmsSendPdu
10-23 09:15:10.233 I/System.out(12682): PDU read len:690
10-23 09:15:10.233 I/System.out(12682): MMS PDU Type:97:110
10-23 09:15:10.233 I/System.out(12682): [OkHttp] sendRequest<<
10-23 09:15:10.235 V/AlarmManager( 1091): APP set with listener(*job.delay*) : type=2 triggerAtTime=1955176916 win=-1 tElapsed=1955179917 maxElapsed=1955179917 interval=0 flags=0x0
10-23 09:15:10.236 D/StatusBar( 1537): mDeviceProvisioned is true
10-23 09:15:10.236 D/StatusBar( 1537): mDeviceProvisioned is true
10-23 09:15:10.236 D/StatusBar( 1537): mDeviceProvisioned is true
10-23 09:15:10.236 D/StatusBar( 1537): mDeviceProvisioned is true
10-23 09:15:10.236 D/StatusBar( 1537): mDeviceProvisioned is true
10-23 09:15:10.236 D/StatusBar( 1537): mDeviceProvisioned is true
10-23 09:15:10.236 D/StatusBar( 1537): mDeviceProvisioned is true
10-23 09:15:10.236 D/StatusBar( 1537): mDeviceProvisioned is true
10-23 09:15:10.236 D/StatusBar( 1537): mDeviceProvisioned is true
10-23 09:15:10.236 D/StatusBar( 1537): mDeviceProvisioned is true
10-23 09:15:10.236 D/StatusBar( 1537): mDeviceProvisioned is true
10-23 09:15:10.236 D/StatusBar( 1537): mDeviceProvisioned is true
10-23 09:15:10.236 D/StatusBar( 1537): mDeviceProvisioned is true
10-23 09:15:10.236 D/StatusBar( 1537): mDeviceProvisioned is true
10-23 09:15:10.236 D/StatusBar( 1537): mDeviceProvisioned is true
10-23 09:15:10.236 D/StatusBar( 1537): mDeviceProvisioned is true
10-23 09:15:10.236 D/StatusBar( 1537): mDeviceProvisioned is true
10-23 09:15:10.236 D/StatusBar( 1537): mDeviceProvisioned is true
10-23 09:15:10.236 D/StatusBar( 1537): mDeviceProvisioned is true
10-23 09:15:10.236 D/StatusBar( 1537): mDeviceProvisioned is true
10-23 09:15:10.236 D/StatusBar( 1537): mDeviceProvisioned is true
10-23 09:15:10.236 D/StatusBar( 1537): mDeviceProvisioned is true
10-23 09:15:10.236 D/StatusBar( 1537): mDeviceProvisioned is true
10-23 09:15:10.236 D/StatusBar( 1537): mDeviceProvisioned is true
10-23 09:15:10.236 D/StatusBar( 1537): mDeviceProvisioned is true
10-23 09:15:10.236 D/StatusBar( 1537): mDeviceProvisioned is true
10-23 09:15:10.236 D/StatusBar( 1537): mDeviceProvisioned is true
10-23 09:15:10.236 D/StatusBar( 1537): mDeviceProvisioned is true
10-23 09:15:10.236 D/StatusBar( 1537): mDeviceProvisioned is true
10-23 09:15:10.236 D/StatusBar( 1537): mDeviceProvisioned is true
10-23 09:15:10.236 D/StatusBar( 1537): mDeviceProvisioned is true
10-23 09:15:10.236 D/StatusBar( 1537): mDeviceProvisioned is true
10-23 09:15:10.237 D/AlarmManager( 1091): remove(operation) changed bounds; rebatching operation = null
10-23 09:15:10.237 I/wind/AppLockService(30388): pid30889procState11
10-23 09:15:10.238 D/StatusBar( 1537): mDeviceProvisioned is true
10-23 09:15:10.238 D/StatusBar( 1537): mDeviceProvisioned is true
10-23 09:15:10.238 D/StatusBar( 1537): mDeviceProvisioned is true
10-23 09:15:10.238 D/StatusBar( 1537): mDeviceProvisioned is true
10-23 09:15:10.238 D/StatusBar( 1537): mDeviceProvisioned is true
10-23 09:15:10.238 D/StatusBar( 1537): mDeviceProvisioned is true
10-23 09:15:10.238 D/StatusBar( 1537): mDeviceProvisioned is true
10-23 09:15:10.238 D/StatusBar( 1537): mDeviceProvisioned is true
10-23 09:15:10.238 D/StatusBar( 1537): mDeviceProvisioned is true
10-23 09:15:10.238 D/StatusBar( 1537): mDeviceProvisioned is true
10-23 09:15:10.238 D/StatusBar( 1537): mDeviceProvisioned is true
10-23 09:15:10.238 D/StatusBar( 1537): mDeviceProvisioned is true
10-23 09:15:10.238 D/StatusBar( 1537): mDeviceProvisioned is true
10-23 09:15:10.238 D/StatusBar( 1537): mDeviceProvisioned is true
10-23 09:15:10.238 D/StatusBar( 1537): mDeviceProvisioned is true
10-23 09:15:10.238 D/StatusBar( 1537): mDeviceProvisioned is true
10-23 09:15:10.238 D/StatusBar( 1537): mDeviceProvisioned is true
10-23 09:15:10.238 D/StatusBar( 1537): mDeviceProvisioned is true
10-23 09:15:10.238 D/StatusBar( 1537): mDeviceProvisioned is true
10-23 09:15:10.238 D/StatusBar( 1537): mDeviceProvisioned is true
10-23 09:15:10.238 D/StatusBar( 1537): mDeviceProvisioned is true
10-23 09:15:10.238 D/StatusBar( 1537): mDeviceProvisioned is true
10-23 09:15:10.238 D/StatusBar( 1537): mDeviceProvisioned is true
10-23 09:15:10.238 D/StatusBar( 1537): mDeviceProvisioned is true
10-23 09:15:10.238 D/StatusBar( 1537): mDeviceProvisioned is true
10-23 09:15:10.238 D/StatusBar( 1537): mDeviceProvisioned is true
10-23 09:15:10.238 D/StatusBar( 1537): mDeviceProvisioned is true
10-23 09:15:10.238 D/StatusBar( 1537): mDeviceProvisioned is true
10-23 09:15:10.238 D/StatusBar( 1537): mDeviceProvisioned is true
10-23 09:15:10.238 D/StatusBar( 1537): mDeviceProvisioned is true
10-23 09:15:10.238 I/Finsky  ( 6229): [1] com.google.android.finsky.download.n.a(98): com.google.android.ims: onProgress 1687870/1687870 Status: 200 URI: content://downloads/my_downloads/133.
10-23 09:15:10.238 D/StatusBar( 1537): mDeviceProvisioned is true
10-23 09:15:10.238 D/StatusBar( 1537): mDeviceProvisioned is true
10-23 09:15:10.239 D/ConnectivityService( 1091): allowed status for uid 10060 when rule is 0 (NONE): true
10-23 09:15:10.239 I/NetworkIdentity( 1091): buildNetworkIdentity:
10-23 09:15:10.239 I/NetworkIdentity( 1091): networkId = KabelBox-6C6C
10-23 09:15:10.239 D/ConnectivityService( 1091): getActiveNetworkInfo networkInfo = [type: WIFI[], state: CONNECTED/CONNECTED, reason: (unspecified), extra: "KabelBox-6C6C", failover: false, available: true, roaming: false, metered: false]
10-23 09:15:10.240 D/AlarmManager( 1091): set alarm to RTC 1955179917
10-23 09:15:10.240 V/ActivityManager( 1091): Broadcast: Intent { act=com.android.launcher.action.ACTION_PACKAGE_DOWNLOADING dat=package:com.google.android.ims flg=0x10 pkg=com.google.android.googlequicksearchbox } ordered=false userid=0 callerApp=ProcessRecord{b9e8ae4 6229:com.android.vending/u0a20}
10-23 09:15:10.243 D/ConnectivityService( 1091): allowed status for uid 10060 when rule is 0 (NONE): true
10-23 09:15:10.243 I/NetworkIdentity( 1091): buildNetworkIdentity:
10-23 09:15:10.244 I/NetworkIdentity( 1091): networkId = KabelBox-6C6C
10-23 09:15:10.244 D/ConnectivityService( 1091): getActiveNetworkInfo networkInfo = [type: WIFI[], state: CONNECTED/CONNECTED, reason: (unspecified), extra: "KabelBox-6C6C", failover: false, available: true, roaming: false, metered: false]
10-23 09:15:10.249 I/wind/AppLockService(30388): pid30889procState13
10-23 09:15:10.249 D/StatusBar( 1537): mDeviceProvisioned is true
10-23 09:15:10.250 D/PhoneStatusBar( 1537): removeNotification key=0|com.android.providers.downloads|0|1:com.android.vending|10009 old=StatusBarNotification(pkg=com.android.providers.downloads user=UserHandle{0} id=0 tag=1:com.android.vending key=0|com.android.providers.downloads|0|1:com.android.vending|10009: Notification(pri=0 contentView=null vibrate=null sound=null defaults=0x0 flags=0x2 color=0xff607d8b actions=1 vis=PRIVATE))
10-23 09:15:10.251 D/DefaultStatusBarPlmnPlugin( 1537): into supportCustomizeCarrierLabel: false
10-23 09:15:10.252 D/SQLiteDatabase(12682): beginTransaction()
10-23 09:15:10.256 D/SQLiteDatabase(12682): endTransaction()
10-23 09:15:10.257 D/PowerManagerNotifier( 1091): onWakeLockReleased: flags=1, tag="*job*/DownloadManager:com.android.providers.downloads", packageName=android, ownerUid=1000, ownerPid=1091, workSource=WorkSource{10020}
10-23 09:15:10.257 D/DisplayPowerController( 1091): requestPowerState: policy=OFF, useProximitySensor=false, screenBrightness=102, screenAutoBrightnessAdjustment=0.0, brightnessSetByUser=true, useAutoBrightness=false, blockScreenOn=false, lowPowerMode=false, boostScreenBrightness=false, dozeScreenBrightness=-1, dozeScreenState=UNKNOWN, useTwilight=false,autoModeScreenBrightness=255,autoModeManualOp=false, waitForNegativeProximity=false, changed=false
10-23 09:15:10.260 V/ActivityThread( 6245): SVC-Destroying service com.android.providers.downloads.DownloadJobService@3755cb
10-23 09:15:10.267 I/wind/AppLockService(30388): pid30889procState11
10-23 09:15:10.272 I/wind/AppLockService(30388): pid30889procState13
10-23 09:15:10.274 D/ActivityThread(12682): SVC-Calling onStartCommand: com.google.android.gms.chimera.PersistentDirectBootAwareApiService@9d1246b, flags=0, startId=51994
10-23 09:15:10.278 D/ConnectivityService( 1091): allowed status for uid 10012 when rule is 1 (ALLOW_METERED): true
10-23 09:15:10.278 I/NetworkIdentity( 1091): buildNetworkIdentity:
10-23 09:15:10.278 I/NetworkIdentity( 1091): networkId = KabelBox-6C6C
10-23 09:15:10.278 D/ConnectivityService( 1091): getActiveNetworkInfo networkInfo = [type: WIFI[], state: CONNECTED/CONNECTED, reason: (unspecified), extra: "KabelBox-6C6C", failover: false, available: true, roaming: false, metered: false]
10-23 09:15:10.279 D/SQLiteDatabase(12682): beginTransaction()
10-23 09:15:10.283 D/SQLiteDatabase(12682): endTransaction()
10-23 09:15:10.283 D/SQLiteDatabase(12682): beginTransaction()
10-23 09:15:10.283 D/DisplayPowerController( 1091): requestPowerState: policy=OFF, useProximitySensor=false, screenBrightness=102, screenAutoBrightnessAdjustment=0.0, brightnessSetByUser=true, useAutoBrightness=false, blockScreenOn=false, lowPowerMode=false, boostScreenBrightness=false, dozeScreenBrightness=-1, dozeScreenState=UNKNOWN, useTwilight=false,autoModeScreenBrightness=255,autoModeManualOp=false, waitForNegativeProximity=false, changed=false
10-23 09:15:10.284 D/PowerManagerNotifier( 1091): onWakeLockAcquired: flags=1, tag="*net_scheduler*", packageName=com.google.android.gms, ownerUid=10012, ownerPid=12682, workSource=WorkSource{10012 com.google.android.gms}
10-23 09:15:10.284 D/ConnectivityService( 1091): allowed status for uid 10012 when rule is 1 (ALLOW_METERED): true
10-23 09:15:10.285 I/NetworkIdentity( 1091): buildNetworkIdentity:
10-23 09:15:10.285 I/NetworkIdentity( 1091): networkId = KabelBox-6C6C
10-23 09:15:10.285 W/PackageManager( 1091): checkUidPermission(): android.permission.INTERACT_ACROSS_USERS of 10060 is denied.
10-23 09:15:10.285 D/ConnectivityService( 1091): getActiveNetworkInfo networkInfo = [type: WIFI[], state: CONNECTED/CONNECTED, reason: (unspecified), extra: "KabelBox-6C6C", failover: false, available: true, roaming: false, metered: false]
10-23 09:15:10.286 W/PackageManager( 1091): checkUidPermission(): android.permission.INTERACT_ACROSS_USERS_FULL of 10060 is denied.
10-23 09:15:10.286 D/ConnectivityService( 1091): allowed status for uid 10012 when rule is 1 (ALLOW_METERED): true
10-23 09:15:10.286 I/NetworkIdentity( 1091): buildNetworkIdentity:
10-23 09:15:10.286 I/NetworkIdentity( 1091): networkId = KabelBox-6C6C
10-23 09:15:10.286 D/ConnectivityService( 1091): getActiveNetworkInfo networkInfo = [type: WIFI[], state: CONNECTED/CONNECTED, reason: (unspecified), extra: "KabelBox-6C6C", failover: false, available: true, roaming: false, metered: false]
10-23 09:15:10.287 D/SQLiteDatabase(12682): endTransaction()
10-23 09:15:10.289 D/SQLiteDatabase( 1091): beginTransaction()
10-23 09:15:10.290 D/AlarmManager( 1091): manual remove option = PendingIntent{7050c25: PendingIntentRecord{6af2c6a com.google.android.gms broadcastIntent}}
10-23 09:15:10.290 D/AlarmManager( 1091): remove(operation) changed bounds; rebatching operation = PendingIntent{7050c25: PendingIntentRecord{6af2c6a com.google.android.gms broadcastIntent}}
10-23 09:15:10.292 D/SQLiteDatabase( 1091): endTransaction()
10-23 09:15:10.293 D/AlarmManager( 1091): set alarm to RTC 1955176916
10-23 09:15:10.306 D/SQLiteDatabase( 7173): beginTransaction()
10-23 09:15:10.308 D/SQLiteDatabase( 7173): endTransaction()
10-23 09:15:10.311 D/DisplayPowerController( 1091): requestPowerState: policy=OFF, useProximitySensor=false, screenBrightness=102, screenAutoBrightnessAdjustment=0.0, brightnessSetByUser=true, useAutoBrightness=false, blockScreenOn=false, lowPowerMode=false, boostScreenBrightness=false, dozeScreenBrightness=-1, dozeScreenState=UNKNOWN, useTwilight=false,autoModeScreenBrightness=255,autoModeManualOp=false, waitForNegativeProximity=false, changed=false
10-23 09:15:10.311 D/PowerManagerNotifier( 1091): onWakeLockAcquired: flags=1, tag="*net_scheduler*", packageName=com.google.android.gms, ownerUid=10012, ownerPid=12682, workSource=WorkSource{10012 com.google.android.gms}
10-23 09:15:10.322 D/SQLiteDatabase( 1091): beginTransaction()
10-23 09:15:10.324 D/SQLiteDatabase( 1091): endTransaction()
10-23 09:15:10.329 V/ActivityThread( 5704): SVC-Creating service CreateServiceData{token=android.os.BinderProxy@4b9211f className=com.google.android.gms.stats.PlatformStatsCollectorService packageName=com.google.android.gms intent=null}
10-23 09:15:10.334 D/ActivityThread( 5704): SVC-Calling onStartCommand: com.google.android.gms.stats.PlatformStatsCollectorService@7e4bc6c, flags=0, startId=1
10-23 09:15:10.337 D/SQLiteDatabase( 1091): beginTransaction()
10-23 09:15:10.340 D/SQLiteDatabase( 1091): endTransaction()
10-23 09:15:10.342 D/DisplayPowerController( 1091): requestPowerState: policy=OFF, useProximitySensor=false, screenBrightness=102, screenAutoBrightnessAdjustment=0.0, brightnessSetByUser=true, useAutoBrightness=false, blockScreenOn=false, lowPowerMode=false, boostScreenBrightness=false, dozeScreenBrightness=-1, dozeScreenState=UNKNOWN, useTwilight=false,autoModeScreenBrightness=255,autoModeManualOp=false, waitForNegativeProximity=false, changed=false
10-23 09:15:10.343 D/PowerManagerNotifier( 1091): onWakeLockAcquired: flags=1, tag="BackgroundTaskService-FetchAccountPropsTask", packageName=com.google.android.apps.photos, ownerUid=10060, ownerPid=7173, workSource=null
10-23 09:15:10.343 D/AppOps  ( 1091): startOperation: allowing code 40 uid 10060 package com.google.android.apps.photos
10-23 09:15:10.344 V/AlarmManager( 1091): APP set(PendingIntent{7a653ab: PendingIntentRecord{6af2c6a com.google.android.gms broadcastIntent}}) : type=2 triggerAtTime=1955600044 win=-1 tElapsed=1955600044 maxElapsed=1955918807 interval=0 flags=0x0
10-23 09:15:10.345 D/PowerManagerNotifier( 1091): onWakeLockReleased: flags=1, tag="BackgroundTaskService-FetchAccountPropsTask", packageName=com.google.android.apps.photos, ownerUid=10060, ownerPid=7173, workSource=null
10-23 09:15:10.345 D/DisplayPowerController( 1091): requestPowerState: policy=OFF, useProximitySensor=false, screenBrightness=102, screenAutoBrightnessAdjustment=0.0, brightnessSetByUser=true, useAutoBrightness=false, blockScreenOn=false, lowPowerMode=false, boostScreenBrightness=false, dozeScreenBrightness=-1, dozeScreenState=UNKNOWN, useTwilight=false,autoModeScreenBrightness=255,autoModeManualOp=false, waitForNegativeProximity=false, changed=false
10-23 09:15:10.346 D/PowerManagerNotifier( 1091): onWakeLockReleased: flags=1, tag="*net_scheduler*", packageName=com.google.android.gms, ownerUid=10012, ownerPid=12682, workSource=WorkSource{10012 com.google.android.gms}
10-23 09:15:10.346 D/DisplayPowerController( 1091): requestPowerState: policy=OFF, useProximitySensor=false, screenBrightness=102, screenAutoBrightnessAdjustment=0.0, brightnessSetByUser=true, useAutoBrightness=false, blockScreenOn=false, lowPowerMode=false, boostScreenBrightness=false, dozeScreenBrightness=-1, dozeScreenState=UNKNOWN, useTwilight=false,autoModeScreenBrightness=255,autoModeManualOp=false, waitForNegativeProximity=false, changed=false
10-23 09:15:10.350 I/wind/AppLockService(30388): pid7173procState16
10-23 09:15:10.393 W/art     ( 6823): Suspending all threads took: 12.385ms
10-23 09:15:10.449 D/SQLiteDatabase( 1091): beginTransaction()
10-23 09:15:10.452 D/SQLiteDatabase( 1091): endTransaction()
10-23 09:15:10.455 D/ActivityThread(12682): SVC-Calling onStartCommand: com.google.android.gms.chimera.PersistentApiService@c306022, flags=0, startId=9335
10-23 09:15:10.462 D/DisplayPowerController( 1091): requestPowerState: policy=OFF, useProximitySensor=false, screenBrightness=102, screenAutoBrightnessAdjustment=0.0, brightnessSetByUser=true, useAutoBrightness=false, blockScreenOn=false, lowPowerMode=false, boostScreenBrightness=false, dozeScreenBrightness=-1, dozeScreenState=UNKNOWN, useTwilight=false,autoModeScreenBrightness=255,autoModeManualOp=false, waitForNegativeProximity=false, changed=false
10-23 09:15:10.462 D/PowerManagerNotifier( 1091): onWakeLockAcquired: flags=1, tag="CMWakeLock", packageName=com.google.android.gms, ownerUid=10012, ownerPid=12682, workSource=WorkSource{10012 com.google.android.gms}
10-23 09:15:10.466 D/PowerManagerNotifier( 1091): onWakeLockReleased: flags=1, tag="CMWakeLock", packageName=com.google.android.gms, ownerUid=10012, ownerPid=12682, workSource=WorkSource{10012 com.google.android.gms}
10-23 09:15:10.466 D/DisplayPowerController( 1091): requestPowerState: policy=OFF, useProximitySensor=false, screenBrightness=102, screenAutoBrightnessAdjustment=0.0, brightnessSetByUser=true, useAutoBrightness=false, blockScreenOn=false, lowPowerMode=false, boostScreenBrightness=false, dozeScreenBrightness=-1, dozeScreenState=UNKNOWN, useTwilight=false,autoModeScreenBrightness=255,autoModeManualOp=false, waitForNegativeProximity=false, changed=false
10-23 09:15:10.469 D/ActivityThread(12682): SVC-Calling onStartCommand: com.google.android.gms.chimera.PersistentDirectBootAwareApiService@9d1246b, flags=0, startId=51995
10-23 09:15:10.472 D/SQLiteDatabase(12682): beginTransaction()
10-23 09:15:10.474 D/ActivityThread(12682): SVC-Calling onStartCommand: com.google.android.gms.chimera.PersistentApiService@c306022, flags=0, startId=9336
10-23 09:15:10.475 D/SQLiteDatabase(12682): beginTransaction()
10-23 09:15:10.476 V/ActivityThread(12682): SVC-Destroying service com.google.android.gms.auth.account.authenticator.GoogleAccountAuthenticatorService@63cbde1
10-23 09:15:10.477 D/ActivityThread( 6823): BDC-Calling onReceive: intent=Intent { act=android.accounts.LOGIN_ACCOUNTS_CHANGED flg=0x4000010 cmp=com.google.android.apps.tachyon/.registration.SystemAccountChangedReceiver }, receiver=com.google.android.apps.tachyon.registration.SystemAccountChangedReceiver@fde1744
10-23 09:15:10.481 D/SQLiteDatabase(12682): endTransaction()
10-23 09:15:10.481 D/SQLiteDatabase(12682): beginTransaction()
10-23 09:15:10.485 D/SQLiteDatabase(12682): endTransaction()
10-23 09:15:10.487 D/SQLiteDatabase(12682): endTransaction()
10-23 09:15:10.487 I/wind/AppLockService(30388): pid30889procState7
10-23 09:15:10.490 D/SQLiteDatabase(12682): beginTransaction()
10-23 09:15:10.492 D/SQLiteDatabase(12682): endTransaction()
10-23 09:15:10.495 D/SQLiteDatabase(12682): beginTransaction()
10-23 09:15:10.497 I/wind/AppLockService(30388): pid6823procState16
10-23 09:15:10.499 D/ActivityThread( 7020): BDC-Calling onReceive: intent=Intent { act=android.accounts.LOGIN_ACCOUNTS_CHANGED flg=0x4000010 cmp=com.google.android.calendar/com.google.android.apps.calendar.removeaccountdata.AccountDataCleaner }, receiver=com.google.android.apps.calendar.removeaccountdata.AccountDataCleaner@4e11a3e
10-23 09:15:10.500 D/SQLiteDatabase(12682): endTransaction()
10-23 09:15:10.500 D/ActivityThread(12682): SVC-Calling onStartCommand: com.google.android.gms.chimera.PersistentApiService@c306022, flags=0, startId=9337
10-23 09:15:10.501 D/SQLiteDatabase(12682): beginTransaction()
10-23 09:15:10.504 I/wind/AppLockService(30388): pid30889procState13
10-23 09:15:10.506 I/wind/AppLockService(30388): pid30889procState7
10-23 09:15:10.514 I/wind/AppLockService(30388): pid30889procState13
10-23 09:15:10.518 E/GED     ( 1950): Failed to execute ioctl 3222824709, BridgeID(5), err(-1)
10-23 09:15:10.518 E/GasService( 1950): Error on query GED info, err=1
10-23 09:15:10.524 W/PackageManager( 1091): checkUidPermission(): android.permission.BACKUP of 10033 is denied.
10-23 09:15:10.539 V/KeyValueBackupJob( 1091): Scheduling k/v pass in 241 minutes
10-23 09:15:10.539 I/NetworkIdentity( 1091): buildNetworkIdentity:
10-23 09:15:10.539 I/wind/AppLockService(30388): pid6640procState11
10-23 09:15:10.539 I/NetworkIdentity( 1091): networkId = KabelBox-6C6C
10-23 09:15:10.549 I/wind/AppLockService(30388): pid30889procState7
10-23 09:15:10.554 D/SQLiteDatabase(12682): endTransaction()
10-23 09:15:10.557 I/wind/AppLockService(30388): pid30889procState7
10-23 09:15:10.570 I/wind/AppLockService(30388): pid30889procState13
10-23 09:15:10.579 I/System.out( 6229): isEmailSend:POST
10-23 09:15:10.579 I/System.out( 6229): getAllHeaders:POST
10-23 09:15:10.579 I/System.out( 6229): test:Authorization:Bearer ya29.GooBPwbuTccLVl5NA1tjxV8FP_CQmyYihzE9BB41MI6N2SRWSpbr11FUh2Vnd_LrdaZ7HzC00T7-zJzxra4HykdwXslBa7ivBBoWRyAkMnnsLcAbnH5tVoPFw8qzMmDrnMoJdYpJmEM66tExw99qdxvjo16CPpnOfBIQtfjjKlngwsmqReqxo2uHRxSW
10-23 09:15:10.580 I/System.out( 6229): httpHeader:Content-Type: application/x-protobuf
10-23 09:15:10.586 D/ActivityThread(12682): SVC-Calling onStartCommand: com.google.android.gms.chimera.PersistentApiService@c306022, flags=0, startId=9338
10-23 09:15:10.586 D/SQLiteDatabase(12682): beginTransaction()
10-23 09:15:10.587 D/libc-netbsd( 6229): [getaddrinfo]: mtk hostname=www.googleapis.com; servname=(null); netid=0; mark=0
10-23 09:15:10.587 D/libc-netbsd( 6229): [getaddrinfo]: mtk ai_addrlen=0; ai_canonname=(null); ai_flags=4; ai_family=0
10-23 09:15:10.590 D/libc-netbsd( 6229): [getaddrinfo]: mtk hostname=www.googleapis.com; servname=(null); netid=0; mark=0
10-23 09:15:10.590 D/libc-netbsd( 6229): [getaddrinfo]: mtk ai_addrlen=0; ai_canonname=(null); ai_flags=1024; ai_family=0
10-23 09:15:10.591 D/FrameworkListener(  454): dispatchCommand data = (getaddrinfo www.googleapis.com ^ 1024 0 1 0 0)
10-23 09:15:10.594 I/wind/AppLockService(30388): pid6640procState13
10-23 09:15:10.595 D/libc-netbsd(  454): [getaddrinfo]: mtk hostname=www.googleapis.com; servname=(null); netid=190; mark=917694
10-23 09:15:10.595 D/libc-netbsd(  454): [getaddrinfo]: mtk ai_addrlen=0; ai_canonname=(null); ai_flags=1024; ai_family=0
10-23 09:15:10.595 D/libc-netbsd(  454): getaddrinfo: www.googleapis.com get result from proxy gai_error = 11
10-23 09:15:10.596 D/libc-netbsd(  454): default dns: query_ipv6=1, query_ipv4=1
10-23 09:15:10.596 D/libc-netbsd(  454): res_queryN name = www.googleapis.com, class = 1, type = 28
10-23 09:15:10.596 D/libc-netbsd(  454): netid=190, dns0:2a02:810c:340:4f36:925c:44ff:fef9:5436
10-23 09:15:10.596 D/libc-netbsd(  454): netid=190, dns1:192.168.0.1
10-23 09:15:10.599 D/libc-netbsd(  454): netid=190, dns2:8.8.8.8
10-23 09:15:10.604 D/ActivityThread( 7020): BDC-Calling onReceive: intent=Intent { act=android.accounts.LOGIN_ACCOUNTS_CHANGED flg=0x4000010 cmp=com.google.android.calendar/com.google.android.syncadapters.calendar.ObsoleteDataCleanerBroadcastReceiver }, receiver=com.google.android.syncadapters.calendar.ObsoleteDataCleanerBroadcastReceiver@6d09c4a
10-23 09:15:10.606 W/PackageManager( 1091): checkUidPermission(): android.permission.WRITE_MEDIA_STORAGE of 10045 is denied.
10-23 09:15:10.606 W/PackageManager( 1091): checkUidPermission(): android.permission.READ_EXTERNAL_STORAGE of 10045 is denied.
10-23 09:15:10.607 D/SQLiteDatabase(12682): endTransaction()
10-23 09:15:10.622 D/libc-netbsd(  454): res_queryN name = www.googleapis.com, class = 1, type = 1
10-23 09:15:10.623 D/libc-netbsd(  454): netid=190, dns0:2a02:810c:340:4f36:925c:44ff:fef9:5436
10-23 09:15:10.623 D/libc-netbsd(  454): netid=190, dns1:192.168.0.1
10-23 09:15:10.623 D/libc-netbsd(  454): netid=190, dns2:8.8.8.8
10-23 09:15:10.628 D/libc-netbsd(  454): res_queryN name = www.googleapis.com succeed
10-23 09:15:10.629 D/SocketClient(  454): SocketClient sendData done: 222
10-23 09:15:10.629 D/SocketClient(  454): SocketClient sendData done: 
10-23 09:15:10.629 D/SocketClient(  454): SocketClient sendData done: 
10-23 09:15:10.629 D/SocketClient(  454): SocketClient sendData done: 
10-23 09:15:10.629 D/SocketClient(  454): SocketClient sendData done: 
10-23 09:15:10.629 D/SocketClient(  454): SocketClient sendData done: 
10-23 09:15:10.629 D/SocketClient(  454): SocketClient sendData done: 
10-23 09:15:10.629 D/SocketClient(  454): SocketClient sendData done: 
10-23 09:15:10.629 D/SocketClient(  454): SocketClient sendData done: 
10-23 09:15:10.629 D/SocketClient(  454): SocketClient sendData done: 
10-23 09:15:10.629 D/SocketClient(  454): SocketClient sendData done: 
10-23 09:15:10.630 D/SocketClient(  454): SocketClient sendData done: 
10-23 09:15:10.630 D/SocketClient(  454): SocketClient sendData done: 
10-23 09:15:10.630 D/SocketClient(  454): SocketClient sendData done: 
10-23 09:15:10.630 D/SocketClient(  454): SocketClient sendData done: 
10-23 09:15:10.630 D/SocketClient(  454): SocketClient sendData done: 
10-23 09:15:10.630 D/SocketClient(  454): SocketClient sendData done: 
10-23 09:15:10.630 D/SocketClient(  454): SocketClient sendData done: 
10-23 09:15:10.630 D/SocketClient(  454): SocketClient sendData done: 
10-23 09:15:10.630 D/SocketClient(  454): SocketClient sendData done: 
10-23 09:15:10.630 D/SocketClient(  454): SocketClient sendData done: 
10-23 09:15:10.630 D/SocketClient(  454): SocketClient sendData done: 
10-23 09:15:10.630 D/SocketClient(  454): SocketClient sendData done: 
10-23 09:15:10.630 D/SocketClient(  454): SocketClient sendData done: 
10-23 09:15:10.630 D/SocketClient(  454): SocketClient sendData done: 
10-23 09:15:10.630 D/SocketClient(  454): SocketClient sendData done: 
10-23 09:15:10.630 D/SocketClient(  454): SocketClient sendData done: 
10-23 09:15:10.630 D/SocketClient(  454): SocketClient sendData done: 
10-23 09:15:10.630 D/SocketClient(  454): SocketClient sendData done: 
10-23 09:15:10.631 D/libc-netbsd( 6229): getaddrinfo: www.googleapis.com get result from proxy gai_error = 0
10-23 09:15:10.631 I/System.out( 6229): openConnection:4
10-23 09:15:10.631 D/libc-netbsd( 6229): [getaddrinfo]: mtk hostname=2a00:1450:4013:c05::5f; servname=(null); netid=0; mark=0
10-23 09:15:10.632 D/libc-netbsd( 6229): [getaddrinfo]: mtk ai_addrlen=0; ai_canonname=(null); ai_flags=4; ai_family=0
10-23 09:15:10.632 I/System.out( 6229): [socket][1] connection /2a00:1450:4013:c05::5f:443;LocalPort=-1(20000)
10-23 09:15:10.633 D/        ( 6229): [Posix_connect Debug]Process com.android.vending :443 
10-23 09:15:10.655 I/ActivityManager( 1091): Start proc 7210:com.google.android.gm/u0a45 for broadcast com.google.android.gm/.AccountsChangedReceiver
10-23 09:15:10.656 V/NetworkPolicy( 1091): updateRuleForRestrictBackgroundLocked(10045): isForeground=true, isBlacklisted=false, isWhitelisted=false, oldRule=0 (NONE), newRule=0 (NONE), newUidRules=0 (NONE), oldUidRules=0 (NONE)
10-23 09:15:10.656 V/NetworkPolicy( 1091): updateRulesForNonMeteredNetworksLocked(10045), isIdle: false, mRestrictPower: false, mDeviceIdleMode: false, isForeground=true, isWhitelisted=false, oldRule=0 (NONE), newRule=0 (NONE), newUidRules=0 (NONE), oldUidRules=0 (NONE)
10-23 09:15:10.658 V/ActivityManager( 1091): Broadcast: Intent { act=com.google.android.gms.phenotype.COMMIT flg=0x10 pkg=com.google.android.apps.mobileutilities (has extras) } ordered=false userid=0 callerApp=ProcessRecord{6d7f101 12682:com.google.android.gms.persistent/u0a12}
10-23 09:15:10.659 I/wind/AppLockService(30388): pid7020procState16
10-23 09:15:10.660 V/NetworkPolicy( 1091): updateRuleForRestrictBackgroundLocked(10045): isForeground=false, isBlacklisted=false, isWhitelisted=false, oldRule=0 (NONE), newRule=0 (NONE), newUidRules=0 (NONE), oldUidRules=0 (NONE)
10-23 09:15:10.660 V/NetworkPolicy( 1091): updateRulesForNonMeteredNetworksLocked(10045), isIdle: false, mRestrictPower: false, mDeviceIdleMode: false, isForeground=false, isWhitelisted=false, oldRule=0 (NONE), newRule=0 (NONE), newUidRules=0 (NONE), oldUidRules=0 (NONE)
10-23 09:15:10.661 V/ActivityManager( 1091): Broadcast: Intent { act=com.google.android.gms.phenotype.COMMIT flg=0x10 pkg=com.google.android.apps.internal.mobdog (has extras) } ordered=false userid=0 callerApp=ProcessRecord{6d7f101 12682:com.google.android.gms.persistent/u0a12}
10-23 09:15:10.662 I/System.out( 6229): [socket][/2a02:810c:340:4f36:6916:e1e5:1d62:35ff:40458] connected
10-23 09:15:10.666 D/WifiStateMachine( 1091):  ConnectedState CMD_GET_SUPPORTED_FEATURES uid=1000  rt=468315307/1955175349{ when=0 what=131133 target=com.android.internal.util.StateMachine$SmHandler } 0 0
10-23 09:15:10.667 D/WifiStateMachine( 1091):  L2ConnectedState CMD_GET_SUPPORTED_FEATURES uid=1000  rt=468315308/1955175349{ when=-1ms what=131133 target=com.android.internal.util.StateMachine$SmHandler } 0 0
10-23 09:15:10.667 D/WifiStateMachine( 1091):  ConnectModeState CMD_GET_SUPPORTED_FEATURES uid=1000  rt=468315308/1955175349{ when=-1ms what=131133 target=com.android.internal.util.StateMachine$SmHandler } 0 0
10-23 09:15:10.667 D/WifiStateMachine( 1091):  DriverStartedState CMD_GET_SUPPORTED_FEATURES uid=1000  rt=468315308/1955175349{ when=-1ms what=131133 target=com.android.internal.util.StateMachine$SmHandler } 0 0
10-23 09:15:10.667 D/WifiStateMachine( 1091):  SupplicantStartedState CMD_GET_SUPPORTED_FEATURES uid=1000  rt=468315308/1955175349{ when=-1ms what=131133 target=com.android.internal.util.StateMachine$SmHandler } 0 0
10-23 09:15:10.671 D/ActivityThread(12682): SVC-Calling onStartCommand: com.google.android.gms.chimera.PersistentDirectBootAwareApiService@9d1246b, flags=0, startId=51996
10-23 09:15:10.671 D/libc-netbsd( 6229): [getaddrinfo]: mtk hostname=www.googleapis.com; servname=(null); netid=0; mark=0
10-23 09:15:10.671 D/libc-netbsd( 6229): [getaddrinfo]: mtk ai_addrlen=0; ai_canonname=(null); ai_flags=4; ai_family=0
10-23 09:15:10.672 D/WifiStateMachine( 1091):  DefaultState CMD_GET_SUPPORTED_FEATURES uid=1000  rt=468315313/1955175354{ when=-6ms what=131133 target=com.android.internal.util.StateMachine$SmHandler } 0 0
10-23 09:15:10.674 D/SQLiteDatabase(12682): beginTransaction()
10-23 09:15:10.678 I/wind/AppLockService(30388): pid7210procState11
10-23 09:15:10.681 D/NativeCrypto( 6229): ssl=0xc7e59cc0 NativeCrypto_SSL_do_handshake fd=0xc6b631a0 shc=0xc6b631a4 timeout_millis=5000 client_mode=1 npn=0x0
10-23 09:15:10.681 D/NativeCrypto( 6229): doing handshake ++
10-23 09:15:10.681 D/NativeCrypto( 6229): ssl=0xc7e59cc0 info_callback where=0x10 ret=1
10-23 09:15:10.681 D/NativeCrypto( 6229): ssl=0xc7e59cc0 handshake start in CINIT  before connect initialization
10-23 09:15:10.681 D/NativeCrypto( 6229): ssl=0xc7e59cc0 info_callback calling handshakeCompleted
10-23 09:15:10.681 D/NativeCrypto( 6229): ssl=0xc7e59cc0 info_callback completed
10-23 09:15:10.681 D/NativeCrypto( 6229): ssl=0xc7e59cc0 info_callback where=0x1001 ret=1
10-23 09:15:10.681 D/NativeCrypto( 6229): ssl=0xc7e59cc0 SSL_connect:CINIT  before connect initialization
10-23 09:15:10.681 D/NativeCrypto( 6229): ssl=0xc7e59cc0 info_callback ignored
10-23 09:15:10.682 I/WifiHAL ( 1091): [WIFI HAL]wifi_get_supported_feature_set: handle=0x7a9ea19dc0, feature_set=0x101a
10-23 09:15:10.682 D/NativeCrypto( 6229): ssl=0xc7e59cc0 info_callback where=0x1001 ret=1
10-23 09:15:10.682 D/NativeCrypto( 6229): ssl=0xc7e59cc0 SSL_connect:3WCH_A SSLv3 write client hello A
10-23 09:15:10.682 D/NativeCrypto( 6229): ssl=0xc7e59cc0 info_callback ignored
10-23 09:15:10.682 D/NativeCrypto( 6229): ssl=0xc7e59cc0 info_callback where=0x1002 ret=-1
10-23 09:15:10.682 D/NativeCrypto( 6229): ssl=0xc7e59cc0 SSL_connect:error exit in 3RSH_A SSLv3 read server hello A
10-23 09:15:10.682 D/NativeCrypto( 6229): ssl=0xc7e59cc0 info_callback ignored
10-23 09:15:10.682 D/NativeCrypto( 6229): doing handshake -- ret=-1
10-23 09:15:10.682 D/NativeCrypto( 6229): ssl=0xc7e59cc0 NativeCrypto_SSL_do_handshake ret=-1 errno=11 sslError=2 timeout_millis=5000
10-23 09:15:10.684 E/BatteryStatsService( 1091): no controller energy info supplied
10-23 09:15:10.684 E/BatteryStatsService( 1091): no controller energy info supplied
10-23 09:15:10.687 D/SQLiteDatabase(12682): endTransaction()
10-23 09:15:10.688 D/SQLiteDatabase(12682): beginTransaction()
10-23 09:15:10.689 D/DisplayPowerController( 1091): requestPowerState: policy=OFF, useProximitySensor=false, screenBrightness=102, screenAutoBrightnessAdjustment=0.0, brightnessSetByUser=true, useAutoBrightness=false, blockScreenOn=false, lowPowerMode=false, boostScreenBrightness=false, dozeScreenBrightness=-1, dozeScreenState=UNKNOWN, useTwilight=false,autoModeScreenBrightness=255,autoModeManualOp=false, waitForNegativeProximity=false, changed=false
10-23 09:15:10.689 D/PowerManagerNotifier( 1091): onWakeLockAcquired: flags=1, tag="RILJ", packageName=com.android.phone, ownerUid=1001, ownerPid=1752, workSource=null
10-23 09:15:10.689 D/AppOps  ( 1091): startOperation: allowing code 40 uid 1001 package com.android.phone
10-23 09:15:10.691 D/SQLiteDatabase(12682): endTransaction()
10-23 09:15:10.718 D/PowerManagerNotifier( 1091): onWakeLockReleased: flags=1, tag="RILJ", packageName=com.android.phone, ownerUid=1001, ownerPid=1752, workSource=null
10-23 09:15:10.718 D/DisplayPowerController( 1091): requestPowerState: policy=OFF, useProximitySensor=false, screenBrightness=102, screenAutoBrightnessAdjustment=0.0, brightnessSetByUser=true, useAutoBrightness=false, blockScreenOn=false, lowPowerMode=false, boostScreenBrightness=false, dozeScreenBrightness=-1, dozeScreenState=UNKNOWN, useTwilight=false,autoModeScreenBrightness=255,autoModeManualOp=false, waitForNegativeProximity=false, changed=false
10-23 09:15:10.719 D/NativeCrypto( 6229): doing handshake ++
10-23 09:15:10.719 D/NativeCrypto( 6229): ssl=0xc7e59cc0 info_callback where=0x1001 ret=1
10-23 09:15:10.719 D/NativeCrypto( 6229): ssl=0xc7e59cc0 SSL_connect:3RSH_A SSLv3 read server hello A
10-23 09:15:10.719 D/NativeCrypto( 6229): ssl=0xc7e59cc0 info_callback ignored
10-23 09:15:10.720 D/NativeCrypto( 6229): ssl=0xc7e59cc0 info_callback where=0x1001 ret=1
10-23 09:15:10.720 D/NativeCrypto( 6229): ssl=0xc7e59cc0 SSL_connect:3RSC_A SSLv3 read server certificate A
10-23 09:15:10.720 D/NativeCrypto( 6229): ssl=0xc7e59cc0 info_callback ignored
10-23 09:15:10.720 E/NativeCrypto( 6229): ssl=0xc7e59cc0 cert_verify_callback x509_store_ctx=0xc6b6300c arg=0x0
10-23 09:15:10.721 E/KernelCpuSpeedReader( 1091): Failed to read cpu-freq: /sys/devices/system/cpu/cpu0/cpufreq/stats/time_in_state (No such file or directory)
10-23 09:15:10.722 E/NativeCrypto( 6229): ssl=0xc7e59cc0 cert_verify_callback calling verifyCertificateChain authMethod=ECDHE_ECDSA
10-23 09:15:10.722 D/libc-netbsd( 6229): [getaddrinfo]: mtk hostname=www.googleapis.com; servname=(null); netid=0; mark=0
10-23 09:15:10.722 D/libc-netbsd( 6229): [getaddrinfo]: mtk ai_addrlen=0; ai_canonname=(null); ai_flags=4; ai_family=0
10-23 09:15:10.746 D/NativeCrypto( 6229): ssl=0xc7e59cc0 cert_verify_callback => 1
10-23 09:15:10.746 D/NativeCrypto( 6229): ssl=0xc7e59cc0 info_callback where=0x1001 ret=1
10-23 09:15:10.746 D/NativeCrypto( 6229): ssl=0xc7e59cc0 SSL_connect:UNKWN  unknown state
10-23 09:15:10.746 D/NativeCrypto( 6229): ssl=0xc7e59cc0 info_callback ignored
10-23 09:15:10.752 D/NativeCrypto( 6229): ssl=0xc7e59cc0 info_callback where=0x1001 ret=1
10-23 09:15:10.752 D/NativeCrypto( 6229): ssl=0xc7e59cc0 SSL_connect:3RSKEA SSLv3 read server key exchange A
10-23 09:15:10.752 D/NativeCrypto( 6229): ssl=0xc7e59cc0 info_callback ignored
10-23 09:15:10.752 D/NativeCrypto( 6229): ssl=0xc7e59cc0 info_callback where=0x1001 ret=1
10-23 09:15:10.752 D/NativeCrypto( 6229): ssl=0xc7e59cc0 SSL_connect:3RSD_A SSLv3 read server done A
10-23 09:15:10.752 D/NativeCrypto( 6229): ssl=0xc7e59cc0 info_callback ignored
10-23 09:15:10.754 I/art     ( 7210): Starting a blocking GC AddRemoveAppImageSpace
10-23 09:15:10.761 D/NativeCrypto( 6229): ssl=0xc7e59cc0 info_callback where=0x1001 ret=1
10-23 09:15:10.761 D/NativeCrypto( 6229): ssl=0xc7e59cc0 SSL_connect:3WCKEA SSLv3 write client key exchange A
10-23 09:15:10.761 D/NativeCrypto( 6229): ssl=0xc7e59cc0 info_callback ignored
10-23 09:15:10.761 D/NativeCrypto( 6229): ssl=0xc7e59cc0 info_callback where=0x1001 ret=1
10-23 09:15:10.761 D/NativeCrypto( 6229): ssl=0xc7e59cc0 SSL_connect:3WCCSA SSLv3 write change cipher spec A
10-23 09:15:10.761 D/NativeCrypto( 6229): ssl=0xc7e59cc0 info_callback ignored
10-23 09:15:10.761 D/NativeCrypto( 6229): ssl=0xc7e59cc0 info_callback where=0x1001 ret=1
10-23 09:15:10.761 D/NativeCrypto( 6229): ssl=0xc7e59cc0 SSL_connect:3WFINA SSLv3 write finished A
10-23 09:15:10.761 D/NativeCrypto( 6229): ssl=0xc7e59cc0 info_callback ignored
10-23 09:15:10.761 D/NativeCrypto( 6229): ssl=0xc7e59cc0 info_callback where=0x1001 ret=1
10-23 09:15:10.761 D/NativeCrypto( 6229): ssl=0xc7e59cc0 SSL_connect:3FLUSH SSLv3 flush data
10-23 09:15:10.761 D/NativeCrypto( 6229): ssl=0xc7e59cc0 info_callback ignored
10-23 09:15:10.761 D/NativeCrypto( 6229): ssl=0xc7e59cc0 info_callback where=0x1002 ret=-1
10-23 09:15:10.761 D/NativeCrypto( 6229): ssl=0xc7e59cc0 SSL_connect:error exit in 3RCCS_ SSLv3 read change cipher spec
10-23 09:15:10.761 D/NativeCrypto( 6229): ssl=0xc7e59cc0 info_callback ignored
10-23 09:15:10.761 D/NativeCrypto( 6229): doing handshake -- ret=-1
10-23 09:15:10.761 D/NativeCrypto( 6229): ssl=0xc7e59cc0 NativeCrypto_SSL_do_handshake ret=-1 errno=11 sslError=2 timeout_millis=5000
10-23 09:15:10.764 W/System  ( 7210): ClassLoader referenced unknown path: /data/app/com.google.android.gm-2/lib/arm64
10-23 09:15:10.787 D/NativeCrypto( 6229): doing handshake ++
10-23 09:15:10.787 D/NativeCrypto( 6229): ssl=0xc7e59cc0 info_callback where=0x1001 ret=1
10-23 09:15:10.787 D/NativeCrypto( 6229): ssl=0xc7e59cc0 SSL_connect:3RCCS_ SSLv3 read change cipher spec
10-23 09:15:10.787 D/NativeCrypto( 6229): ssl=0xc7e59cc0 info_callback ignored
10-23 09:15:10.788 D/NativeCrypto( 6229): ssl=0xc7e59cc0 info_callback where=0x1001 ret=1
10-23 09:15:10.788 D/NativeCrypto( 6229): ssl=0xc7e59cc0 SSL_connect:3RFINA SSLv3 read finished A
10-23 09:15:10.788 D/NativeCrypto( 6229): ssl=0xc7e59cc0 info_callback ignored
10-23 09:15:10.788 D/NativeCrypto( 6229): ssl=0xc7e59cc0 info_callback where=0x20 ret=1
10-23 09:15:10.788 D/NativeCrypto( 6229): ssl=0xc7e59cc0 handshake done in SSLOK  SSL negotiation finished successfully
10-23 09:15:10.788 D/NativeCrypto( 6229): ssl=0xc7e59cc0 info_callback calling handshakeCompleted
10-23 09:15:10.788 D/NativeCrypto( 6229): ssl=0xc7e59cc0 info_callback completed
10-23 09:15:10.788 D/NativeCrypto( 6229): ssl=0xc7e59cc0 info_callback where=0x1002 ret=1
10-23 09:15:10.788 D/NativeCrypto( 6229): ssl=0xc7e59cc0 SSL_connect:ok exit in SSLOK  SSL negotiation finished successfully
10-23 09:15:10.788 D/NativeCrypto( 6229): ssl=0xc7e59cc0 info_callback ignored
10-23 09:15:10.788 D/NativeCrypto( 6229): doing handshake -- ret=1
10-23 09:15:10.788 D/NativeCrypto( 6229): ssl=0xc7e59cc0 NativeCrypto_SSL_get_certificate => NULL
10-23 09:15:10.789 I/System.out( 6229): gba_cipher_suite:TLS_ECDHE_ECDSA_WITH_AES_128_GCM_SHA256
10-23 09:15:10.791 I/System.out( 6229): buffer size:8192
10-23 09:15:10.792 I/System.out( 6229): rxBufferSize size:
10-23 09:15:10.809 I/RequestAddCookies( 6229): Cookie store not available in HTTP context
10-23 09:15:10.810 I/System.out( 6229): >doSendRequest
10-23 09:15:10.811 I/System.out( 6229): <doSendRequest
10-23 09:15:10.844 I/art     ( 7210): Starting a blocking GC HeapTrim
10-23 09:15:10.967 I/art     ( 1091): Background partial concurrent mark sweep GC freed 117792(4MB) AllocSpace objects, 27(1276KB) LOS objects, 5% free, 64MB/68MB, paused 2.036ms total 162.232ms
10-23 09:15:11.109 D/RemoteViewsAdapter( 2190): sUnbindServiceMessageType
10-23 09:15:11.109 D/RemoteViewsAdapter( 2190): mServiceConnection.unbind
10-23 09:15:11.111 I/AppWidgetServiceImpl( 1091): unbindRemoteViewsService() 0
10-23 09:15:11.114 I/AppWidgetServiceImpl( 1091): disconnect
10-23 09:15:11.116 I/System.out( 6229): <doReceiveResponse
10-23 09:15:11.118 I/ResponseProcessCookies( 6229): Cookie store not available in HTTP context
10-23 09:15:11.132 D/SQLiteDatabase( 6229): beginTransaction()
10-23 09:15:11.142 E/RemoteViewsAdapterServiceConnection( 2190): onServiceDisconnected 
10-23 09:15:11.142 V/ActivityThread( 6905): SVC-Destroying service com.android.alarmclock.DigitalAppWidgetService@f04bce8
10-23 09:15:11.143 I/wind/AppLockService(30388): pid6905procState10
10-23 09:15:11.147 I/ActivityManager( 1091): Killing 6480:com.google.android.apps.maps/u0a53 (adj 906): empty #17
10-23 09:15:11.149 I/wind/AppLockService(30388): pid6905procState16
10-23 09:15:11.149 I/wind/AppLockService(30388): pid30889procState11
10-23 09:15:11.154 D/SQLiteDatabase( 6229): endTransaction()
10-23 09:15:11.172 W/PackageManager( 1091): checkUidPermission(): android.permission.GET_ACCOUNTS of 10020 is denied.
10-23 09:15:11.174 W/PackageManager( 1091): checkUidPermission(): android.permission.GET_ACCOUNTS of 10020 is denied.
10-23 09:15:11.183 D/SQLiteDatabase( 6229): beginTransaction()
10-23 09:15:11.199 D/SQLiteDatabase( 6229): endTransaction()
10-23 09:15:11.214 W/PackageManager( 1091): checkUidPermission(): android.permission.GET_ACCOUNTS of 10045 is denied.
10-23 09:15:11.214 W/PackageManager( 1091): checkUidPermission(): android.permission.GET_ACCOUNTS_PRIVILEGED of 10045 is denied.
10-23 09:15:11.218 I/System.out( 6229): isEmailSend:POST
10-23 09:15:11.218 I/System.out( 6229): getAllHeaders:POST
10-23 09:15:11.218 I/System.out( 6229): test:Authorization:Bearer ya29.GooBPwbuTccLVl5NA1tjxV8FP_CQmyYihzE9BB41MI6N2SRWSpbr11FUh2Vnd_LrdaZ7HzC00T7-zJzxra4HykdwXslBa7ivBBoWRyAkMnnsLcAbnH5tVoPFw8qzMmDrnMoJdYpJmEM66tExw99qdxvjo16CPpnOfBIQtfjjKlngwsmqReqxo2uHRxSW
10-23 09:15:11.218 I/System.out( 6229): httpHeader:Content-Type: application/x-protobuf
10-23 09:15:11.218 D/ActivityThread( 7210): Loading provider com.google.android.gm.sapi: com.google.android.gm.sapi.SapiUiProvider
10-23 09:15:11.222 I/RequestAddCookies( 6229): Cookie store not available in HTTP context
10-23 09:15:11.223 I/System.out( 6229): >doSendRequest
10-23 09:15:11.224 I/System.out( 6229): <doSendRequest
10-23 09:15:11.238 D/SQLiteDatabase( 7210): Db file is deleted
10-23 09:15:11.238 D/SQLiteDatabase( 7210): java.lang.Throwable: stacktrace
10-23 09:15:11.238 D/SQLiteDatabase( 7210): 	at android.database.sqlite.SQLiteDatabase.deleteDatabase(SQLiteDatabase.java:777)
10-23 09:15:11.238 D/SQLiteDatabase( 7210): 	at android.app.ContextImpl.deleteDatabase(ContextImpl.java:683)
10-23 09:15:11.238 D/SQLiteDatabase( 7210): 	at android.content.ContextWrapper.deleteDatabase(ContextWrapper.java:299)
10-23 09:15:11.238 D/SQLiteDatabase( 7210): 	at gky.a(SourceFile:9)
10-23 09:15:11.238 D/SQLiteDatabase( 7210): 	at glg.f(SourceFile:2)
10-23 09:15:11.238 D/SQLiteDatabase( 7210): 	at gkp.k(SourceFile:8)
10-23 09:15:11.238 D/SQLiteDatabase( 7210): 	at gks.a(Unknown Source)
10-23 09:15:11.238 D/SQLiteDatabase( 7210): 	at xtv.a(SourceFile:2)
10-23 09:15:11.238 D/SQLiteDatabase( 7210): 	at xtd.run(SourceFile)
10-23 09:15:11.238 D/SQLiteDatabase( 7210): 	at java.util.concurrent.ThreadPoolExecutor.runWorker(ThreadPoolExecutor.java:1133)
10-23 09:15:11.238 D/SQLiteDatabase( 7210): 	at java.util.concurrent.ThreadPoolExecutor$Worker.run(ThreadPoolExecutor.java:607)
10-23 09:15:11.238 D/SQLiteDatabase( 7210): 	at java.lang.Thread.run(Thread.java:761)
10-23 09:15:11.242 D/SQLiteDatabase( 7210): Db file is deleted
10-23 09:15:11.242 D/SQLiteDatabase( 7210): java.lang.Throwable: stacktrace
10-23 09:15:11.242 D/SQLiteDatabase( 7210): 	at android.database.sqlite.SQLiteDatabase.deleteDatabase(SQLiteDatabase.java:777)
10-23 09:15:11.242 D/SQLiteDatabase( 7210): 	at android.app.ContextImpl.deleteDatabase(ContextImpl.java:683)
10-23 09:15:11.242 D/SQLiteDatabase( 7210): 	at android.content.ContextWrapper.deleteDatabase(ContextWrapper.java:299)
10-23 09:15:11.242 D/SQLiteDatabase( 7210): 	at gky.a(SourceFile:9)
10-23 09:15:11.242 D/SQLiteDatabase( 7210): 	at glf.b(SourceFile:2)
10-23 09:15:11.242 D/SQLiteDatabase( 7210): 	at gkp.k(SourceFile:12)
10-23 09:15:11.242 D/SQLiteDatabase( 7210): 	at gks.a(Unknown Source)
10-23 09:15:11.242 D/SQLiteDatabase( 7210): 	at xtv.a(SourceFile:2)
10-23 09:15:11.242 D/SQLiteDatabase( 7210): 	at xtd.run(SourceFile)
10-23 09:15:11.242 D/SQLiteDatabase( 7210): 	at java.util.concurrent.ThreadPoolExecutor.runWorker(ThreadPoolExecutor.java:1133)
10-23 09:15:11.242 D/SQLiteDatabase( 7210): 	at java.util.concurrent.ThreadPoolExecutor$Worker.run(ThreadPoolExecutor.java:607)
10-23 09:15:11.242 D/SQLiteDatabase( 7210): 	at java.lang.Thread.run(Thread.java:761)
10-23 09:15:11.252 V/ActivityManager( 1091): Broadcast: Intent { act=com.android.mail.ACTION_NOTIFY_DATASET_CHANGED typ=application/gm-email-ls flg=0x10 pkg=com.google.android.gm (has extras) } ordered=false userid=0 callerApp=ProcessRecord{d9f45a1 7210:com.google.android.gm/u0a45}
10-23 09:15:11.270 D/MPlugin ( 7210): com.mediatek.common.telephony.IOnlyOwnerSimSupportClazz exists on mapping table : false
10-23 09:15:11.270 E/MPlugin ( 7210): Unsupported class: com.mediatek.common.telephony.IOnlyOwnerSimSupport
10-23 09:15:11.271 D/ConnectivityService( 1091): ConnectivityService NetworkRequestInfo binderDied(NetworkRequest [ id=1067, legacyType=-1, [ Capabilities: INTERNET&NOT_RESTRICTED&TRUSTED] ], android.os.BinderProxy@f5f9eb4)
10-23 09:15:11.271 D/DisplayManagerService( 1091): Display listener for pid 6480 died.
10-23 09:15:11.272 D/ConnectivityService( 1091): releasing NetworkRequest NetworkRequest [ id=1067, legacyType=-1, [ Capabilities: INTERNET&NOT_RESTRICTED&TRUSTED] ]
10-23 09:15:11.274 D/ActivityManager( 1091): handleAppDiedLocked: app = ProcessRecord{d990bd1 6480:com.google.android.apps.maps/u0a53}, app.pid = 6480
10-23 09:15:11.274 D/ActivityManager( 1091): cleanUpApplicationRecord -- 6480
10-23 09:15:11.280 V/ActivityManager( 1091): Broadcast: Intent { act=com.google.android.gm.intent.ACTION_PROVIDER_CREATED flg=0x10 pkg=com.google.android.gm } ordered=false userid=0 callerApp=ProcessRecord{d9f45a1 7210:com.google.android.gm/u0a45}
10-23 09:15:11.280 W/ContextImpl(27704): Calling a method in the system process without a qualified user: android.app.ContextImpl.sendBroadcast:889 android.content.ContextWrapper.sendBroadcast:421 com.ads.capacity.a.a:-1 com.ads.capacity.a.a:-1 com.ads.capacity.c.handleMessage:-1 
10-23 09:15:11.282 V/ActivityManager( 1091): Broadcast: Intent { act=pkg_die_broadcast_flag flg=0x10 (has extras) } ordered=false userid=0 callerApp=ProcessRecord{c2e7484 27704:com.redstone.ota.ui/1000}
10-23 09:15:11.282 E/ConnectivityService( 1091): RemoteException caught trying to send a callback msg for NetworkRequest [ id=1067, legacyType=-1, [ Capabilities: INTERNET&NOT_RESTRICTED&TRUSTED] ]
10-23 09:15:11.283 E/ActivityManager( 1091): Sending non-protected broadcast pkg_die_broadcast_flag from system 27704:com.redstone.ota.ui/1000 pkg com.redstone.ota.ui
10-23 09:15:11.283 E/ActivityManager( 1091): java.lang.Throwable
10-23 09:15:11.283 E/ActivityManager( 1091): 	at com.android.server.am.ActivityManagerService.broadcastIntentLocked(ActivityManagerService.java:18716)
10-23 09:15:11.283 E/ActivityManager( 1091): 	at com.android.server.am.ActivityManagerService.broadcastIntent(ActivityManagerService.java:19337)
10-23 09:15:11.283 E/ActivityManager( 1091): 	at android.app.ActivityManagerNative.onTransact(ActivityManagerNative.java:501)
10-23 09:15:11.283 E/ActivityManager( 1091): 	at com.android.server.am.ActivityManagerService.onTransact(ActivityManagerService.java:2936)
10-23 09:15:11.283 E/ActivityManager( 1091): 	at android.os.Binder.execTransact(Binder.java:570)
10-23 09:15:11.305 D/AES     ( 1091): onEndOfErrorDumpThread: system_server_wtf Process: system_server
10-23 09:15:11.305 D/AES     ( 1091): Subject: ActivityManager
10-23 09:15:11.305 D/AES     ( 1091): Build: Gigaset/GS270/Gigaset_GS270:7.0/NRD90M/1525786045:user/release-keys
10-23 09:15:11.305 D/AES     ( 1091): 
10-23 09:15:11.305 D/AES     ( 1091): android.util.Log$TerribleFailure: Sending non-protected broadcast pkg_die_broadcast_flag from system 27704:com.redstone.ota.ui/1000 pkg com.redstone.ota.ui
10-23 09:15:11.305 D/AES     ( 1091): 	at android.util.Log.wtf(Log.java:295)
10-23 09:15:11.305 D/AES     ( 1091): 	at android.util.Log.wtf(Log.java:290)
10-23 09:15:11.305 D/AES     ( 1091): 	at com.android.server.am.ActivityManagerService.broadcastIntentLocked(ActivityManagerService.java:18714)
10-23 09:15:11.305 D/AES     ( 1091): 	at com.android.server.am.ActivityManagerService.broadcastIntent(ActivityManagerService.java:19337)
10-23 09:15:11.305 D/AES     ( 1091): 	at android.app.ActivityManagerNative.onTransact(ActivityManagerNative.java:501)
10-23 09:15:11.305 D/AES     ( 1091): 	at com.android.server.am.ActivityManagerService.onTransact(ActivityManagerService.java:2936)
10-23 09:15:11.305 D/AES     ( 1091): 	at android.os.Binder.execTransact(Binder.java:570)
10-23 09:15:11.305 D/AES     ( 1091): Caused by: java.lang.Throwable
10-23 09:15:11.305 D/AES     ( 1091): 	at com.android.server.am.ActivityManagerService.broadcastIntentLocked(ActivityManagerService.java:18716)
10-23 09:15:11.305 D/AES     ( 1091): 	... 4 more
10-23 09:15:11.305 D/AES     ( 1091):  1091
10-23 09:15:11.306 W/AES     ( 1091): Exception Log handling...
10-23 09:15:11.308 V/ActivityManager( 1091): Broadcast: Intent { act=android.intent.action.DROPBOX_ENTRY_ADDED flg=0x10 (has extras) } ordered=false userid=0 callerApp=ProcessRecord{80e9be 1091:system/1000}
10-23 09:15:11.335 W/PackageManager( 1091): checkUidPermission(): android.permission.WRITE_EXTERNAL_STORAGE of 10045 is denied.
10-23 09:15:11.337 V/ActivityThread(12682): SVC-Destroying service com.google.android.gms.auth.account.be.legacy.GoogleAccountDataService@a9fcdb6
10-23 09:15:11.353 V/ActivityThread(12682): SVC-Destroying service com.google.android.gms.gcm.http.GoogleHttpService@77c3ab7
